Component: ARM Compiler 5.06 update 5 (build 528) Tool: armlink [4d35e2]

==============================================================================

Section Cross References

    startup_stm32f103xb.o(STACK) refers (Special) to heapauxi.o(.text) for __use_two_region_memory
    startup_stm32f103xb.o(HEAP) refers (Special) to heapauxi.o(.text) for __use_two_region_memory
    startup_stm32f103xb.o(RESET) refers (Special) to heapauxi.o(.text) for __use_two_region_memory
    startup_stm32f103xb.o(RESET) refers to startup_stm32f103xb.o(STACK) for __initial_sp
    startup_stm32f103xb.o(RESET) refers to startup_stm32f103xb.o(.text) for Reset_Handler
    startup_stm32f103xb.o(RESET) refers to stm32f1xx_it.o(i.NMI_Handler) for NMI_Handler
    startup_stm32f103xb.o(RESET) refers to stm32f1xx_it.o(i.HardFault_Handler) for HardFault_Handler
    startup_stm32f103xb.o(RESET) refers to stm32f1xx_it.o(i.MemManage_Handler) for MemManage_Handler
    startup_stm32f103xb.o(RESET) refers to stm32f1xx_it.o(i.BusFault_Handler) for BusFault_Handler
    startup_stm32f103xb.o(RESET) refers to stm32f1xx_it.o(i.UsageFault_Handler) for UsageFault_Handler
    startup_stm32f103xb.o(RESET) refers to port.o(.emb_text) for SVC_Handler
    startup_stm32f103xb.o(RESET) refers to stm32f1xx_it.o(i.DebugMon_Handler) for DebugMon_Handler
    startup_stm32f103xb.o(RESET) refers to stm32f1xx_it.o(i.SysTick_Handler) for SysTick_Handler
    startup_stm32f103xb.o(RESET) refers to stm32f1xx_it.o(i.EXTI2_IRQHandler) for EXTI2_IRQHandler
    startup_stm32f103xb.o(RESET) refers to stm32f1xx_it.o(i.EXTI9_5_IRQHandler) for EXTI9_5_IRQHandler
    startup_stm32f103xb.o(RESET) refers to stm32f1xx_it.o(i.TIM3_IRQHandler) for TIM3_IRQHandler
    startup_stm32f103xb.o(RESET) refers to stm32f1xx_it.o(i.USART3_IRQHandler) for USART3_IRQHandler
    startup_stm32f103xb.o(.text) refers (Special) to heapauxi.o(.text) for __use_two_region_memory
    startup_stm32f103xb.o(.text) refers to system_stm32f1xx.o(i.SystemInit) for SystemInit
    startup_stm32f103xb.o(.text) refers to __main.o(!!!main) for __main
    startup_stm32f103xb.o(.text) refers to startup_stm32f103xb.o(HEAP) for Heap_Mem
    startup_stm32f103xb.o(.text) refers to startup_stm32f103xb.o(STACK) for Stack_Mem
    oled.o(i.OLED_Clear) refers to oled.o(i.OLED_WR_CMD) for OLED_WR_CMD
    oled.o(i.OLED_Clear) refers to oled.o(i.OLED_WR_DATA) for OLED_WR_DATA
    oled.o(i.OLED_Display_Off) refers to oled.o(i.OLED_WR_CMD) for OLED_WR_CMD
    oled.o(i.OLED_Display_On) refers to oled.o(i.OLED_WR_CMD) for OLED_WR_CMD
    oled.o(i.OLED_Init) refers to stm32f1xx_hal.o(i.HAL_Delay) for HAL_Delay
    oled.o(i.OLED_Init) refers to oled.o(i.WriteCmd) for WriteCmd
    oled.o(i.OLED_On) refers to oled.o(i.OLED_WR_CMD) for OLED_WR_CMD
    oled.o(i.OLED_On) refers to oled.o(i.OLED_WR_DATA) for OLED_WR_DATA
    oled.o(i.OLED_Set_Pos) refers to oled.o(i.OLED_WR_CMD) for OLED_WR_CMD
    oled.o(i.OLED_ShowCHinese) refers to oled.o(i.OLED_Set_Pos) for OLED_Set_Pos
    oled.o(i.OLED_ShowCHinese) refers to oled.o(i.OLED_WR_DATA) for OLED_WR_DATA
    oled.o(i.OLED_ShowCHinese) refers to oled.o(.constdata) for .constdata
    oled.o(i.OLED_ShowChar) refers to oled.o(i.OLED_Set_Pos) for OLED_Set_Pos
    oled.o(i.OLED_ShowChar) refers to oled.o(i.OLED_WR_DATA) for OLED_WR_DATA
    oled.o(i.OLED_ShowChar) refers to oled.o(.constdata) for .constdata
    oled.o(i.OLED_ShowNum) refers to oled.o(i.oled_pow) for oled_pow
    oled.o(i.OLED_ShowNum) refers to oled.o(i.OLED_ShowChar) for OLED_ShowChar
    oled.o(i.OLED_ShowString) refers to oled.o(i.OLED_ShowChar) for OLED_ShowChar
    oled.o(i.OLED_WR_CMD) refers to stm32f1xx_hal_i2c.o(i.HAL_I2C_Mem_Write) for HAL_I2C_Mem_Write
    oled.o(i.OLED_WR_CMD) refers to i2c.o(.bss) for hi2c1
    oled.o(i.OLED_WR_DATA) refers to stm32f1xx_hal_i2c.o(i.HAL_I2C_Mem_Write) for HAL_I2C_Mem_Write
    oled.o(i.OLED_WR_DATA) refers to i2c.o(.bss) for hi2c1
    oled.o(i.WriteCmd) refers to stm32f1xx_hal_i2c.o(i.HAL_I2C_Mem_Write) for HAL_I2C_Mem_Write
    oled.o(i.WriteCmd) refers to oled.o(.data) for .data
    oled.o(i.WriteCmd) refers to i2c.o(.bss) for hi2c1
    iic.o(i.IIC_Ack) refers to stm32f1xx_hal_gpio.o(i.HAL_GPIO_WritePin) for HAL_GPIO_WritePin
    iic.o(i.IIC_Ack) refers to iic.o(i.IIC_Delay) for IIC_Delay
    iic.o(i.IIC_CheckDevice) refers to iic.o(i.IIC_GPIO_Init) for IIC_GPIO_Init
    iic.o(i.IIC_CheckDevice) refers to iic.o(i.IIC_Start) for IIC_Start
    iic.o(i.IIC_CheckDevice) refers to iic.o(i.IIC_Send_Byte) for IIC_Send_Byte
    iic.o(i.IIC_CheckDevice) refers to iic.o(i.IIC_Wait_Ack) for IIC_Wait_Ack
    iic.o(i.IIC_CheckDevice) refers to iic.o(i.IIC_Stop) for IIC_Stop
    iic.o(i.IIC_GPIO_Init) refers to stm32f1xx_hal_gpio.o(i.HAL_GPIO_Init) for HAL_GPIO_Init
    iic.o(i.IIC_GPIO_Init) refers to iic.o(i.IIC_Stop) for IIC_Stop
    iic.o(i.IIC_NAck) refers to stm32f1xx_hal_gpio.o(i.HAL_GPIO_WritePin) for HAL_GPIO_WritePin
    iic.o(i.IIC_NAck) refers to iic.o(i.IIC_Delay) for IIC_Delay
[...]
    _printf_int_common                       0x08000775   Thumb Code   178  _printf_intcommon.o(.text)
    __lib_sel_fp_printf                      0x08000827   Thumb Code     2  _printf_fp_dec.o(.text)
    _printf_fp_dec_real                      0x080009d9   Thumb Code   620  _printf_fp_dec.o(.text)
    _printf_char_common                      0x08000c4f   Thumb Code    32  _printf_char_common.o(.text)
    _sputc                                   0x08000c75   Thumb Code    10  _sputc.o(.text)
    __aeabi_memcpy4                          0x08000c7f   Thumb Code     0  rt_memcpy_w.o(.text)
    __aeabi_memcpy8                          0x08000c7f   Thumb Code     0  rt_memcpy_w.o(.text)
    __rt_memcpy_w                            0x08000c7f   Thumb Code   100  rt_memcpy_w.o(.text)
    _memcpy_lastbytes_aligned                0x08000cc7   Thumb Code     0  rt_memcpy_w.o(.text)
    __rt_locale                              0x08000ce5   Thumb Code     8  rt_locale_intlibspace.o(.text)
    __aeabi_errno_addr                       0x08000ced   Thumb Code     8  rt_errno_addr_intlibspace.o(.text)
    __errno$intlibspace                      0x08000ced   Thumb Code     0  rt_errno_addr_intlibspace.o(.text)
    __rt_errno_addr$intlibspace              0x08000ced   Thumb Code     0  rt_errno_addr_intlibspace.o(.text)
    _ll_udiv10                               0x08000cf5   Thumb Code   138  lludiv10.o(.text)
    _printf_fp_infnan                        0x08000d81   Thumb Code   112  _printf_fp_infnan.o(.text)
    _btod_etento                             0x08000e01   Thumb Code   224  bigflt0.o(.text)
    __user_libspace                          0x08000ee5   Thumb Code     8  libspace.o(.text)
    __user_perproc_libspace                  0x08000ee5   Thumb Code     0  libspace.o(.text)
    __user_perthread_libspace                0x08000ee5   Thumb Code     0  libspace.o(.text)
    __user_setup_stackheap                   0x08000eed   Thumb Code    74  sys_stackheap_outer.o(.text)
    exit                                     0x08000f37   Thumb Code    18  exit.o(.text)
    strcmp                                   0x08000f49   Thumb Code   128  strcmpv7m.o(.text)
    _sys_exit                                0x08000fc9   Thumb Code     8  sys_exit.o(.text)
    __I$use$semihosting                      0x08000fd5   Thumb Code     0  use_no_semi.o(.text)
    __use_no_semihosting_swi                 0x08000fd5   Thumb Code     2  use_no_semi.o(.text)
    __semihosting_library_function           0x08000fd7   Thumb Code     0  indicate_semi.o(.text)
    _btod_d2e                                0x08000fd7   Thumb Code    62  btod.o(CL$$btod_d2e)
    _d2e_denorm_low                          0x08001015   Thumb Code    70  btod.o(CL$$btod_d2e_denorm_low)
    _d2e_norm_op1                            0x0800105b   Thumb Code    96  btod.o(CL$$btod_d2e_norm_op1)
    __btod_div_common                        0x080010bb   Thumb Code   696  btod.o(CL$$btod_div_common)
    _e2e                                     0x080013f3   Thumb Code   220  btod.o(CL$$btod_e2e)
    _btod_ediv                               0x080014cf   Thumb Code    42  btod.o(CL$$btod_ediv)
    _btod_emul                               0x080014f9   Thumb Code    42  btod.o(CL$$btod_emul)
    __btod_mult_common                       0x08001523   Thumb Code   580  btod.o(CL$$btod_mult_common)
    App_FreeRTOS_Init                        0x08001769   Thumb Code   110  app_freertos.o(i.App_FreeRTOS_Init)
    BusFault_Handler                         0x08001811   Thumb Code     2  stm32f1xx_it.o(i.BusFault_Handler)
    Control                                  0x08001815   Thumb Code   300  pid.o(i.Control)
    DebugMon_Handler                         0x08001969   Thumb Code     2  stm32f1xx_it.o(i.DebugMon_Handler)
    EXTI2_IRQHandler                         0x0800196b   Thumb Code     6  stm32f1xx_it.o(i.EXTI2_IRQHandler)
    EXTI9_5_IRQHandler                       0x08001971   Thumb Code     6  stm32f1xx_it.o(i.EXTI9_5_IRQHandler)
    Error_Handler                            0x08001977   Thumb Code     4  main.o(i.Error_Handler)
    GET_Distance                             0x0800197d   Thumb Code    34  sr04.o(i.GET_Distance)
    HAL_DMA_Abort                            0x080019a5   Thumb Code    70  stm32f1xx_hal_dma.o(i.HAL_DMA_Abort)
    HAL_DMA_Abort_IT                         0x080019ed   Thumb Code   148  stm32f1xx_hal_dma.o(i.HAL_DMA_Abort_IT)
    HAL_Delay                                0x08001a85   Thumb Code    32  stm32f1xx_hal.o(i.HAL_Delay)
    HAL_GPIO_EXTI_Callback                   0x08001aa9   Thumb Code    84  sr04.o(i.HAL_GPIO_EXTI_Callback)
    HAL_GPIO_EXTI_IRQHandler                 0x08001b11   Thumb Code    18  stm32f1xx_hal_gpio.o(i.HAL_GPIO_EXTI_IRQHandler)
    HAL_GPIO_Init                            0x08001b29   Thumb Code   446  stm32f1xx_hal_gpio.o(i.HAL_GPIO_Init)
    HAL_GPIO_ReadPin                         0x08001d09   Thumb Code    10  stm32f1xx_hal_gpio.o(i.HAL_GPIO_ReadPin)
    HAL_GPIO_WritePin                        0x08001d13   Thumb Code    10  stm32f1xx_hal_gpio.o(i.HAL_GPIO_WritePin)
    HAL_GetTick                              0x08001d1d   Thumb Code     6  stm32f1xx_hal.o(i.HAL_GetTick)
    HAL_I2C_Init                             0x08001d29   Thumb Code   376  stm32f1xx_hal_i2c.o(i.HAL_I2C_Init)
    HAL_I2C_Mem_Write                        0x08001eb1   Thumb Code   294  stm32f1xx_hal_i2c.o(i.HAL_I2C_Mem_Write)
    HAL_I2C_MspInit                          0x08001fe1   Thumb Code    96  i2c.o(i.HAL_I2C_MspInit)
    HAL_IncTick                              0x08002051   Thumb Code    12  stm32f1xx_hal.o(i.HAL_IncTick)
    HAL_Init                                 0x08002061   Thumb Code    32  stm32f1xx_hal.o(i.HAL_Init)
    HAL_InitTick                             0x08002085   Thumb Code    54  stm32f1xx_hal.o(i.HAL_InitTick)
    HAL_MspInit                              0x080020c5   Thumb Code    52  stm32f1xx_hal_msp.o(i.HAL_MspInit)
    HAL_NVIC_EnableIRQ                       0x08002101   Thumb Code    26  stm32f1xx_hal_cortex.o(i.HAL_NVIC_EnableIRQ)
    HAL_NVIC_SetPriority                     0x0800211d   Thumb Code    60  stm32f1xx_hal_cortex.o(i.HAL_NVIC_SetPriority)
    HAL_NVIC_SetPriorityGrouping             0x0800215d   Thumb Code    26  stm32f1xx_hal_cortex.o(i.HAL_NVIC_SetPriorityGrouping)
    HAL_RCC_ClockConfig                      0x08002181   Thumb Code   280  stm32f1xx_hal_rcc.o(i.HAL_RCC_ClockConfig)
    HAL_RCC_GetPCLK1Freq                     0x080022ad   Thumb Code    20  stm32f1xx_hal_rcc.o(i.HAL_RCC_GetPCLK1Freq)
    HAL_RCC_GetPCLK2Freq                     0x080022cd   Thumb Code    20  stm32f1xx_hal_rcc.o(i.HAL_RCC_GetPCLK2Freq)
    HAL_RCC_GetSysClockFreq                  0x080022ed   Thumb Code    58  stm32f1xx_hal_rcc.o(i.HAL_RCC_GetSysClockFreq)
    HAL_RCC_OscConfig                        0x08002339   Thumb Code   778  stm32f1xx_hal_rcc.o(i.HAL_RCC_OscConfig)
    HAL_SYSTICK_Config                       0x08002659   Thumb Code    40  stm32f1xx_hal_cortex.o(i.HAL_SYSTICK_Config)
    HAL_TIMEx_BreakCallback                  0x08002681   Thumb Code     2  stm32f1xx_hal_tim_ex.o(i.HAL_TIMEx_BreakCallback)
    HAL_TIMEx_CommutCallback                 0x08002683   Thumb Code     2  stm32f1xx_hal_tim_ex.o(i.HAL_TIMEx_CommutCallback)
    HAL_TIMEx_ConfigBreakDeadTime            0x08002685   Thumb Code    84  stm32f1xx_hal_tim_ex.o(i.HAL_TIMEx_ConfigBreakDeadTime)
    HAL_TIMEx_MasterConfigSynchronization    0x080026d9   Thumb Code    92  stm32f1xx_hal_tim_ex.o(i.HAL_TIMEx_MasterConfigSynchronization)
    HAL_TIM_Base_Init                        0x08002741   Thumb Code    90  stm32f1xx_hal_tim.o(i.HAL_TIM_Base_Init)
    HAL_TIM_Base_MspInit                     0x0800279d   Thumb Code    50  tim.o(i.HAL_TIM_Base_MspInit)
    HAL_TIM_Base_Start                       0x080027d9   Thumb Code    66  stm32f1xx_hal_tim.o(i.HAL_TIM_Base_Start)
    HAL_TIM_Base_Stop                        0x08002829   Thumb Code    38  stm32f1xx_hal_tim.o(i.HAL_TIM_Base_Stop)
    HAL_TIM_ConfigClockSource                0x0800284f   Thumb Code   220  stm32f1xx_hal_tim.o(i.HAL_TIM_ConfigClockSource)
    HAL_TIM_Encoder_Init                     0x0800292b   Thumb Code   164  stm32f1xx_hal_tim.o(i.HAL_TIM_Encoder_Init)
    HAL_TIM_Encoder_MspInit                  0x080029d1   Thumb Code   122  tim.o(i.HAL_TIM_Encoder_MspInit)
    HAL_TIM_Encoder_Start                    0x08002a5d   Thumb Code   142  stm32f1xx_hal_tim.o(i.HAL_TIM_Encoder_Start)
    HAL_TIM_IC_CaptureCallback               0x08002aeb   Thumb Code     2  stm32f1xx_hal_tim.o(i.HAL_TIM_IC_CaptureCallback)
    HAL_TIM_IRQHandler                       0x08002aed   Thumb Code   304  stm32f1xx_hal_tim.o(i.HAL_TIM_IRQHandler)
    HAL_TIM_MspPostInit                      0x08002c1d   Thumb Code    64  tim.o(i.HAL_TIM_MspPostInit)
    HAL_TIM_OC_DelayElapsedCallback          0x08002c69   Thumb Code     2  stm32f1xx_hal_tim.o(i.HAL_TIM_OC_DelayElapsedCallback)
    HAL_TIM_PWM_ConfigChannel                0x08002c6b   Thumb Code   204  stm32f1xx_hal_tim.o(i.HAL_TIM_PWM_ConfigChannel)
    HAL_TIM_PWM_Init                         0x08002d37   Thumb Code    90  stm32f1xx_hal_tim.o(i.HAL_TIM_PWM_Init)
    HAL_TIM_PWM_MspInit                      0x08002d91   Thumb Code    30  tim.o(i.HAL_TIM_PWM_MspInit)
    HAL_TIM_PWM_PulseFinishedCallback        0x08002db9   Thumb Code     2  stm32f1xx_hal_tim.o(i.HAL_TIM_PWM_PulseFinishedCallback)
    HAL_TIM_PWM_Start                        0x08002dbd   Thumb Code   144  stm32f1xx_hal_tim.o(i.HAL_TIM_PWM_Start)
    HAL_TIM_PeriodElapsedCallback            0x08002e59   Thumb Code     2  stm32f1xx_hal_tim.o(i.HAL_TIM_PeriodElapsedCallback)
    HAL_TIM_TriggerCallback                  0x08002e5b   Thumb Code     2  stm32f1xx_hal_tim.o(i.HAL_TIM_TriggerCallback)
    HAL_UARTEx_RxEventCallback               0x08002e5d   Thumb Code     2  stm32f1xx_hal_uart.o(i.HAL_UARTEx_RxEventCallback)
    HAL_UART_ErrorCallback                   0x08002e5f   Thumb Code     2  stm32f1xx_hal_uart.o(i.HAL_UART_ErrorCallback)
    HAL_UART_IRQHandler                      0x08002e61   Thumb Code   616  stm32f1xx_hal_uart.o(i.HAL_UART_IRQHandler)
    HAL_UART_Init                            0x080030cd   Thumb Code   100  stm32f1xx_hal_uart.o(i.HAL_UART_Init)
    HAL_UART_MspInit                         0x08003131   Thumb Code   116  usart.o(i.HAL_UART_MspInit)
    HAL_UART_Receive_IT                      0x080031b1   Thumb Code    28  stm32f1xx_hal_uart.o(i.HAL_UART_Receive_IT)
    HAL_UART_RxCpltCallback                  0x080031cd   Thumb Code     2  stm32f1xx_hal_uart.o(i.HAL_UART_RxCpltCallback)
    HAL_UART_TxCpltCallback                  0x080031cf   Thumb Code     2  stm32f1xx_hal_uart.o(i.HAL_UART_TxCpltCallback)
    HardFault_Handler                        0x080031d1   Thumb Code     2  stm32f1xx_it.o(i.HardFault_Handler)
    IIC_Ack                                  0x080034a5   Thumb Code    60  iic.o(i.IIC_Ack)
    IIC_GPIO_Init                            0x080034f1   Thumb Code    50  iic.o(i.IIC_GPIO_Init)
    IIC_NAck                                 0x0800352d   Thumb Code    50  iic.o(i.IIC_NAck)
    IIC_Read_Byte                            0x08003565   Thumb Code    84  iic.o(i.IIC_Read_Byte)
    IIC_Send_Byte                            0x080035bd   Thumb Code    86  iic.o(i.IIC_Send_Byte)
    IIC_Start                                0x08003619   Thumb Code    60  iic.o(i.IIC_Start)
    IIC_Stop                                 0x08003659   Thumb Code    42  iic.o(i.IIC_Stop)
    IIC_Wait_Ack                             0x08003689   Thumb Code    66  iic.o(i.IIC_Wait_Ack)
    Limit                                    0x080036d1   Thumb Code    42  motor.o(i.Limit)
    Load                                     0x080036fd   Thumb Code   116  motor.o(i.Load)
    MPU_Get_Accelerometer                    0x08003779   Thumb Code    50  mpu6050.o(i.MPU_Get_Accelerometer)
    MPU_Get_Gyroscope                        0x080037ab   Thumb Code    50  mpu6050.o(i.MPU_Get_Gyroscope)
    MPU_Init                                 0x080037dd   Thumb Code   118  mpu6050.o(i.MPU_Init)
    MPU_Read_Byte                            0x08003853   Thumb Code    58  mpu6050.o(i.MPU_Read_Byte)
    MPU_Read_Len                             0x0800388d   Thumb Code   108  mpu6050.o(i.MPU_Read_Len)
    MPU_Set_Accel_Fsr                        0x080038f9   Thumb Code    10  mpu6050.o(i.MPU_Set_Accel_Fsr)
    MPU_Set_Gyro_Fsr                         0x08003903   Thumb Code    10  mpu6050.o(i.MPU_Set_Gyro_Fsr)
    MPU_Set_LPF                              0x0800390d   Thumb Code    48  mpu6050.o(i.MPU_Set_LPF)
    MPU_Set_Rate                             0x0800393d   Thumb Code    46  mpu6050.o(i.MPU_Set_Rate)
    MPU_Write_Byte                           0x0800396b   Thumb Code    60  mpu6050.o(i.MPU_Write_Byte)
    MPU_Write_Len                            0x080039a7   Thumb Code    82  mpu6050.o(i.MPU_Write_Len)
    MX_GPIO_Init                             0x080039f9   Thumb Code   230  gpio.o(i.MX_GPIO_Init)
    MX_I2C1_Init                             0x08003af5   Thumb Code    50  i2c.o(i.MX_I2C1_Init)
    MX_TIM1_Init                             0x08003b35   Thumb Code   170  tim.o(i.MX_TIM1_Init)
    MX_TIM2_Init                             0x08003be9   Thumb Code   100  tim.o(i.MX_TIM2_Init)
    MX_TIM3_Init                             0x08003c51   Thumb Code    94  tim.o(i.MX_TIM3_Init)
    MX_TIM4_Init                             0x08003cb9   Thumb Code    98  tim.o(i.MX_TIM4_Init)
    MX_USART3_UART_Init                      0x08003d25   Thumb Code    48  usart.o(i.MX_USART3_UART_Init)
    MemManage_Handler                        0x08003d5d   Thumb Code     2  stm32f1xx_it.o(i.MemManage_Handler)
    NMI_Handler                              0x08003d5f   Thumb Code     2  stm32f1xx_it.o(i.NMI_Handler)
    OLED_Clear                               0x08003d61   Thumb Code    52  oled.o(i.OLED_Clear)
    OLED_Init                                0x08003d95   Thumb Code    16  oled.o(i.OLED_Init)
    OLED_Set_Pos                             0x08003da5   Thumb Code    34  oled.o(i.OLED_Set_Pos)
    OLED_ShowChar                            0x08003dc9   Thumb Code   126  oled.o(i.OLED_ShowChar)
    OLED_ShowString                          0x08003e51   Thumb Code    54  oled.o(i.OLED_ShowString)
    OLED_WR_CMD                              0x08003e89   Thumb Code    32  oled.o(i.OLED_WR_CMD)
    OLED_WR_DATA                             0x08003ead   Thumb Code    32  oled.o(i.OLED_WR_DATA)
    RCCdelay_us                              0x08003ed1   Thumb Code    24  sr04.o(i.RCCdelay_us)
    Read_Speed                               0x08003ee9   Thumb Code    12  encoder.o(i.Read_Speed)
    SysTick_Handler                          0x08003ef5   Thumb Code    24  stm32f1xx_it.o(i.SysTick_Handler)
    SystemClock_Config                       0x08003f0d   Thumb Code    94  main.o(i.SystemClock_Config)
    SystemInit                               0x08003f6b   Thumb Code     2  system_stm32f1xx.o(i.SystemInit)
    TIM3_IRQHandler                          0x08003f6d   Thumb Code     6  stm32f1xx_it.o(i.TIM3_IRQHandler)
    TIM_Base_SetConfig                       0x08003f79   Thumb Code   108  stm32f1xx_hal_tim.o(i.TIM_Base_SetConfig)
    TIM_CCxChannelCmd                        0x08003ff1   Thumb Code    26  stm32f1xx_hal_tim.o(i.TIM_CCxChannelCmd)
    TIM_ETR_SetConfig                        0x0800400b   Thumb Code    20  stm32f1xx_hal_tim.o(i.TIM_ETR_SetConfig)
    TIM_OC2_SetConfig                        0x08004081   Thumb Code    84  stm32f1xx_hal_tim.o(i.TIM_OC2_SetConfig)
    Turn                                     0x080041bd   Thumb Code    40  pid.o(i.Turn)
    UART_Start_Receive_IT                    0x080043c1   Thumb Code    54  stm32f1xx_hal_uart.o(i.UART_Start_Receive_IT)
    USART3_IRQHandler                        0x080043f9   Thumb Code    98  stm32f1xx_it.o(i.USART3_IRQHandler)
    UsageFault_Handler                       0x08004465   Thumb Code     2  stm32f1xx_it.o(i.UsageFault_Handler)
    Velocity                                 0x08004469   Thumb Code   154  pid.o(i.Velocity)
    Vertical                                 0x0800450d   Thumb Code    48  pid.o(i.Vertical)
    WriteCmd                                 0x08004541   Thumb Code    42  oled.o(i.WriteCmd)
    __ARM_fpclassify                         0x08004575   Thumb Code    40  fpclassify.o(i.__ARM_fpclassify)
    __kernel_poly                            0x080045bd   Thumb Code   170  poly.o(i.__kernel_poly)
    __mathlib_dbl_infnan                     0x08004667   Thumb Code     6  dunder.o(i.__mathlib_dbl_infnan)
    __mathlib_dbl_infnan2                    0x0800466d   Thumb Code     4  dunder.o(i.__mathlib_dbl_infnan2)
    __mathlib_dbl_invalid                    0x08004671   Thumb Code    12  dunder.o(i.__mathlib_dbl_invalid)
    __mathlib_dbl_underflow                  0x0800467d   Thumb Code    10  dunder.o(i.__mathlib_dbl_underflow)
    _is_digit                                0x0800468d   Thumb Code    14  __printf_wp.o(i._is_digit)
    asin                                     0x0800471d   Thumb Code   572  asin.o(i.asin)
    atan                                     0x0800498d   Thumb Code   474  atan.o(i.atan)
    atan2                                    0x08004bad   Thumb Code   346  atan2.o(i.atan2)
    dmp_enable_6x_lp_quat                    0x08004d2d   Thumb Code    58  inv_mpu_dmp_motion_driver.o(i.dmp_enable_6x_lp_quat)
    dmp_enable_feature                       0x08004d69   Thumb Code   464  inv_mpu_dmp_motion_driver.o(i.dmp_enable_feature)
    dmp_enable_gyro_cal                      0x08004f41   Thumb Code    34  inv_mpu_dmp_motion_driver.o(i.dmp_enable_gyro_cal)
    dmp_enable_lp_quat                       0x08004f7d   Thumb Code    58  inv_mpu_dmp_motion_driver.o(i.dmp_enable_lp_quat)
    dmp_load_motion_driver_firmware          0x08004fb9   Thumb Code    16  inv_mpu_dmp_motion_driver.o(i.dmp_load_motion_driver_firmware)
    dmp_read_fifo                            0x08004fcd   Thumb Code   320  inv_mpu_dmp_motion_driver.o(i.dmp_read_fifo)
    dmp_set_accel_bias                       0x08005111   Thumb Code   210  inv_mpu_dmp_motion_driver.o(i.dmp_set_accel_bias)
    dmp_set_fifo_rate                        0x080051e9   Thumb Code    82  inv_mpu_dmp_motion_driver.o(i.dmp_set_fifo_rate)
    dmp_set_gyro_bias                        0x0800524d   Thumb Code   196  inv_mpu_dmp_motion_driver.o(i.dmp_set_gyro_bias)
    dmp_set_orientation                      0x08005319   Thumb Code   246  inv_mpu_dmp_motion_driver.o(i.dmp_set_orientation)
    dmp_set_shake_reject_thresh              0x08005425   Thumb Code    48  inv_mpu_dmp_motion_driver.o(i.dmp_set_shake_reject_thresh)
    dmp_set_shake_reject_time                0x08005455   Thumb Code    32  inv_mpu_dmp_motion_driver.o(i.dmp_set_shake_reject_time)
    dmp_set_shake_reject_timeout             0x08005475   Thumb Code    32  inv_mpu_dmp_motion_driver.o(i.dmp_set_shake_reject_timeout)
    dmp_set_tap_axes                         0x08005495   Thumb Code    64  inv_mpu_dmp_motion_driver.o(i.dmp_set_tap_axes)
    dmp_set_tap_count                        0x080054d5   Thumb Code    34  inv_mpu_dmp_motion_driver.o(i.dmp_set_tap_count)
    dmp_set_tap_thresh                       0x080054f9   Thumb Code   274  inv_mpu_dmp_motion_driver.o(i.dmp_set_tap_thresh)
    dmp_set_tap_time                         0x08005621   Thumb Code    32  inv_mpu_dmp_motion_driver.o(i.dmp_set_tap_time)
    dmp_set_tap_time_multi                   0x08005641   Thumb Code    32  inv_mpu_dmp_motion_driver.o(i.dmp_set_tap_time_multi)
    inv_orientation_matrix_to_scalar         0x08005af5   Thumb Code    34  inv_mpu.o(i.inv_orientation_matrix_to_scalar)
    inv_row_2_scale                          0x08005b17   Thumb Code    72  inv_mpu.o(i.inv_row_2_scale)
    main                                     0x08005b61   Thumb Code   112  main.o(i.main)
    mget_ms                                  0x08005be5   Thumb Code     2  inv_mpu.o(i.mget_ms)
    mpu_configure_fifo                       0x08005be9   Thumb Code    78  inv_mpu.o(i.mpu_configure_fifo)
    mpu_dmp_get_data                         0x08005c3d   Thumb Code   408  inv_mpu.o(i.mpu_dmp_get_data)
    mpu_dmp_init                             0x08005dd9   Thumb Code   152  inv_mpu.o(i.mpu_dmp_init)
    mpu_get_accel_fsr                        0x08005e75   Thumb Code    54  inv_mpu.o(i.mpu_get_accel_fsr)
    mpu_get_accel_sens                       0x08005eb1   Thumb Code    62  inv_mpu.o(i.mpu_get_accel_sens)
    mpu_get_gyro_fsr                         0x08005ef5   Thumb Code    48  inv_mpu.o(i.mpu_get_gyro_fsr)
    mpu_get_gyro_sens                        0x08005f29   Thumb Code    44  inv_mpu.o(i.mpu_get_gyro_sens)
    mpu_get_lpf                              0x08005f69   Thumb Code    52  inv_mpu.o(i.mpu_get_lpf)
    mpu_get_sample_rate                      0x08005fa1   Thumb Code    22  inv_mpu.o(i.mpu_get_sample_rate)
    mpu_init                                 0x08005fbd   Thumb Code   288  inv_mpu.o(i.mpu_init)
    mpu_load_firmware                        0x080060e1   Thumb Code   154  inv_mpu.o(i.mpu_load_firmware)
    mpu_lp_accel_mode                        0x08006181   Thumb Code   178  inv_mpu.o(i.mpu_lp_accel_mode)
    mpu_read_fifo_stream                     0x08006239   Thumb Code   140  inv_mpu.o(i.mpu_read_fifo_stream)
    mpu_read_mem                             0x080062c9   Thumb Code    80  inv_mpu.o(i.mpu_read_mem)
    mpu_reset_fifo                           0x0800631d   Thumb Code   346  inv_mpu.o(i.mpu_reset_fifo)
    mpu_run_self_test                        0x0800647d   Thumb Code   234  inv_mpu.o(i.mpu_run_self_test)
    mpu_set_accel_fsr                        0x0800656d   Thumb Code    98  inv_mpu.o(i.mpu_set_accel_fsr)
    mpu_set_bypass                           0x080065d5   Thumb Code   214  inv_mpu.o(i.mpu_set_bypass)
    mpu_set_dmp_state                        0x080066b1   Thumb Code   114  inv_mpu.o(i.mpu_set_dmp_state)
    mpu_set_gyro_fsr                         0x08006729   Thumb Code   104  inv_mpu.o(i.mpu_set_gyro_fsr)
    mpu_set_int_latched                      0x08006795   Thumb Code    94  inv_mpu.o(i.mpu_set_int_latched)
    mpu_set_lpf                              0x080067f9   Thumb Code   102  inv_mpu.o(i.mpu_set_lpf)
    mpu_set_sample_rate                      0x08006865   Thumb Code   124  inv_mpu.o(i.mpu_set_sample_rate)
    mpu_set_sensors                          0x080068e5   Thumb Code   178  inv_mpu.o(i.mpu_set_sensors)
    mpu_write_mem                            0x0800699d   Thumb Code    80  inv_mpu.o(i.mpu_write_mem)
    pvPortMalloc                             0x08006dc5   Thumb Code   168  heap_4.o(i.pvPortMalloc)
    pxPortInitialiseStack                    0x08006e71   Thumb Code    32  port.o(i.pxPortInitialiseStack)
    run_self_test                            0x08006e95   Thumb Code   128  inv_mpu.o(i.run_self_test)
    sqrt                                     0x08006f6d   Thumb Code    76  sqrt.o(i.sqrt)
    uxListRemove                             0x08006fb9   Thumb Code    36  list.o(i.uxListRemove)
    vListInitialise                          0x08007165   Thumb Code    22  list.o(i.vListInitialise)
    vListInitialiseItem                      0x0800717b   Thumb Code     6  list.o(i.vListInitialiseItem)
    vListInsert                              0x08007181   Thumb Code    48  list.o(i.vListInsert)
    vPortEnterCritical                       0x080071b1   Thumb Code    24  port.o(i.vPortEnterCritical)
    vPortExitCritical                        0x080071cd   Thumb Code    16  port.o(i.vPortExitCritical)
    vPortFree                                0x080071e1   Thumb Code    64  heap_4.o(i.vPortFree)
    vPortSetupTimerInterrupt                 0x08007225   Thumb Code    20  port.o(i.vPortSetupTimerInterrupt)
    vTaskInternalSetTimeOutState             0x0800723d   Thumb Code    12  tasks.o(i.vTaskInternalSetTimeOutState)
    vTaskMissedYield                         0x0800724d   Thumb Code     8  tasks.o(i.vTaskMissedYield)
    vTaskPlaceOnEventList                    0x08007259   Thumb Code    26  tasks.o(i.vTaskPlaceOnEventList)
    vTaskStartScheduler                      0x08007279   Thumb Code    88  tasks.o(i.vTaskStartScheduler)
    vTaskSuspendAll                          0x080072e1   Thumb Code    10  tasks.o(i.vTaskSuspendAll)
    vTaskSwitchContext                       0x080072f1   Thumb Code    66  tasks.o(i.vTaskSwitchContext)
    xPortStartScheduler                      0x0800740d   Thumb Code    38  port.o(i.xPortStartScheduler)
    xPortSysTickHandler                      0x0800743d   Thumb Code    38  port.o(i.xPortSysTickHandler)
    xQueueGenericCreate                      0x08007469   Thumb Code    70  queue.o(i.xQueueGenericCreate)
    xQueueGenericReset                       0x080074b1   Thumb Code   144  queue.o(i.xQueueGenericReset)
    xQueueReceive                            0x08007545   Thumb Code   236  queue.o(i.xQueueReceive)
    xTaskCheckForTimeOut                     0x08007635   Thumb Code    82  tasks.o(i.xTaskCheckForTimeOut)
    xTaskCreate                              0x0800768d   Thumb Code    92  tasks.o(i.xTaskCreate)
    xTaskDelayUntil                          0x080076e9   Thumb Code    80  tasks.o(i.xTaskDelayUntil)
    xTaskGetSchedulerState                   0x08007741   Thumb Code    22  tasks.o(i.xTaskGetSchedulerState)
    xTaskGetTickCount                        0x0800775d   Thumb Code     6  tasks.o(i.xTaskGetTickCount)
    xTaskIncrementTick                       0x08007769   Thumb Code   286  tasks.o(i.xTaskIncrementTick)
    xTaskRemoveFromEventList                 0x08007891   Thumb Code   196  tasks.o(i.xTaskRemoveFromEventList)
    xTaskResumeAll                           0x0800795d   Thumb Code   296  tasks.o(i.xTaskResumeAll)
    _get_lc_numeric                          0x08007a91   Thumb Code    44  lc_numeric_c.o(locale$$code)
    __aeabi_d2f                              0x08007abd   Thumb Code     0  d2f.o(x$fpl$d2f)
    _d2f                                     0x08007abd   Thumb Code    98  d2f.o(x$fpl$d2f)
    __aeabi_dadd                             0x08007b21   Thumb Code     0  daddsub_clz.o(x$fpl$dadd)
    _dadd                                    0x08007b21   Thumb Code   332  daddsub_clz.o(x$fpl$dadd)
    __fpl_dcheck_NaN1                        0x08007c71   Thumb Code    10  dcheck1.o(x$fpl$dcheck1)
    __aeabi_ddiv                             0x08007c81   Thumb Code     0  ddiv.o(x$fpl$ddiv)
    _ddiv                                    0x08007c81   Thumb Code   552  ddiv.o(x$fpl$ddiv)
    __aeabi_ui2d                             0x08007f31   Thumb Code     0  dflt_clz.o(x$fpl$dfltu)
    _dfltu                                   0x08007f31   Thumb Code    38  dflt_clz.o(x$fpl$dfltu)
    __aeabi_dmul                             0x08007f59   Thumb Code     0  dmul.o(x$fpl$dmul)
    _dmul                                    0x08007f59   Thumb Code   332  dmul.o(x$fpl$dmul)
    __fpl_dnaninf                            0x080080ad   Thumb Code   156  dnaninf.o(x$fpl$dnaninf)
    __fpl_dretinf                            0x08008149   Thumb Code    12  dretinf.o(x$fpl$dretinf)
    __aeabi_drsub                            0x08008155   Thumb Code     0  daddsub_clz.o(x$fpl$drsb)
    _drsb                                    0x08008155   Thumb Code    22  daddsub_clz.o(x$fpl$drsb)
    _dsqrt                                   0x0800816d   Thumb Code   456  dsqrt_noumaal.o(x$fpl$dsqrt)
    __aeabi_dsub                             0x08008339   Thumb Code     0  daddsub_clz.o(x$fpl$dsub)
    _dsub                                    0x08008339   Thumb Code   464  daddsub_clz.o(x$fpl$dsub)
    __aeabi_f2d                              0x0800850d   Thumb Code     0  f2d.o(x$fpl$f2d)
    _f2d                                     0x0800850d   Thumb Code    86  f2d.o(x$fpl$f2d)
    __aeabi_fadd                             0x08008565   Thumb Code     0  faddsub_clz.o(x$fpl$fadd)
    _fadd                                    0x08008565   Thumb Code   196  faddsub_clz.o(x$fpl$fadd)
    __fpl_fcheck_NaN1                        0x08008629   Thumb Code     6  fcheck1.o(x$fpl$fcheck1)
    __aeabi_fdiv                             0x08008635   Thumb Code     0  fdiv.o(x$fpl$fdiv)
    _fdiv                                    0x08008635   Thumb Code   384  fdiv.o(x$fpl$fdiv)
    __aeabi_f2iz                             0x080087b9   Thumb Code     0  ffix.o(x$fpl$ffix)
    _ffix                                    0x080087b9   Thumb Code    54  ffix.o(x$fpl$ffix)
    __aeabi_f2uiz                            0x080087f1   Thumb Code     0  ffixu.o(x$fpl$ffixu)
    _ffixu                                   0x080087f1   Thumb Code    62  ffixu.o(x$fpl$ffixu)
    __aeabi_i2f                              0x08008831   Thumb Code     0  fflt_clz.o(x$fpl$fflt)
    _fflt                                    0x08008831   Thumb Code    48  fflt_clz.o(x$fpl$fflt)
    __aeabi_ui2f                             0x08008861   Thumb Code     0  fflt_clz.o(x$fpl$ffltu)
    _ffltu                                   0x08008861   Thumb Code    38  fflt_clz.o(x$fpl$ffltu)
    __aeabi_fmul                             0x08008889   Thumb Code     0  fmul.o(x$fpl$fmul)
    _fmul                                    0x08008889   Thumb Code   258  fmul.o(x$fpl$fmul)
    __fpl_fnaninf                            0x0800898b   Thumb Code   140  fnaninf.o(x$fpl$fnaninf)
    __fpl_fretinf                            0x08008a17   Thumb Code    10  fretinf.o(x$fpl$fretinf)
    __aeabi_frsub                            0x08008a21   Thumb Code     0  faddsub_clz.o(x$fpl$frsb)
    _frsb                                    0x08008a21   Thumb Code    20  faddsub_clz.o(x$fpl$frsb)
    __aeabi_fsub                             0x08008a35   Thumb Code     0  faddsub_clz.o(x$fpl$fsub)
    _fsub                                    0x08008a35   Thumb Code   234  faddsub_clz.o(x$fpl$fsub)
    _printf_fp_dec                           0x08008b1f   Thumb Code     4  printf1.o(x$fpl$printf1)
    __fpl_return_NaN                         0x08008b23   Thumb Code   100  retnan.o(x$fpl$retnan)
    __ARM_scalbn                             0x08008b87   Thumb Code    92  scalbn.o(x$fpl$scalbn)
    __ARM_scalbnf                            0x08008be3   Thumb Code    76  scalbnf.o(x$fpl$scalbnf)
    __fpl_cmpreturn                          0x08008c2f   Thumb Code    48  trapv.o(x$fpl$trapveneer)
    F6x8                                     0x08008c5e   Data         552  oled.o(.constdata)
    __I$use$fp                               0x08008c5e   Number         0  usenofp.o(x$fpl$usenofp)
    F8X16                                    0x08008e86   Data        1504  oled.o(.constdata)
    Hzk                                      0x08009466   Data         448  oled.o(.constdata)
    reg                                      0x08009626   Data          27  inv_mpu.o(.constdata)
    hw                                       0x08009642   Data          12  inv_mpu.o(.constdata)
    test                                     0x08009650   Data          40  inv_mpu.o(.constdata)
    AHBPrescTable                            0x0800a280   Data          16  system_stm32f1xx.o(.constdata)
    APBPrescTable                            0x0800a290   Data           8  system_stm32f1xx.o(.constdata)
    __mathlib_zero                           0x0800a380   Data           8  qnan.o(.constdata)
    Region$$Table$$Base                      0x0800a41c   Number         0  anon$$obj.o(Region$$Table)
    Region$$Table$$Limit                     0x0800a43c   Number         0  anon$$obj.o(Region$$Table)
    CMD_Data                                 0x20000000   Data          27  oled.o(.data)
    count                                    0x20000054   Data           2  sr04.o(.data)
    distance                                 0x20000058   Data           4  sr04.o(.data)
    stop                                     0x2000005c   Data           1  pid.o(.data)
    gyrox                                    0x2000005e   Data           2  pid.o(.data)
    gyroy                                    0x20000060   Data           2  pid.o(.data)
    gyroz                                    0x20000062   Data           2  pid.o(.data)
    aacx                                     0x20000064   Data           2  pid.o(.data)
    aacy                                     0x20000066   Data           2  pid.o(.data)
    aacz                                     0x20000068   Data           2  pid.o(.data)
    Med_Angle                                0x2000006c   Data           4  pid.o(.data)
    Vertical_Kp                              0x20000070   Data           4  pid.o(.data)
    Vertical_Kd                              0x20000074   Data           4  pid.o(.data)
    Velocity_Kp                              0x20000078   Data           4  pid.o(.data)
    Velocity_Ki                              0x2000007c   Data           4  pid.o(.data)
    Turn_Kp                                  0x20000080   Data           4  pid.o(.data)
    Turn_Kd                                  0x20000084   Data           4  pid.o(.data)
    Encoder_Left                             0x20000094   Data           4  pid.o(.data)
    Encoder_Right                            0x20000098   Data           4  pid.o(.data)
    pitch                                    0x2000009c   Data           4  pid.o(.data)
    roll                                     0x200000a0   Data           4  pid.o(.data)
    yaw                                      0x200000a4   Data           4  pid.o(.data)
    Vertical_out                             0x200000a8   Data           4  pid.o(.data)
    Velocity_out                             0x200000ac   Data           4  pid.o(.data)
    Turn_out                                 0x200000b0   Data           4  pid.o(.data)
    Target_Speed                             0x200000b4   Data           4  pid.o(.data)
    Target_turn                              0x200000b8   Data           4  pid.o(.data)
    MOTO1                                    0x200000bc   Data           4  pid.o(.data)
    MOTO2                                    0x200000c0   Data           4  pid.o(.data)
    Bluetooth_data                           0x200000c4   Data           1  stm32f1xx_it.o(.data)
    Fore                                     0x200000c5   Data           1  stm32f1xx_it.o(.data)
    Back                                     0x200000c6   Data           1  stm32f1xx_it.o(.data)
    Left                                     0x200000c7   Data           1  stm32f1xx_it.o(.data)
    Right                                    0x200000c8   Data           1  stm32f1xx_it.o(.data)
    rx_buf                                   0x200000c9   Data           2  stm32f1xx_it.o(.data)
    xBalanceTaskHandle                       0x200000cc   Data           4  app_freertos.o(.data)
    xDisplayTaskHandle                       0x200000d0   Data           4  app_freertos.o(.data)
    xUARTTaskHandle                          0x200000d4   Data           4  app_freertos.o(.data)
    xUltrasonicTaskHandle                    0x200000d8   Data           4  app_freertos.o(.data)
    xUARTQueue                               0x200000dc   Data           4  app_freertos.o(.data)
    uwTickFreq                               0x200000e0   Data           1  stm32f1xx_hal.o(.data)
    uwTickPrio                               0x200000e4   Data           4  stm32f1xx_hal.o(.data)
    uwTick                                   0x200000e8   Data           4  stm32f1xx_hal.o(.data)
    SystemCoreClock                          0x200000ec   Data           4  system_stm32f1xx.o(.data)
    pxCurrentTCB                             0x200000f0   Data           4  tasks.o(.data)
    hi2c1                                    0x20000160   Data          84  i2c.o(.bss)
    htim1                                    0x200001b4   Data          72  tim.o(.bss)
    htim2                                    0x200001fc   Data          72  tim.o(.bss)
    htim3                                    0x20000244   Data          72  tim.o(.bss)
    htim4                                    0x2000028c   Data          72  tim.o(.bss)
    huart3                                   0x200002d4   Data          72  usart.o(.bss)
    __libspace_start                         0x200047e4   Data          96  libspace.o(.bss)
    __temporary_stack_top$libspace           0x20004844   Data           0  libspace.o(.bss)



==============================================================================

Memory Map of the image

  Image Entry point : 0x080000ed

  Load Region LR_IROM1 (Base: 0x08000000, Size: 0x0000a5a8, Max: 0x00010000, ABSOLUTE, COMPRESSED[0x0000a4b8])

    Execution Region ER_IROM1 (Exec base: 0x08000000, Load base: 0x08000000, Size: 0x0000a458, Max: 0x00010000, ABSOLUTE)

    Exec Addr    Load Addr    Size         Type   Attr      Idx    E Section Name        Object

    0x08000000   0x08000000   0x000000ec   Data   RO            3    RESET               startup_stm32f103xb.o
    0x080000ec   0x080000ec   0x00000008   Code   RO         5322  * !!!main             c_w.l(__main.o)
    0x080000f4   0x080000f4   0x00000034   Code   RO         5686    !!!scatter          c_w.l(__scatter.o)
    0x08000128   0x08000128   0x0000003a   Code   RO         5684    !!dczerorl          c_w.l(__dczerorl.o)
    0x08000162   0x08000162   0x00000002   PAD
    0x08000164   0x08000164   0x0000001c   Code   RO         5688    !!handler_zi        c_w.l(__scatter_zi.o)
    0x08000180   0x08000180   0x00000000   Code   RO         5309    .ARM.Collect$$_printf_percent$$00000000  c_w.l(_printf_percent.o)
    0x08000180   0x08000180   0x00000006   Code   RO         5308    .ARM.Collect$$_printf_percent$$00000003  c_w.l(_printf_f.o)
    0x08000186   0x08000186   0x00000006   Code   RO         5307    .ARM.Collect$$_printf_percent$$00000009  c_w.l(_printf_d.o)
    0x0800018c   0x0800018c   0x00000004   Code   RO         5407    .ARM.Collect$$_printf_percent$$00000017  c_w.l(_printf_percent_end.o)
    0x08000190   0x08000190   0x00000002   Code   RO         5549    .ARM.Collect$$libinit$$00000000  c_w.l(libinit.o)
    0x08000192   0x08000192   0x00000000   Code   RO         5551    .ARM.Collect$$libinit$$00000002  c_w.l(libinit2.o)
    0x08000192   0x08000192   0x00000000   Code   RO         5553    .ARM.Collect$$libinit$$00000004  c_w.l(libinit2.o)
    0x08000192   0x08000192   0x00000000   Code   RO         5556    .ARM.Collect$$libinit$$0000000A  c_w.l(libinit2.o)
    0x08000192   0x08000192   0x00000000   Code   RO         5558    .ARM.Collect$$libinit$$0000000C  c_w.l(libinit2.o)
    0x08000192   0x08000192   0x00000000   Code   RO         5560    .ARM.Collect$$libinit$$0000000E  c_w.l(libinit2.o)
    0x08000192   0x08000192   0x00000006   Code   RO         5561    .ARM.Collect$$libinit$$0000000F  c_w.l(libinit2.o)
    0x08000198   0x08000198   0x00000000   Code   RO         5563    .ARM.Collect$$libinit$$00000011  c_w.l(libinit2.o)
    0x08000198   0x08000198   0x00000000   Code   RO         5565    .ARM.Collect$$libinit$$00000013  c_w.l(libinit2.o)
    0x08000198   0x08000198   0x00000000   Code   RO         5567    .ARM.Collect$$libinit$$00000015  c_w.l(libinit2.o)
    0x08000198   0x08000198   0x0000000a   Code   RO         5568    .ARM.Collect$$libinit$$00000016  c_w.l(libinit2.o)
    0x080001a2   0x080001a2   0x00000000   Code   RO         5569    .ARM.Collect$$libinit$$00000017  c_w.l(libinit2.o)
    0x080001a2   0x080001a2   0x00000000   Code   RO         5571    .ARM.Collect$$libinit$$00000019  c_w.l(libinit2.o)
    0x080001a2   0x080001a2   0x00000000   Code   RO         5573    .ARM.Collect$$libinit$$0000001B  c_w.l(libinit2.o)
    0x080001a2   0x080001a2   0x00000000   Code   RO         5575    .ARM.Collect$$libinit$$0000001D  c_w.l(libinit2.o)
    0x080001a2   0x080001a2   0x00000000   Code   RO         5577    .ARM.Collect$$libinit$$0000001F  c_w.l(libinit2.o)
    0x080001a2   0x080001a2   0x00000000   Code   RO         5579    .ARM.Collect$$libinit$$00000021  c_w.l(libinit2.o)
    0x080001a2   0x080001a2   0x00000000   Code   RO         5581    .ARM.Collect$$libinit$$00000023  c_w.l(libinit2.o)
    0x080001a2   0x080001a2   0x00000000   Code   RO         5583    .ARM.Collect$$libinit$$00000025  c_w.l(libinit2.o)
    0x080001a2   0x080001a2   0x00000000   Code   RO         5587    .ARM.Collect$$libinit$$0000002C  c_w.l(libinit2.o)
    0x080001a2   0x080001a2   0x00000000   Code   RO         5589    .ARM.Collect$$libinit$$0000002E  c_w.l(libinit2.o)
    0x080001a2   0x080001a2   0x00000000   Code   RO         5591    .ARM.Collect$$libinit$$00000030  c_w.l(libinit2.o)
    0x080001a2   0x080001a2   0x00000000   Code   RO         5593    .ARM.Collect$$libinit$$00000032  c_w.l(libinit2.o)
    0x080001a2   0x080001a2   0x00000002   Code   RO         5594    .ARM.Collect$$libinit$$00000033  c_w.l(libinit2.o)
    0x080001a4   0x080001a4   0x00000002   Code   RO         5642    .ARM.Collect$$libshutdown$$00000000  c_w.l(libshutdown.o)
    0x080001a6   0x080001a6   0x00000000   Code   RO         5653    .ARM.Collect$$libshutdown$$00000002  c_w.l(libshutdown2.o)
    0x080001a6   0x080001a6   0x00000000   Code   RO         5655    .ARM.Collect$$libshutdown$$00000004  c_w.l(libshutdown2.o)
    0x080001a6   0x080001a6   0x00000000   Code   RO         5658    .ARM.Collect$$libshutdown$$00000007  c_w.l(libshutdown2.o)
    0x080001a6   0x080001a6   0x00000000   Code   RO         5661    .ARM.Collect$$libshutdown$$0000000A  c_w.l(libshutdown2.o)
    0x080001a6   0x080001a6   0x00000000   Code   RO         5663    .ARM.Collect$$libshutdown$$0000000C  c_w.l(libshutdown2.o)
    0x080001a6   0x080001a6   0x00000000   Code   RO         5666    .ARM.Collect$$libshutdown$$0000000F  c_w.l(libshutdown2.o)
    0x080001a6   0x080001a6   0x00000002   Code   RO         5667    .ARM.Collect$$libshutdown$$00000010  c_w.l(libshutdown2.o)
    0x080001a8   0x080001a8   0x00000000   Code   RO         5394    .ARM.Collect$$rtentry$$00000000  c_w.l(__rtentry.o)
    0x080001a8   0x080001a8   0x00000000   Code   RO         5461    .ARM.Collect$$rtentry$$00000002  c_w.l(__rtentry2.o)
    0x080001a8   0x080001a8   0x00000006   Code   RO         5473    .ARM.Collect$$rtentry$$00000004  c_w.l(__rtentry4.o)
    0x080001ae   0x080001ae   0x00000000   Code   RO         5463    .ARM.Collect$$rtentry$$00000009  c_w.l(__rtentry2.o)
    0x080001ae   0x080001ae   0x00000004   Code   RO         5464    .ARM.Collect$$rtentry$$0000000A  c_w.l(__rtentry2.o)
    0x080001b2   0x080001b2   0x00000000   Code   RO         5466    .ARM.Collect$$rtentry$$0000000C  c_w.l(__rtentry2.o)
    0x080001b2   0x080001b2   0x00000008   Code   RO         5467    .ARM.Collect$$rtentry$$0000000D  c_w.l(__rtentry2.o)
    0x080001ba   0x080001ba   0x00000002   Code   RO         5599    .ARM.Collect$$rtexit$$00000000  c_w.l(rtexit.o)
    0x080001bc   0x080001bc   0x00000000   Code   RO         5610    .ARM.Collect$$rtexit$$00000002  c_w.l(rtexit2.o)
    0x080001bc   0x080001bc   0x00000004   Code   RO         5611    .ARM.Collect$$rtexit$$00000003  c_w.l(rtexit2.o)
    0x080001c0   0x080001c0   0x00000006   Code   RO         5612    .ARM.Collect$$rtexit$$00000004  c_w.l(rtexit2.o)
    0x080001c6   0x080001c6   0x00000002   PAD
    0x080001c8   0x080001c8   0x00000096   Code   RO         5200    .emb_text           port.o
    0x0800025e   0x0800025e   0x00000002   PAD
    0x08000260   0x08000260   0x00000040   Code   RO            4    .text               startup_stm32f103xb.o
    0x080002a0   0x080002a0   0x00000048   Code   RO         5275    .text               c_w.l(llsdiv.o)
    0x080002e8   0x080002e8   0x00000028   Code   RO         5279    .text               c_w.l(noretval__2sprintf.o)
    0x08000310   0x08000310   0x0000004e   Code   RO         5283    .text               c_w.l(_printf_pad.o)
    0x0800035e   0x0800035e   0x00000002   PAD
    0x08000360   0x08000360   0x00000078   Code   RO         5285    .text               c_w.l(_printf_dec.o)
    0x080003d8   0x080003d8   0x0000010e   Code   RO         5295    .text               c_w.l(__printf_wp.o)
    0x080004e6   0x080004e6   0x00000058   Code   RO         5310    .text               c_w.l(memcmp.o)
    0x0800053e   0x0800053e   0x0000008a   Code   RO         5312    .text               c_w.l(rt_memcpy_v6.o)
    0x080005c8   0x080005c8   0x00000010   Code   RO         5314    .text               c_w.l(aeabi_memset.o)
    0x080005d8   0x080005d8   0x00000044   Code   RO         5316    .text               c_w.l(rt_memclr.o)
    0x0800061c   0x0800061c   0x0000004e   Code   RO         5318    .text               c_w.l(rt_memclr_w.o)
    0x0800066a   0x0800066a   0x00000006   Code   RO         5320    .text               c_w.l(heapauxi.o)
    0x08000670   0x08000670   0x000000ee   Code   RO         5395    .text               c_w.l(lludivv7m.o)
    0x0800075e   0x0800075e   0x00000016   Code   RO         5397    .text               c_w.l(_rserrno.o)
    0x08000774   0x08000774   0x000000b2   Code   RO         5399    .text               c_w.l(_printf_intcommon.o)
    0x08000826   0x08000826   0x0000041e   Code   RO         5401    .text               c_w.l(_printf_fp_dec.o)
    0x08000c44   0x08000c44   0x00000030   Code   RO         5403    .text               c_w.l(_printf_char_common.o)
    0x08000c74   0x08000c74   0x0000000a   Code   RO         5405    .text               c_w.l(_sputc.o)
    0x08000c7e   0x08000c7e   0x00000064   Code   RO         5408    .text               c_w.l(rt_memcpy_w.o)
    0x08000ce2   0x08000ce2   0x00000002   PAD
    0x08000ce4   0x08000ce4   0x00000008   Code   RO         5482    .text               c_w.l(rt_locale_intlibspace.o)
    0x08000cec   0x08000cec   0x00000008   Code   RO         5487    .text               c_w.l(rt_errno_addr_intlibspace.o)
    0x08000cf4   0x08000cf4   0x0000008a   Code   RO         5489    .text               c_w.l(lludiv10.o)
    0x08000d7e   0x08000d7e   0x00000002   PAD
    0x08000d80   0x08000d80   0x00000080   Code   RO         5491    .text               c_w.l(_printf_fp_infnan.o)
    0x08000e00   0x08000e00   0x000000e4   Code   RO         5495    .text               c_w.l(bigflt0.o)
    0x08000ee4   0x08000ee4   0x00000008   Code   RO         5533    .text               c_w.l(libspace.o)
    0x08000eec   0x08000eec   0x0000004a   Code   RO         5536    .text               c_w.l(sys_stackheap_outer.o)
    0x08000f36   0x08000f36   0x00000012   Code   RO         5540    .text               c_w.l(exit.o)
    0x08000f48   0x08000f48   0x00000080   Code   RO         5542    .text               c_w.l(strcmpv7m.o)
    0x08000fc8   0x08000fc8   0x0000000c   Code   RO         5628    .text               c_w.l(sys_exit.o)
    0x08000fd4   0x08000fd4   0x00000002   Code   RO         5645    .text               c_w.l(use_no_semi.o)
    0x08000fd6   0x08000fd6   0x00000000   Code   RO         5647    .text               c_w.l(indicate_semi.o)
    0x08000fd6   0x08000fd6   0x0000003e   Code   RO         5498    CL$$btod_d2e        c_w.l(btod.o)
    0x08001014   0x08001014   0x00000046   Code   RO         5500    CL$$btod_d2e_denorm_low  c_w.l(btod.o)
    0x0800105a   0x0800105a   0x00000060   Code   RO         5499    CL$$btod_d2e_norm_op1  c_w.l(btod.o)
    0x080010ba   0x080010ba   0x00000338   Code   RO         5508    CL$$btod_div_common  c_w.l(btod.o)
    0x080013f2   0x080013f2   0x000000dc   Code   RO         5505    CL$$btod_e2e        c_w.l(btod.o)
    0x080014ce   0x080014ce   0x0000002a   Code   RO         5502    CL$$btod_ediv       c_w.l(btod.o)
    0x080014f8   0x080014f8   0x0000002a   Code   RO         5501    CL$$btod_emul       c_w.l(btod.o)
    0x08001522   0x08001522   0x00000244   Code   RO         5507    CL$$btod_mult_common  c_w.l(btod.o)
    0x08001766   0x08001766   0x00000002   PAD
    0x08001768   0x08001768   0x000000a8   Code   RO         1502    i.App_FreeRTOS_Init  app_freertos.o
    0x08001810   0x08001810   0x00000002   Code   RO         1360    i.BusFault_Handler  stm32f1xx_it.o
    0x08001812   0x08001812   0x00000002   PAD
    0x08001814   0x08001814   0x00000154   Code   RO         1062    i.Control           pid.o
    0x08001968   0x08001968   0x00000002   Code   RO         1361    i.DebugMon_Handler  stm32f1xx_it.o
    0x0800196a   0x0800196a   0x00000006   Code   RO         1362    i.EXTI2_IRQHandler  stm32f1xx_it.o
    0x08001970   0x08001970   0x00000006   Code   RO         1363    i.EXTI9_5_IRQHandler  stm32f1xx_it.o
    0x08001976   0x08001976   0x00000004   Code   RO         1108    i.Error_Handler     main.o
    0x0800197a   0x0800197a   0x00000002   PAD
    0x0800197c   0x0800197c   0x00000028   Code   RO          938    i.GET_Distance      sr04.o
    0x080019a4   0x080019a4   0x00000046   Code   RO         2411    i.HAL_DMA_Abort     stm32f1xx_hal_dma.o
    0x080019ea   0x080019ea   0x00000002   PAD
    0x080019ec   0x080019ec   0x00000098   Code   RO         2412    i.HAL_DMA_Abort_IT  stm32f1xx_hal_dma.o
    0x08001a84   0x08001a84   0x00000024   Code   RO         2037    i.HAL_Delay         stm32f1xx_hal.o
    0x08001aa8   0x08001aa8   0x00000068   Code   RO          939    i.HAL_GPIO_EXTI_Callback  sr04.o
    0x08001b10   0x08001b10   0x00000018   Code   RO         2346    i.HAL_GPIO_EXTI_IRQHandler  stm32f1xx_hal_gpio.o
    0x08001b28   0x08001b28   0x000001e0   Code   RO         2347    i.HAL_GPIO_Init     stm32f1xx_hal_gpio.o
    0x08001d08   0x08001d08   0x0000000a   Code   RO         2349    i.HAL_GPIO_ReadPin  stm32f1xx_hal_gpio.o
    0x08001d12   0x08001d12   0x0000000a   Code   RO         2351    i.HAL_GPIO_WritePin  stm32f1xx_hal_gpio.o
    0x08001d1c   0x08001d1c   0x0000000c   Code   RO         2041    i.HAL_GetTick       stm32f1xx_hal.o
    0x08001d28   0x08001d28   0x00000188   Code   RO         1604    i.HAL_I2C_Init      stm32f1xx_hal_i2c.o
    0x08001eb0   0x08001eb0   0x00000130   Code   RO         1625    i.HAL_I2C_Mem_Write  stm32f1xx_hal_i2c.o
    0x08001fe0   0x08001fe0   0x00000070   Code   RO         1187    i.HAL_I2C_MspInit   i2c.o
    0x08002050   0x08002050   0x00000010   Code   RO         2047    i.HAL_IncTick       stm32f1xx_hal.o
    0x08002060   0x08002060   0x00000024   Code   RO         2048    i.HAL_Init          stm32f1xx_hal.o
    0x08002084   0x08002084   0x00000040   Code   RO         2049    i.HAL_InitTick      stm32f1xx_hal.o
    0x080020c4   0x080020c4   0x0000003c   Code   RO         1478    i.HAL_MspInit       stm32f1xx_hal_msp.o
    0x08002100   0x08002100   0x0000001a   Code   RO         2507    i.HAL_NVIC_EnableIRQ  stm32f1xx_hal_cortex.o
    0x0800211a   0x0800211a   0x00000002   PAD
    0x0800211c   0x0800211c   0x00000040   Code   RO         2513    i.HAL_NVIC_SetPriority  stm32f1xx_hal_cortex.o
    0x0800215c   0x0800215c   0x00000024   Code   RO         2514    i.HAL_NVIC_SetPriorityGrouping  stm32f1xx_hal_cortex.o
    0x08002180   0x08002180   0x0000012c   Code   RO         2205    i.HAL_RCC_ClockConfig  stm32f1xx_hal_rcc.o
    0x080022ac   0x080022ac   0x00000020   Code   RO         2212    i.HAL_RCC_GetPCLK1Freq  stm32f1xx_hal_rcc.o
    0x080022cc   0x080022cc   0x00000020   Code   RO         2213    i.HAL_RCC_GetPCLK2Freq  stm32f1xx_hal_rcc.o
    0x080022ec   0x080022ec   0x0000004c   Code   RO         2214    i.HAL_RCC_GetSysClockFreq  stm32f1xx_hal_rcc.o
    0x08002338   0x08002338   0x00000320   Code   RO         2217    i.HAL_RCC_OscConfig  stm32f1xx_hal_rcc.o
    0x08002658   0x08002658   0x00000028   Code   RO         2518    i.HAL_SYSTICK_Config  stm32f1xx_hal_cortex.o
    0x08002680   0x08002680   0x00000002   Code   RO         3713    i.HAL_TIMEx_BreakCallback  stm32f1xx_hal_tim_ex.o
    0x08002682   0x08002682   0x00000002   Code   RO         3714    i.HAL_TIMEx_CommutCallback  stm32f1xx_hal_tim_ex.o
    0x08002684   0x08002684   0x00000054   Code   RO         3716    i.HAL_TIMEx_ConfigBreakDeadTime  stm32f1xx_hal_tim_ex.o
    0x080026d8   0x080026d8   0x00000068   Code   RO         3732    i.HAL_TIMEx_MasterConfigSynchronization  stm32f1xx_hal_tim_ex.o
    0x08002740   0x08002740   0x0000005a   Code   RO         3009    i.HAL_TIM_Base_Init  stm32f1xx_hal_tim.o
    0x0800279a   0x0800279a   0x00000002   PAD
    0x0800279c   0x0800279c   0x0000003c   Code   RO         1229    i.HAL_TIM_Base_MspInit  tim.o
    0x080027d8   0x080027d8   0x00000050   Code   RO         3012    i.HAL_TIM_Base_Start  stm32f1xx_hal_tim.o
    0x08002828   0x08002828   0x00000026   Code   RO         3015    i.HAL_TIM_Base_Stop  stm32f1xx_hal_tim.o
    0x0800284e   0x0800284e   0x000000dc   Code   RO         3018    i.HAL_TIM_ConfigClockSource  stm32f1xx_hal_tim.o
    0x0800292a   0x0800292a   0x000000a4   Code   RO         3030    i.HAL_TIM_Encoder_Init  stm32f1xx_hal_tim.o
    0x080029ce   0x080029ce   0x00000002   PAD
    0x080029d0   0x080029d0   0x0000008c   Code   RO         1231    i.HAL_TIM_Encoder_MspInit  tim.o
    0x08002a5c   0x08002a5c   0x0000008e   Code   RO         3033    i.HAL_TIM_Encoder_Start  stm32f1xx_hal_tim.o
    0x08002aea   0x08002aea   0x00000002   Code   RO         3043    i.HAL_TIM_IC_CaptureCallback  stm32f1xx_hal_tim.o
    0x08002aec   0x08002aec   0x00000130   Code   RO         3057    i.HAL_TIM_IRQHandler  stm32f1xx_hal_tim.o
    0x08002c1c   0x08002c1c   0x0000004c   Code   RO         1232    i.HAL_TIM_MspPostInit  tim.o
    0x08002c68   0x08002c68   0x00000002   Code   RO         3060    i.HAL_TIM_OC_DelayElapsedCallback  stm32f1xx_hal_tim.o
    0x08002c6a   0x08002c6a   0x000000cc   Code   RO         3081    i.HAL_TIM_PWM_ConfigChannel  stm32f1xx_hal_tim.o
    0x08002d36   0x08002d36   0x0000005a   Code   RO         3084    i.HAL_TIM_PWM_Init  stm32f1xx_hal_tim.o
    0x08002d90   0x08002d90   0x00000028   Code   RO         1234    i.HAL_TIM_PWM_MspInit  tim.o
    0x08002db8   0x08002db8   0x00000002   Code   RO         3087    i.HAL_TIM_PWM_PulseFinishedCallback  stm32f1xx_hal_tim.o
    0x08002dba   0x08002dba   0x00000002   PAD
    0x08002dbc   0x08002dbc   0x0000009c   Code   RO         3089    i.HAL_TIM_PWM_Start  stm32f1xx_hal_tim.o
    0x08002e58   0x08002e58   0x00000002   Code   RO         3095    i.HAL_TIM_PeriodElapsedCallback  stm32f1xx_hal_tim.o
    0x08002e5a   0x08002e5a   0x00000002   Code   RO         3100    i.HAL_TIM_TriggerCallback  stm32f1xx_hal_tim.o
    0x08002e5c   0x08002e5c   0x00000002   Code   RO         3992    i.HAL_UARTEx_RxEventCallback  stm32f1xx_hal_uart.o
    0x08002e5e   0x08002e5e   0x00000002   Code   RO         4006    i.HAL_UART_ErrorCallback  stm32f1xx_hal_uart.o
    0x08002e60   0x08002e60   0x0000026c   Code   RO         4009    i.HAL_UART_IRQHandler  stm32f1xx_hal_uart.o
    0x080030cc   0x080030cc   0x00000064   Code   RO         4010    i.HAL_UART_Init     stm32f1xx_hal_uart.o
    0x08003130   0x08003130   0x00000080   Code   RO         1319    i.HAL_UART_MspInit  usart.o
    0x080031b0   0x080031b0   0x0000001c   Code   RO         4015    i.HAL_UART_Receive_IT  stm32f1xx_hal_uart.o
    0x080031cc   0x080031cc   0x00000002   Code   RO         4016    i.HAL_UART_RxCpltCallback  stm32f1xx_hal_uart.o
    0x080031ce   0x080031ce   0x00000002   Code   RO         4021    i.HAL_UART_TxCpltCallback  stm32f1xx_hal_uart.o
    0x080031d0   0x080031d0   0x00000002   Code   RO         1364    i.HardFault_Handler  stm32f1xx_it.o
    0x080031d2   0x080031d2   0x0000002e   Code   RO         1647    i.I2C_IsAcknowledgeFailed  stm32f1xx_hal_i2c.o
    0x08003200   0x08003200   0x000000a8   Code   RO         1658    i.I2C_RequestMemoryWrite  stm32f1xx_hal_i2c.o
    0x080032a8   0x080032a8   0x00000056   Code   RO         1662    i.I2C_WaitOnBTFFlagUntilTimeout  stm32f1xx_hal_i2c.o
    0x080032fe   0x080032fe   0x00000002   PAD
    0x08003300   0x08003300   0x00000090   Code   RO         1663    i.I2C_WaitOnFlagUntilTimeout  stm32f1xx_hal_i2c.o
    0x08003390   0x08003390   0x000000bc   Code   RO         1664    i.I2C_WaitOnMasterAddressFlagUntilTimeout  stm32f1xx_hal_i2c.o
    0x0800344c   0x0800344c   0x00000056   Code   RO         1666    i.I2C_WaitOnTXEFlagUntilTimeout  stm32f1xx_hal_i2c.o
    0x080034a2   0x080034a2   0x00000002   PAD
    0x080034a4   0x080034a4   0x00000040   Code   RO          217    i.IIC_Ack           iic.o
    0x080034e4   0x080034e4   0x0000000c   Code   RO          219    i.IIC_Delay         iic.o
    0x080034f0   0x080034f0   0x0000003c   Code   RO          220    i.IIC_GPIO_Init     iic.o
    0x0800352c   0x0800352c   0x00000038   Code   RO          221    i.IIC_NAck          iic.o
    0x08003564   0x08003564   0x00000058   Code   RO          222    i.IIC_Read_Byte     iic.o
    0x080035bc   0x080035bc   0x0000005c   Code   RO          223    i.IIC_Send_Byte     iic.o
    0x08003618   0x08003618   0x00000040   Code   RO          224    i.IIC_Start         iic.o
    0x08003658   0x08003658   0x00000030   Code   RO          225    i.IIC_Stop          iic.o
    0x08003688   0x08003688   0x00000048   Code   RO          226    i.IIC_Wait_Ack      iic.o
    0x080036d0   0x080036d0   0x0000002a   Code   RO         1001    i.Limit             motor.o
    0x080036fa   0x080036fa   0x00000002   PAD
    0x080036fc   0x080036fc   0x0000007c   Code   RO         1002    i.Load              motor.o
    0x08003778   0x08003778   0x00000032   Code   RO          849    i.MPU_Get_Accelerometer  mpu6050.o
    0x080037aa   0x080037aa   0x00000032   Code   RO          850    i.MPU_Get_Gyroscope  mpu6050.o
    0x080037dc   0x080037dc   0x00000076   Code   RO          852    i.MPU_Init          mpu6050.o
    0x08003852   0x08003852   0x0000003a   Code   RO          853    i.MPU_Read_Byte     mpu6050.o
    0x0800388c   0x0800388c   0x0000006c   Code   RO          854    i.MPU_Read_Len      mpu6050.o
    0x080038f8   0x080038f8   0x0000000a   Code   RO          855    i.MPU_Set_Accel_Fsr  mpu6050.o
    0x08003902   0x08003902   0x0000000a   Code   RO          856    i.MPU_Set_Gyro_Fsr  mpu6050.o
    0x0800390c   0x0800390c   0x00000030   Code   RO          857    i.MPU_Set_LPF       mpu6050.o
    0x0800393c   0x0800393c   0x0000002e   Code   RO          858    i.MPU_Set_Rate      mpu6050.o
    0x0800396a   0x0800396a   0x0000003c   Code   RO          859    i.MPU_Write_Byte    mpu6050.o
    0x080039a6   0x080039a6   0x00000052   Code   RO          860    i.MPU_Write_Len     mpu6050.o
    0x080039f8   0x080039f8   0x000000fc   Code   RO         1162    i.MX_GPIO_Init      gpio.o
    0x08003af4   0x08003af4   0x00000040   Code   RO         1188    i.MX_I2C1_Init      i2c.o
    0x08003b34   0x08003b34   0x000000b4   Code   RO         1235    i.MX_TIM1_Init      tim.o
    0x08003be8   0x08003be8   0x00000068   Code   RO         1236    i.MX_TIM2_Init      tim.o
    0x08003c50   0x08003c50   0x00000068   Code   RO         1237    i.MX_TIM3_Init      tim.o
    0x08003cb8   0x08003cb8   0x0000006c   Code   RO         1238    i.MX_TIM4_Init      tim.o
    0x08003d24   0x08003d24   0x00000038   Code   RO         1320    i.MX_USART3_UART_Init  usart.o
    0x08003d5c   0x08003d5c   0x00000002   Code   RO         1365    i.MemManage_Handler  stm32f1xx_it.o
    0x08003d5e   0x08003d5e   0x00000002   Code   RO         1366    i.NMI_Handler       stm32f1xx_it.o
    0x08003d60   0x08003d60   0x00000034   Code   RO           13    i.OLED_Clear        oled.o
    0x08003d94   0x08003d94   0x00000010   Code   RO           16    i.OLED_Init         oled.o
    0x08003da4   0x08003da4   0x00000022   Code   RO           18    i.OLED_Set_Pos      oled.o
    0x08003dc6   0x08003dc6   0x00000002   PAD
    0x08003dc8   0x08003dc8   0x00000088   Code   RO           20    i.OLED_ShowChar     oled.o
    0x08003e50   0x08003e50   0x00000036   Code   RO           22    i.OLED_ShowString   oled.o
    0x08003e86   0x08003e86   0x00000002   PAD
    0x08003e88   0x08003e88   0x00000024   Code   RO           23    i.OLED_WR_CMD       oled.o
    0x08003eac   0x08003eac   0x00000024   Code   RO           24    i.OLED_WR_DATA      oled.o
    0x08003ed0   0x08003ed0   0x00000018   Code   RO          940    i.RCCdelay_us       sr04.o
    0x08003ee8   0x08003ee8   0x0000000c   Code   RO         1038    i.Read_Speed        encoder.o
    0x08003ef4   0x08003ef4   0x00000018   Code   RO         1367    i.SysTick_Handler   stm32f1xx_it.o
    0x08003f0c   0x08003f0c   0x0000005e   Code   RO         1109    i.SystemClock_Config  main.o
    0x08003f6a   0x08003f6a   0x00000002   Code   RO         4344    i.SystemInit        system_stm32f1xx.o
    0x08003f6c   0x08003f6c   0x0000000c   Code   RO         1368    i.TIM3_IRQHandler   stm32f1xx_it.o
    0x08003f78   0x08003f78   0x00000078   Code   RO         3102    i.TIM_Base_SetConfig  stm32f1xx_hal_tim.o
    0x08003ff0   0x08003ff0   0x0000001a   Code   RO         3103    i.TIM_CCxChannelCmd  stm32f1xx_hal_tim.o
    0x0800400a   0x0800400a   0x00000014   Code   RO         3113    i.TIM_ETR_SetConfig  stm32f1xx_hal_tim.o
    0x0800401e   0x0800401e   0x00000010   Code   RO         3114    i.TIM_ITRx_SetConfig  stm32f1xx_hal_tim.o
    0x0800402e   0x0800402e   0x00000002   PAD
    0x08004030   0x08004030   0x00000050   Code   RO         3115    i.TIM_OC1_SetConfig  stm32f1xx_hal_tim.o
    0x08004080   0x08004080   0x00000058   Code   RO         3116    i.TIM_OC2_SetConfig  stm32f1xx_hal_tim.o
    0x080040d8   0x080040d8   0x00000058   Code   RO         3117    i.TIM_OC3_SetConfig  stm32f1xx_hal_tim.o
    0x08004130   0x08004130   0x00000044   Code   RO         3118    i.TIM_OC4_SetConfig  stm32f1xx_hal_tim.o
    0x08004174   0x08004174   0x00000022   Code   RO         3120    i.TIM_TI1_ConfigInputStage  stm32f1xx_hal_tim.o
    0x08004196   0x08004196   0x00000024   Code   RO         3122    i.TIM_TI2_ConfigInputStage  stm32f1xx_hal_tim.o
    0x080041ba   0x080041ba   0x00000002   PAD
    0x080041bc   0x080041bc   0x0000002c   Code   RO         1063    i.Turn              pid.o
    0x080041e8   0x080041e8   0x00000010   Code   RO         4023    i.UART_DMAAbortOnError  stm32f1xx_hal_uart.o
    0x080041f8   0x080041f8   0x0000004e   Code   RO         4033    i.UART_EndRxTransfer  stm32f1xx_hal_uart.o
    0x08004246   0x08004246   0x000000c2   Code   RO         4035    i.UART_Receive_IT   stm32f1xx_hal_uart.o
    0x08004308   0x08004308   0x000000b8   Code   RO         4036    i.UART_SetConfig    stm32f1xx_hal_uart.o
    0x080043c0   0x080043c0   0x00000036   Code   RO         4038    i.UART_Start_Receive_IT  stm32f1xx_hal_uart.o
    0x080043f6   0x080043f6   0x00000002   PAD
    0x080043f8   0x080043f8   0x0000006c   Code   RO         1369    i.USART3_IRQHandler  stm32f1xx_it.o
    0x08004464   0x08004464   0x00000002   Code   RO         1370    i.UsageFault_Handler  stm32f1xx_it.o
    0x08004466   0x08004466   0x00000002   PAD
    0x08004468   0x08004468   0x000000a4   Code   RO         1064    i.Velocity          pid.o
    0x0800450c   0x0800450c   0x00000034   Code   RO         1065    i.Vertical          pid.o
    0x08004540   0x08004540   0x00000034   Code   RO           25    i.WriteCmd          oled.o
    0x08004574   0x08004574   0x00000028   Code   RO         5447    i.__ARM_fpclassify  m_ws.l(fpclassify.o)
    0x0800459c   0x0800459c   0x00000020   Code   RO         2520    i.__NVIC_SetPriority  stm32f1xx_hal_cortex.o
    0x080045bc   0x080045bc   0x000000aa   Code   RO         5449    i.__kernel_poly     m_ws.l(poly.o)
    0x08004666   0x08004666   0x00000006   Code   RO         5434    i.__mathlib_dbl_infnan  m_ws.l(dunder.o)
    0x0800466c   0x0800466c   0x00000004   Code   RO         5435    i.__mathlib_dbl_infnan2  m_ws.l(dunder.o)
    0x08004670   0x08004670   0x0000000c   Code   RO         5436    i.__mathlib_dbl_invalid  m_ws.l(dunder.o)
    0x0800467c   0x0800467c   0x00000010   Code   RO         5439    i.__mathlib_dbl_underflow  m_ws.l(dunder.o)
    0x0800468c   0x0800468c   0x0000000e   Code   RO         5297    i._is_digit         c_w.l(__printf_wp.o)
    0x0800469a   0x0800469a   0x00000002   PAD
    0x0800469c   0x0800469c   0x00000080   Code   RO          300    i.accel_self_test   inv_mpu.o
    0x0800471c   0x0800471c   0x00000270   Code   RO         5377    i.asin              m_ws.l(asin.o)
    0x0800498c   0x0800498c   0x00000220   Code   RO         5424    i.atan              m_ws.l(atan.o)
    0x08004bac   0x08004bac   0x00000180   Code   RO         5387    i.atan2             m_ws.l(atan2.o)
    0x08004d2c   0x08004d2c   0x0000003a   Code   RO          660    i.dmp_enable_6x_lp_quat  inv_mpu_dmp_motion_driver.o
    0x08004d66   0x08004d66   0x00000002   PAD
    0x08004d68   0x08004d68   0x000001d8   Code   RO          661    i.dmp_enable_feature  inv_mpu_dmp_motion_driver.o
    0x08004f40   0x08004f40   0x0000003c   Code   RO          662    i.dmp_enable_gyro_cal  inv_mpu_dmp_motion_driver.o
    0x08004f7c   0x08004f7c   0x0000003a   Code   RO          663    i.dmp_enable_lp_quat  inv_mpu_dmp_motion_driver.o
    0x08004fb6   0x08004fb6   0x00000002   PAD
    0x08004fb8   0x08004fb8   0x00000014   Code   RO          668    i.dmp_load_motion_driver_firmware  inv_mpu_dmp_motion_driver.o
    0x08004fcc   0x08004fcc   0x00000144   Code   RO          669    i.dmp_read_fifo     inv_mpu_dmp_motion_driver.o
    0x08005110   0x08005110   0x000000d8   Code   RO          672    i.dmp_set_accel_bias  inv_mpu_dmp_motion_driver.o
    0x080051e8   0x080051e8   0x00000064   Code   RO          673    i.dmp_set_fifo_rate  inv_mpu_dmp_motion_driver.o
    0x0800524c   0x0800524c   0x000000cc   Code   RO          674    i.dmp_set_gyro_bias  inv_mpu_dmp_motion_driver.o
    0x08005318   0x08005318   0x0000010c   Code   RO          676    i.dmp_set_orientation  inv_mpu_dmp_motion_driver.o
    0x08005424   0x08005424   0x00000030   Code   RO          679    i.dmp_set_shake_reject_thresh  inv_mpu_dmp_motion_driver.o
    0x08005454   0x08005454   0x00000020   Code   RO          680    i.dmp_set_shake_reject_time  inv_mpu_dmp_motion_driver.o
    0x08005474   0x08005474   0x00000020   Code   RO          681    i.dmp_set_shake_reject_timeout  inv_mpu_dmp_motion_driver.o
    0x08005494   0x08005494   0x00000040   Code   RO          682    i.dmp_set_tap_axes  inv_mpu_dmp_motion_driver.o
    0x080054d4   0x080054d4   0x00000022   Code   RO          683    i.dmp_set_tap_count  inv_mpu_dmp_motion_driver.o
    0x080054f6   0x080054f6   0x00000002   PAD
    0x080054f8   0x080054f8   0x00000128   Code   RO          684    i.dmp_set_tap_thresh  inv_mpu_dmp_motion_driver.o
    0x08005620   0x08005620   0x00000020   Code   RO          685    i.dmp_set_tap_time  inv_mpu_dmp_motion_driver.o
    0x08005640   0x08005640   0x00000020   Code   RO          686    i.dmp_set_tap_time_multi  inv_mpu_dmp_motion_driver.o
    0x08005660   0x08005660   0x000000ac   Code   RO          301    i.get_accel_prod_shift  inv_mpu.o
    0x0800570c   0x0800570c   0x00000314   Code   RO          302    i.get_st_biases     inv_mpu.o
    0x08005a20   0x08005a20   0x000000d4   Code   RO          303    i.gyro_self_test    inv_mpu.o
    0x08005af4   0x08005af4   0x00000022   Code   RO          304    i.inv_orientation_matrix_to_scalar  inv_mpu.o
    0x08005b16   0x08005b16   0x00000048   Code   RO          305    i.inv_row_2_scale   inv_mpu.o
    0x08005b5e   0x08005b5e   0x00000002   PAD
    0x08005b60   0x08005b60   0x00000084   Code   RO         1110    i.main              main.o
    0x08005be4   0x08005be4   0x00000002   Code   RO          306    i.mget_ms           inv_mpu.o
    0x08005be6   0x08005be6   0x00000002   PAD
    0x08005be8   0x08005be8   0x00000054   Code   RO          307    i.mpu_configure_fifo  inv_mpu.o
    0x08005c3c   0x08005c3c   0x0000019c   Code   RO          308    i.mpu_dmp_get_data  inv_mpu.o
    0x08005dd8   0x08005dd8   0x0000009c   Code   RO          309    i.mpu_dmp_init      inv_mpu.o
    0x08005e74   0x08005e74   0x0000003c   Code   RO          310    i.mpu_get_accel_fsr  inv_mpu.o
    0x08005eb0   0x08005eb0   0x00000044   Code   RO          312    i.mpu_get_accel_sens  inv_mpu.o
    0x08005ef4   0x08005ef4   0x00000034   Code   RO          318    i.mpu_get_gyro_fsr  inv_mpu.o
    0x08005f28   0x08005f28   0x00000040   Code   RO          320    i.mpu_get_gyro_sens  inv_mpu.o
    0x08005f68   0x08005f68   0x00000038   Code   RO          322    i.mpu_get_lpf       inv_mpu.o
    0x08005fa0   0x08005fa0   0x0000001c   Code   RO          324    i.mpu_get_sample_rate  inv_mpu.o
    0x08005fbc   0x08005fbc   0x00000124   Code   RO          326    i.mpu_init          inv_mpu.o
    0x080060e0   0x080060e0   0x000000a0   Code   RO          327    i.mpu_load_firmware  inv_mpu.o
    0x08006180   0x08006180   0x000000b8   Code   RO          328    i.mpu_lp_accel_mode  inv_mpu.o
    0x08006238   0x08006238   0x00000090   Code   RO          331    i.mpu_read_fifo_stream  inv_mpu.o
    0x080062c8   0x080062c8   0x00000054   Code   RO          332    i.mpu_read_mem      inv_mpu.o
    0x0800631c   0x0800631c   0x00000160   Code   RO          335    i.mpu_reset_fifo    inv_mpu.o
    0x0800647c   0x0800647c   0x000000f0   Code   RO          336    i.mpu_run_self_test  inv_mpu.o
    0x0800656c   0x0800656c   0x00000068   Code   RO          338    i.mpu_set_accel_fsr  inv_mpu.o
    0x080065d4   0x080065d4   0x000000dc   Code   RO          339    i.mpu_set_bypass    inv_mpu.o
    0x080066b0   0x080066b0   0x00000078   Code   RO          341    i.mpu_set_dmp_state  inv_mpu.o
    0x08006728   0x08006728   0x0000006c   Code   RO          342    i.mpu_set_gyro_fsr  inv_mpu.o
    0x08006794   0x08006794   0x00000064   Code   RO          343    i.mpu_set_int_latched  inv_mpu.o
    0x080067f8   0x080067f8   0x0000006c   Code   RO          345    i.mpu_set_lpf       inv_mpu.o
    0x08006864   0x08006864   0x00000080   Code   RO          346    i.mpu_set_sample_rate  inv_mpu.o
    0x080068e4   0x080068e4   0x000000b8   Code   RO          347    i.mpu_set_sensors   inv_mpu.o
    0x0800699c   0x0800699c   0x00000054   Code   RO          348    i.mpu_write_mem     inv_mpu.o
    0x080069f0   0x080069f0   0x00000090   Code   RO         4818    i.prvAddCurrentTaskToDelayedList  tasks.o
    0x08006a80   0x08006a80   0x000000f0   Code   RO         4819    i.prvAddNewTaskToReadyList  tasks.o
    0x08006b70   0x08006b70   0x0000003c   Code   RO         4820    i.prvCheckTasksWaitingTermination  tasks.o
    0x08006bac   0x08006bac   0x00000026   Code   RO         4518    i.prvCopyDataFromQueue  queue.o
    0x08006bd2   0x08006bd2   0x00000014   Code   RO         4821    i.prvDeleteTCB      tasks.o
    0x08006be6   0x08006be6   0x00000002   PAD
    0x08006be8   0x08006be8   0x00000044   Code   RO         5133    i.prvHeapInit       heap_4.o
    0x08006c2c   0x08006c2c   0x00000028   Code   RO         4822    i.prvIdleTask       tasks.o
    0x08006c54   0x08006c54   0x00000070   Code   RO         4823    i.prvInitialiseNewTask  tasks.o
    0x08006cc4   0x08006cc4   0x0000004c   Code   RO         5134    i.prvInsertBlockIntoFreeList  heap_4.o
    0x08006d10   0x08006d10   0x0000001c   Code   RO         4520    i.prvIsQueueEmpty   queue.o
    0x08006d2c   0x08006d2c   0x0000001c   Code   RO         4824    i.prvResetNextTaskUnblockTime  tasks.o
    0x08006d48   0x08006d48   0x00000010   Code   RO         5201    i.prvTaskExitError  port.o
    0x08006d58   0x08006d58   0x0000006a   Code   RO         4521    i.prvUnlockQueue    queue.o
    0x08006dc2   0x08006dc2   0x00000002   PAD
    0x08006dc4   0x08006dc4   0x000000ac   Code   RO         5136    i.pvPortMalloc      heap_4.o
    0x08006e70   0x08006e70   0x00000024   Code   RO         5202    i.pxPortInitialiseStack  port.o
    0x08006e94   0x08006e94   0x00000080   Code   RO          349    i.run_self_test     inv_mpu.o
    0x08006f14   0x08006f14   0x00000058   Code   RO          350    i.set_int_enable    inv_mpu.o
    0x08006f6c   0x08006f6c   0x0000004c   Code   RO         5453    i.sqrt              m_ws.l(sqrt.o)
    0x08006fb8   0x08006fb8   0x00000024   Code   RO         4479    i.uxListRemove      list.o
    0x08006fdc   0x08006fdc   0x00000084   Code   RO         1503    i.vBalanceTask      app_freertos.o
    0x08007060   0x08007060   0x00000104   Code   RO         1504    i.vDisplayTask      app_freertos.o
    0x08007164   0x08007164   0x00000016   Code   RO         4480    i.vListInitialise   list.o
    0x0800717a   0x0800717a   0x00000006   Code   RO         4481    i.vListInitialiseItem  list.o
    0x08007180   0x08007180   0x00000030   Code   RO         4482    i.vListInsert       list.o
    0x080071b0   0x080071b0   0x0000001c   Code   RO         5204    i.vPortEnterCritical  port.o
    0x080071cc   0x080071cc   0x00000014   Code   RO         5205    i.vPortExitCritical  port.o
    0x080071e0   0x080071e0   0x00000044   Code   RO         5137    i.vPortFree         heap_4.o
    0x08007224   0x08007224   0x00000018   Code   RO         5206    i.vPortSetupTimerInterrupt  port.o
    0x0800723c   0x0800723c   0x00000010   Code   RO         4836    i.vTaskInternalSetTimeOutState  tasks.o
    0x0800724c   0x0800724c   0x0000000c   Code   RO         4837    i.vTaskMissedYield  tasks.o
    0x08007258   0x08007258   0x00000020   Code   RO         4838    i.vTaskPlaceOnEventList  tasks.o
    0x08007278   0x08007278   0x00000068   Code   RO         4845    i.vTaskStartScheduler  tasks.o
    0x080072e0   0x080072e0   0x00000010   Code   RO         4847    i.vTaskSuspendAll   tasks.o
    0x080072f0   0x080072f0   0x0000004c   Code   RO         4848    i.vTaskSwitchContext  tasks.o
    0x0800733c   0x0800733c   0x000000b8   Code   RO         1505    i.vUARTTask         app_freertos.o
    0x080073f4   0x080073f4   0x00000016   Code   RO         1506    i.vUltrasonicTask   app_freertos.o
    0x0800740a   0x0800740a   0x00000002   PAD
    0x0800740c   0x0800740c   0x00000030   Code   RO         5207    i.xPortStartScheduler  port.o
    0x0800743c   0x0800743c   0x0000002c   Code   RO         5208    i.xPortSysTickHandler  port.o
    0x08007468   0x08007468   0x00000046   Code   RO         4528    i.xQueueGenericCreate  queue.o
    0x080074ae   0x080074ae   0x00000002   PAD
    0x080074b0   0x080074b0   0x00000094   Code   RO         4529    i.xQueueGenericReset  queue.o
    0x08007544   0x08007544   0x000000f0   Code   RO         4537    i.xQueueReceive     queue.o
    0x08007634   0x08007634   0x00000058   Code   RO         4850    i.xTaskCheckForTimeOut  tasks.o
    0x0800768c   0x0800768c   0x0000005c   Code   RO         4851    i.xTaskCreate       tasks.o
    0x080076e8   0x080076e8   0x00000058   Code   RO         4852    i.xTaskDelayUntil   tasks.o
    0x08007740   0x08007740   0x0000001c   Code   RO         4859    i.xTaskGetSchedulerState  tasks.o
    0x0800775c   0x0800775c   0x0000000c   Code   RO         4860    i.xTaskGetTickCount  tasks.o
    0x08007768   0x08007768   0x00000128   Code   RO         4862    i.xTaskIncrementTick  tasks.o
    0x08007890   0x08007890   0x000000cc   Code   RO         4863    i.xTaskRemoveFromEventList  tasks.o
    0x0800795c   0x0800795c   0x00000134   Code   RO         4864    i.xTaskResumeAll    tasks.o
    0x08007a90   0x08007a90   0x0000002c   Code   RO         5521    locale$$code        c_w.l(lc_numeric_c.o)
    0x08007abc   0x08007abc   0x00000062   Code   RO         5324    x$fpl$d2f           fz_ws.l(d2f.o)
    0x08007b1e   0x08007b1e   0x00000002   PAD
    0x08007b20   0x08007b20   0x00000150   Code   RO         5326    x$fpl$dadd          fz_ws.l(daddsub_clz.o)
    0x08007c70   0x08007c70   0x00000010   Code   RO         5523    x$fpl$dcheck1       fz_ws.l(dcheck1.o)
    0x08007c80   0x08007c80   0x000002b0   Code   RO         5333    x$fpl$ddiv          fz_ws.l(ddiv.o)
    0x08007f30   0x08007f30   0x00000026   Code   RO         5336    x$fpl$dfltu         fz_ws.l(dflt_clz.o)
    0x08007f56   0x08007f56   0x00000002   PAD
    0x08007f58   0x08007f58   0x00000154   Code   RO         5342    x$fpl$dmul          fz_ws.l(dmul.o)
    0x080080ac   0x080080ac   0x0000009c   Code   RO         5410    x$fpl$dnaninf       fz_ws.l(dnaninf.o)
    0x08008148   0x08008148   0x0000000c   Code   RO         5412    x$fpl$dretinf       fz_ws.l(dretinf.o)
    0x08008154   0x08008154   0x00000016   Code   RO         5327    x$fpl$drsb          fz_ws.l(daddsub_clz.o)
    0x0800816a   0x0800816a   0x00000002   PAD
    0x0800816c   0x0800816c   0x000001cc   Code   RO         5527    x$fpl$dsqrt         fz_ws.l(dsqrt_noumaal.o)
    0x08008338   0x08008338   0x000001d4   Code   RO         5328    x$fpl$dsub          fz_ws.l(daddsub_clz.o)
    0x0800850c   0x0800850c   0x00000056   Code   RO         5344    x$fpl$f2d           fz_ws.l(f2d.o)
    0x08008562   0x08008562   0x00000002   PAD
    0x08008564   0x08008564   0x000000c4   Code   RO         5346    x$fpl$fadd          fz_ws.l(faddsub_clz.o)
    0x08008628   0x08008628   0x0000000c   Code   RO         5414    x$fpl$fcheck1       fz_ws.l(fcheck1.o)
    0x08008634   0x08008634   0x00000184   Code   RO         5353    x$fpl$fdiv          fz_ws.l(fdiv.o)
    0x080087b8   0x080087b8   0x00000036   Code   RO         5356    x$fpl$ffix          fz_ws.l(ffix.o)
    0x080087ee   0x080087ee   0x00000002   PAD
    0x080087f0   0x080087f0   0x0000003e   Code   RO         5360    x$fpl$ffixu         fz_ws.l(ffixu.o)
    0x0800882e   0x0800882e   0x00000002   PAD
    0x08008830   0x08008830   0x00000030   Code   RO         5365    x$fpl$fflt          fz_ws.l(fflt_clz.o)
    0x08008860   0x08008860   0x00000026   Code   RO         5364    x$fpl$ffltu         fz_ws.l(fflt_clz.o)
    0x08008886   0x08008886   0x00000002   PAD
    0x08008888   0x08008888   0x00000102   Code   RO         5370    x$fpl$fmul          fz_ws.l(fmul.o)
    0x0800898a   0x0800898a   0x0000008c   Code   RO         5416    x$fpl$fnaninf       fz_ws.l(fnaninf.o)
    0x08008a16   0x08008a16   0x0000000a   Code   RO         5418    x$fpl$fretinf       fz_ws.l(fretinf.o)
    0x08008a20   0x08008a20   0x00000014   Code   RO         5347    x$fpl$frsb          fz_ws.l(faddsub_clz.o)
    0x08008a34   0x08008a34   0x000000ea   Code   RO         5348    x$fpl$fsub          fz_ws.l(faddsub_clz.o)
    0x08008b1e   0x08008b1e   0x00000004   Code   RO         5372    x$fpl$printf1       fz_ws.l(printf1.o)
    0x08008b22   0x08008b22   0x00000064   Code   RO         5531    x$fpl$retnan        fz_ws.l(retnan.o)
    0x08008b86   0x08008b86   0x0000005c   Code   RO         5420    x$fpl$scalbn        fz_ws.l(scalbn.o)
    0x08008be2   0x08008be2   0x0000004c   Code   RO         5374    x$fpl$scalbnf       fz_ws.l(scalbnf.o)
    0x08008c2e   0x08008c2e   0x00000030   Code   RO         5597    x$fpl$trapveneer    fz_ws.l(trapv.o)
    0x08008c5e   0x08008c5e   0x00000000   Code   RO         5422    x$fpl$usenofp       fz_ws.l(usenofp.o)
    0x08008c5e   0x08008c5e   0x000009c8   Data   RO           27    .constdata          oled.o
    0x08009626   0x08009626   0x0000001b   Data   RO          352    .constdata          inv_mpu.o
    0x08009641   0x08009641   0x00000001   PAD
    0x08009642   0x08009642   0x0000000c   Data   RO          353    .constdata          inv_mpu.o
    0x0800964e   0x0800964e   0x00000002   PAD
    0x08009650   0x08009650   0x00000028   Data   RO          354    .constdata          inv_mpu.o
    0x08009678   0x08009678   0x00000bf6   Data   RO          688    .constdata          inv_mpu_dmp_motion_driver.o
    0x0800a26e   0x0800a26e   0x00000012   Data   RO         2218    .constdata          stm32f1xx_hal_rcc.o
    0x0800a280   0x0800a280   0x00000010   Data   RO         4345    .constdata          system_stm32f1xx.o
    0x0800a290   0x0800a290   0x00000008   Data   RO         4346    .constdata          system_stm32f1xx.o
    0x0800a298   0x0800a298   0x00000050   Data   RO         5378    .constdata          m_ws.l(asin.o)
    0x0800a2e8   0x0800a2e8   0x00000098   Data   RO         5425    .constdata          m_ws.l(atan.o)
    0x0800a380   0x0800a380   0x00000008   Data   RO         5451    .constdata          m_ws.l(qnan.o)
    0x0800a388   0x0800a388   0x00000094   Data   RO         5496    .constdata          c_w.l(bigflt0.o)
    0x0800a41c   0x0800a41c   0x00000020   Data   RO         5682    Region$$Table       anon$$obj.o
    0x0800a43c   0x0800a43c   0x0000001c   Data   RO         5520    locale$$data        c_w.l(lc_numeric_c.o)


    Execution Region RW_IRAM1 (Exec base: 0x20000000, Load base: 0x0800a458, Size: 0x00004e48, Max: 0x00005000, ABSOLUTE, COMPRESSED[0x00000060])

    Exec Addr    Load Addr    Size         Type   Attr      Idx    E Section Name        Object

    0x20000000   COMPRESSED   0x0000001b   Data   RW           28    .data               oled.o
    0x2000001b   COMPRESSED   0x00000001   PAD
    0x2000001c   COMPRESSED   0x00000035   Data   RW          355    .data               inv_mpu.o
    0x20000051   COMPRESSED   0x00000003   PAD
    0x20000054   COMPRESSED   0x00000008   Data   RW          941    .data               sr04.o
    0x2000005c   COMPRESSED   0x00000068   Data   RW         1066    .data               pid.o
    0x200000c4   COMPRESSED   0x00000007   Data   RW         1371    .data               stm32f1xx_it.o
    0x200000cb   COMPRESSED   0x00000001   PAD
    0x200000cc   COMPRESSED   0x00000014   Data   RW         1507    .data               app_freertos.o
    0x200000e0   COMPRESSED   0x0000000c   Data   RW         2055    .data               stm32f1xx_hal.o
    0x200000ec   COMPRESSED   0x00000004   Data   RW         4347    .data               system_stm32f1xx.o
    0x200000f0   COMPRESSED   0x00000040   Data   RW         4867    .data               tasks.o
    0x20000130   COMPRESSED   0x0000001c   Data   RW         5144    .data               heap_4.o
    0x2000014c   COMPRESSED   0x00000004   Data   RW         5209    .data               port.o
    0x20000150        -       0x00000010   Zero   RW          687    .bss                inv_mpu_dmp_motion_driver.o
    0x20000160        -       0x00000054   Zero   RW         1189    .bss                i2c.o
    0x200001b4        -       0x00000120   Zero   RW         1239    .bss                tim.o
    0x200002d4        -       0x00000048   Zero   RW         1321    .bss                usart.o
    0x2000031c        -       0x000000c8   Zero   RW         4866    .bss                tasks.o
    0x200003e4        -       0x00004400   Zero   RW         5143    .bss                heap_4.o
    0x200047e4        -       0x00000060   Zero   RW         5534    .bss                c_w.l(libspace.o)
    0x20004844   COMPRESSED   0x00000004   PAD
    0x20004848        -       0x00000200   Zero   RW            2    HEAP                startup_stm32f103xb.o
    0x20004a48        -       0x00000400   Zero   RW            1    STACK               startup_stm32f103xb.o


==============================================================================

Image component sizes


      Code (inc. data)   RO Data    RW Data    ZI Data      Debug   Object Name

       766        234          0         20          0       5245   app_freertos.o
        12          0          0          0          0        729   encoder.o
         0          0          0          0          0      15412   event_groups.o
       252         22          0          0          0        943   gpio.o
       384         20          0         28      17408       4927   heap_4.o
       176         30          0          0         84       1549   i2c.o
       556         46          0          0          0       5079   iic.o
      5216        210         79         53          0      28590   inv_mpu.o
      2350        118       3062          0         16      18734   inv_mpu_dmp_motion_driver.o
       112          0          0          0          0       2609   list.o
       230         20          0          0          0       1972   main.o
       166          8          0          0          0       1091   motor.o
       640          0          0          0          0       6849   mpu6050.o
       416         28       2504         27          0     438529   oled.o
       600         58          0        104          0       3515   pid.o
       366         44          0          4          0       8780   port.o
       630          8          0          0          0       9455   queue.o
       168         26          0          8          0       1997   sr04.o
        64         26        236          0       1536        780   startup_stm32f103xb.o
       164         28          0         12          0       5677   stm32f1xx_hal.o
       198         14          0          0          0      28767   stm32f1xx_hal_cortex.o
       222          4          0          0          0       1687   stm32f1xx_hal_dma.o
       524         40          0          0          0       3974   stm32f1xx_hal_gpio.o
      1414         32          0          0          0       9127   stm32f1xx_hal_i2c.o
        60          8          0          0          0        818   stm32f1xx_hal_msp.o
      1240         84         18          0          0       4944   stm32f1xx_hal_rcc.o
      2074         58          0          0          0      17888   stm32f1xx_hal_tim.o
       192         12          0          0          0       3049   stm32f1xx_hal_tim_ex.o
      1282         10          0          0          0       8998   stm32f1xx_hal_uart.o
       168         24          0          7          0      20797   stm32f1xx_it.o
         2          0         24          4          0       1035   system_stm32f1xx.o
      2016        146          0         64        200      32485   tasks.o
       812         84          0          0        288       5215   tim.o
       184         20          0          0         72       1574   usart.o

    ----------------------------------------------------------------------
     23708       1462       5958        336      19604     702820   Object Totals
         0          0         32          0          0          0   (incl. Generated)
        52          0          3          5          0          0   (incl. Padding)

    ----------------------------------------------------------------------

      Code (inc. data)   RO Data    RW Data    ZI Data      Debug   Library Member Name

        58          0          0          0          0          0   __dczerorl.o
         8          0          0          0          0         68   __main.o
       284          0          0          0          0        156   __printf_wp.o
         0          0          0          0          0          0   __rtentry.o
        12          0          0          0          0          0   __rtentry2.o
         6          0          0          0          0          0   __rtentry4.o
        52          8          0          0          0          0   __scatter.o
        28          0          0          0          0          0   __scatter_zi.o
        48          6          0          0          0         96   _printf_char_common.o
         6          0          0          0          0          0   _printf_d.o
       120         16          0          0          0         92   _printf_dec.o
         6          0          0          0          0          0   _printf_f.o
      1054          0          0          0          0        216   _printf_fp_dec.o
       128         16          0          0          0         84   _printf_fp_infnan.o
       178          0          0          0          0         88   _printf_intcommon.o
        78          0          0          0          0        108   _printf_pad.o
         0          0          0          0          0          0   _printf_percent.o
         4          0          0          0          0          0   _printf_percent_end.o
        22          0          0          0          0        100   _rserrno.o
        10          0          0          0          0         68   _sputc.o
        16          0          0          0          0         68   aeabi_memset.o
       228          4        148          0          0         96   bigflt0.o
      1936        128          0          0          0        672   btod.o
        18          0          0          0          0         80   exit.o
         6          0          0          0          0        152   heapauxi.o
         0          0          0          0          0          0   indicate_semi.o
        44         10         28          0          0         76   lc_numeric_c.o
         2          0          0          0          0          0   libinit.o
        18          0          0          0          0          0   libinit2.o
         2          0          0          0          0          0   libshutdown.o
         2          0          0          0          0          0   libshutdown2.o
         8          4          0          0         96         68   libspace.o
        72          0          0          0          0         76   llsdiv.o
       138          0          0          0          0         80   lludiv10.o
       238          0          0          0          0        100   lludivv7m.o
        88          0          0          0          0         76   memcmp.o
        40          6          0          0          0         84   noretval__2sprintf.o
         8          4          0          0          0         68   rt_errno_addr_intlibspace.o
         8          4          0          0          0         68   rt_locale_intlibspace.o
        68          0          0          0          0         68   rt_memclr.o
        78          0          0          0          0         80   rt_memclr_w.o
       138          0          0          0          0         68   rt_memcpy_v6.o
       100          0          0          0          0         80   rt_memcpy_w.o
         2          0          0          0          0          0   rtexit.o
        10          0          0          0          0          0   rtexit2.o
       128          0          0          0          0         68   strcmpv7m.o
        12          4          0          0          0         68   sys_exit.o
        74          0          0          0          0         80   sys_stackheap_outer.o
         2          0          0          0          0         68   use_no_semi.o
        98          4          0          0          0         92   d2f.o
       826         16          0          0          0        348   daddsub_clz.o
        16          4          0          0          0         68   dcheck1.o
       688        140          0          0          0        208   ddiv.o
        38          0          0          0          0         68   dflt_clz.o
       340         12          0          0          0        104   dmul.o
       156          4          0          0          0         92   dnaninf.o
        12          0          0          0          0         68   dretinf.o
       460         56          0          0          0        120   dsqrt_noumaal.o
        86          4          0          0          0         84   f2d.o
       450          8          0          0          0        236   faddsub_clz.o
        12          4          0          0          0         68   fcheck1.o
       388         76          0          0          0         96   fdiv.o
        54          4          0          0          0         84   ffix.o
        62          4          0          0          0         84   ffixu.o
        86          0          0          0          0        136   fflt_clz.o
       258          4          0          0          0         84   fmul.o
       140          4          0          0          0         84   fnaninf.o
        10          0          0          0          0         68   fretinf.o
         4          0          0          0          0         68   printf1.o
       100          0          0          0          0         68   retnan.o
        92          0          0          0          0         68   scalbn.o
        76          0          0          0          0         68   scalbnf.o
        48          0          0          0          0         68   trapv.o
         0          0          0          0          0          0   usenofp.o
       624         52         80          0          0        168   asin.o
       544         70        152          0          0        124   atan.o
       384         38          0          0          0        144   atan2.o
        38          6          0          0          0        272   dunder.o
        40          0          0          0          0         68   fpclassify.o
       170          0          0          0          0         96   poly.o
         0          0          8          0          0          0   qnan.o
        76          0          0          0          0         84   sqrt.o

    ----------------------------------------------------------------------
     11990        720        416          0        100       6908   Library Totals
        28          0          0          0          4          0   (incl. Padding)

    ----------------------------------------------------------------------

      Code (inc. data)   RO Data    RW Data    ZI Data      Debug   Library Name

      5586        210        176          0         96       3420   c_w.l
      4500        344          0          0          0       2532   fz_ws.l
      1876        166        240          0          0        956   m_ws.l

    ----------------------------------------------------------------------
     11990        720        416          0        100       6908   Library Totals

    ----------------------------------------------------------------------

==============================================================================


      Code (inc. data)   RO Data    RW Data    ZI Data      Debug   

     35698       2182       6374        336      19704     693760   Grand Totals
     35698       2182       6374         96      19704     693760   ELF Image Totals (compressed)
     35698       2182       6374         96          0          0   ROM Totals

==============================================================================

    Total RO  Size (Code + RO Data)                42072 (  41.09kB)
    Total RW  Size (RW Data + ZI Data)             20040 (  19.57kB)
    Total ROM Size (Code + RO Data + RW Data)      42168 (  41.18kB)

==============================================================================

