Component: ARM Compiler 5.06 update 5 (build 528) Tool: armlink [4d35e2]

==============================================================================

Section Cross References

    startup_stm32f103xb.o(STACK) refers (Special) to heapauxi.o(.text) for __use_two_region_memory
    startup_stm32f103xb.o(HEAP) refers (Special) to heapauxi.o(.text) for __use_two_region_memory
    startup_stm32f103xb.o(RESET) refers (Special) to heapauxi.o(.text) for __use_two_region_memory
    startup_stm32f103xb.o(RESET) refers to startup_stm32f103xb.o(STACK) for __initial_sp
    startup_stm32f103xb.o(RESET) refers to startup_stm32f103xb.o(.text) for Reset_Handler
    startup_stm32f103xb.o(RESET) refers to stm32f1xx_it.o(i.NMI_Handler) for NMI_Handler
    startup_stm32f103xb.o(RESET) refers to stm32f1xx_it.o(i.HardFault_Handler) for HardFault_Handler
    startup_stm32f103xb.o(RESET) refers to stm32f1xx_it.o(i.MemManage_Handler) for MemManage_Handler
    startup_stm32f103xb.o(RESET) refers to stm32f1xx_it.o(i.BusFault_Handler) for BusFault_Handler
    startup_stm32f103xb.o(RESET) refers to stm32f1xx_it.o(i.UsageFault_Handler) for UsageFault_Handler
    startup_stm32f103xb.o(RESET) refers to stm32f1xx_it.o(i.SVC_Handler) for SVC_Handler
    startup_stm32f103xb.o(RESET) refers to stm32f1xx_it.o(i.DebugMon_Handler) for DebugMon_Handler
    startup_stm32f103xb.o(RESET) refers to stm32f1xx_it.o(i.PendSV_Handler) for PendSV_Handler
    startup_stm32f103xb.o(RESET) refers to stm32f1xx_it.o(i.SysTick_Handler) for SysTick_Handler
    startup_stm32f103xb.o(RESET) refers to stm32f1xx_it.o(i.EXTI2_IRQHandler) for EXTI2_IRQHandler
    startup_stm32f103xb.o(RESET) refers to stm32f1xx_it.o(i.EXTI9_5_IRQHandler) for EXTI9_5_IRQHandler
    startup_stm32f103xb.o(RESET) refers to stm32f1xx_it.o(i.TIM3_IRQHandler) for TIM3_IRQHandler
    startup_stm32f103xb.o(RESET) refers to stm32f1xx_it.o(i.USART3_IRQHandler) for USART3_IRQHandler
    startup_stm32f103xb.o(.text) refers (Special) to heapauxi.o(.text) for __use_two_region_memory
    startup_stm32f103xb.o(.text) refers to system_stm32f1xx.o(i.SystemInit) for SystemInit
    startup_stm32f103xb.o(.text) refers to __main.o(!!!main) for __main
    startup_stm32f103xb.o(.text) refers to startup_stm32f103xb.o(HEAP) for Heap_Mem
    startup_stm32f103xb.o(.text) refers to startup_stm32f103xb.o(STACK) for Stack_Mem
    oled.o(i.OLED_Clear) refers to oled.o(i.OLED_WR_CMD) for OLED_WR_CMD
    oled.o(i.OLED_Clear) refers to oled.o(i.OLED_WR_DATA) for OLED_WR_DATA
    oled.o(i.OLED_Display_Off) refers to oled.o(i.OLED_WR_CMD) for OLED_WR_CMD
    oled.o(i.OLED_Display_On) refers to oled.o(i.OLED_WR_CMD) for OLED_WR_CMD
    oled.o(i.OLED_Init) refers to stm32f1xx_hal.o(i.HAL_Delay) for HAL_Delay
    oled.o(i.OLED_Init) refers to oled.o(i.WriteCmd) for WriteCmd
    oled.o(i.OLED_On) refers to oled.o(i.OLED_WR_CMD) for OLED_WR_CMD
    oled.o(i.OLED_On) refers to oled.o(i.OLED_WR_DATA) for OLED_WR_DATA
    oled.o(i.OLED_Set_Pos) refers to oled.o(i.OLED_WR_CMD) for OLED_WR_CMD
    oled.o(i.OLED_ShowCHinese) refers to oled.o(i.OLED_Set_Pos) for OLED_Set_Pos
    oled.o(i.OLED_ShowCHinese) refers to oled.o(i.OLED_WR_DATA) for OLED_WR_DATA
    oled.o(i.OLED_ShowCHinese) refers to oled.o(.constdata) for .constdata
    oled.o(i.OLED_ShowChar) refers to oled.o(i.OLED_Set_Pos) for OLED_Set_Pos
    oled.o(i.OLED_ShowChar) refers to oled.o(i.OLED_WR_DATA) for OLED_WR_DATA
    oled.o(i.OLED_ShowChar) refers to oled.o(.constdata) for .constdata
    oled.o(i.OLED_ShowNum) refers to oled.o(i.oled_pow) for oled_pow
    oled.o(i.OLED_ShowNum) refers to oled.o(i.OLED_ShowChar) for OLED_ShowChar
    oled.o(i.OLED_ShowString) refers to oled.o(i.OLED_ShowChar) for OLED_ShowChar
    oled.o(i.OLED_WR_CMD) refers to stm32f1xx_hal_i2c.o(i.HAL_I2C_Mem_Write) for HAL_I2C_Mem_Write
    oled.o(i.OLED_WR_CMD) refers to i2c.o(.bss) for hi2c1
    oled.o(i.OLED_WR_DATA) refers to stm32f1xx_hal_i2c.o(i.HAL_I2C_Mem_Write) for HAL_I2C_Mem_Write
    oled.o(i.OLED_WR_DATA) refers to i2c.o(.bss) for hi2c1
    oled.o(i.WriteCmd) refers to stm32f1xx_hal_i2c.o(i.HAL_I2C_Mem_Write) for HAL_I2C_Mem_Write
    oled.o(i.WriteCmd) refers to oled.o(.data) for .data
    oled.o(i.WriteCmd) refers to i2c.o(.bss) for hi2c1
    iic.o(i.IIC_Ack) refers to stm32f1xx_hal_gpio.o(i.HAL_GPIO_WritePin) for HAL_GPIO_WritePin
    iic.o(i.IIC_Ack) refers to iic.o(i.IIC_Delay) for IIC_Delay
    iic.o(i.IIC_CheckDevice) refers to iic.o(i.IIC_GPIO_Init) for IIC_GPIO_Init
    iic.o(i.IIC_CheckDevice) refers to iic.o(i.IIC_Start) for IIC_Start
    iic.o(i.IIC_CheckDevice) refers to iic.o(i.IIC_Send_Byte) for IIC_Send_Byte
    iic.o(i.IIC_CheckDevice) refers to iic.o(i.IIC_Wait_Ack) for IIC_Wait_Ack
    iic.o(i.IIC_CheckDevice) refers to iic.o(i.IIC_Stop) for IIC_Stop
    iic.o(i.IIC_GPIO_Init) refers to stm32f1xx_hal_gpio.o(i.HAL_GPIO_Init) for HAL_GPIO_Init
    iic.o(i.IIC_GPIO_Init) refers to iic.o(i.IIC_Stop) for IIC_Stop
[...]
    __rt_lib_init_lc_numeric_2               0x08000179   Thumb Code     0  libinit2.o(.ARM.Collect$$libinit$$00000016)
    __rt_lib_init_alloca_1                   0x08000183   Thumb Code     0  libinit2.o(.ARM.Collect$$libinit$$0000002E)
    __rt_lib_init_argv_1                     0x08000183   Thumb Code     0  libinit2.o(.ARM.Collect$$libinit$$0000002C)
    __rt_lib_init_atexit_1                   0x08000183   Thumb Code     0  libinit2.o(.ARM.Collect$$libinit$$0000001B)
    __rt_lib_init_clock_1                    0x08000183   Thumb Code     0  libinit2.o(.ARM.Collect$$libinit$$00000021)
    __rt_lib_init_cpp_1                      0x08000183   Thumb Code     0  libinit2.o(.ARM.Collect$$libinit$$00000032)
    __rt_lib_init_exceptions_1               0x08000183   Thumb Code     0  libinit2.o(.ARM.Collect$$libinit$$00000030)
    __rt_lib_init_fp_trap_1                  0x08000183   Thumb Code     0  libinit2.o(.ARM.Collect$$libinit$$0000001F)
    __rt_lib_init_getenv_1                   0x08000183   Thumb Code     0  libinit2.o(.ARM.Collect$$libinit$$00000023)
    __rt_lib_init_lc_numeric_1               0x08000183   Thumb Code     0  libinit2.o(.ARM.Collect$$libinit$$00000017)
    __rt_lib_init_lc_time_1                  0x08000183   Thumb Code     0  libinit2.o(.ARM.Collect$$libinit$$00000019)
    __rt_lib_init_return                     0x08000183   Thumb Code     0  libinit2.o(.ARM.Collect$$libinit$$00000033)
    __rt_lib_init_signal_1                   0x08000183   Thumb Code     0  libinit2.o(.ARM.Collect$$libinit$$0000001D)
    __rt_lib_init_stdio_1                    0x08000183   Thumb Code     0  libinit2.o(.ARM.Collect$$libinit$$00000025)
    __rt_lib_shutdown                        0x08000185   Thumb Code     0  libshutdown.o(.ARM.Collect$$libshutdown$$00000000)
    __rt_lib_shutdown_cpp_1                  0x08000187   Thumb Code     0  libshutdown2.o(.ARM.Collect$$libshutdown$$00000002)
    __rt_lib_shutdown_fp_trap_1              0x08000187   Thumb Code     0  libshutdown2.o(.ARM.Collect$$libshutdown$$00000007)
    __rt_lib_shutdown_heap_1                 0x08000187   Thumb Code     0  libshutdown2.o(.ARM.Collect$$libshutdown$$0000000F)
    __rt_lib_shutdown_return                 0x08000187   Thumb Code     0  libshutdown2.o(.ARM.Collect$$libshutdown$$00000010)
    __rt_lib_shutdown_signal_1               0x08000187   Thumb Code     0  libshutdown2.o(.ARM.Collect$$libshutdown$$0000000A)
    __rt_lib_shutdown_stdio_1                0x08000187   Thumb Code     0  libshutdown2.o(.ARM.Collect$$libshutdown$$00000004)
    __rt_lib_shutdown_user_alloc_1           0x08000187   Thumb Code     0  libshutdown2.o(.ARM.Collect$$libshutdown$$0000000C)
    __rt_entry                               0x08000189   Thumb Code     0  __rtentry.o(.ARM.Collect$$rtentry$$00000000)
    __rt_entry_presh_1                       0x08000189   Thumb Code     0  __rtentry2.o(.ARM.Collect$$rtentry$$00000002)
    __rt_entry_sh                            0x08000189   Thumb Code     0  __rtentry4.o(.ARM.Collect$$rtentry$$00000004)
    __rt_entry_li                            0x0800018f   Thumb Code     0  __rtentry2.o(.ARM.Collect$$rtentry$$0000000A)
    __rt_entry_postsh_1                      0x0800018f   Thumb Code     0  __rtentry2.o(.ARM.Collect$$rtentry$$00000009)
    __rt_entry_main                          0x08000193   Thumb Code     0  __rtentry2.o(.ARM.Collect$$rtentry$$0000000D)
    __rt_entry_postli_1                      0x08000193   Thumb Code     0  __rtentry2.o(.ARM.Collect$$rtentry$$0000000C)
    __rt_exit                                0x0800019b   Thumb Code     0  rtexit.o(.ARM.Collect$$rtexit$$00000000)
    __rt_exit_ls                             0x0800019d   Thumb Code     0  rtexit2.o(.ARM.Collect$$rtexit$$00000003)
    __rt_exit_prels_1                        0x0800019d   Thumb Code     0  rtexit2.o(.ARM.Collect$$rtexit$$00000002)
    __rt_exit_exit                           0x080001a1   Thumb Code     0  rtexit2.o(.ARM.Collect$$rtexit$$00000004)
    Reset_Handler                            0x080001a9   Thumb Code     8  startup_stm32f103xb.o(.text)
    ADC1_2_IRQHandler                        0x080001c3   Thumb Code     0  startup_stm32f103xb.o(.text)
    CAN1_RX1_IRQHandler                      0x080001c3   Thumb Code     0  startup_stm32f103xb.o(.text)
    CAN1_SCE_IRQHandler                      0x080001c3   Thumb Code     0  startup_stm32f103xb.o(.text)
    DMA1_Channel1_IRQHandler                 0x080001c3   Thumb Code     0  startup_stm32f103xb.o(.text)
    DMA1_Channel2_IRQHandler                 0x080001c3   Thumb Code     0  startup_stm32f103xb.o(.text)
    DMA1_Channel3_IRQHandler                 0x080001c3   Thumb Code     0  startup_stm32f103xb.o(.text)
    DMA1_Channel4_IRQHandler                 0x080001c3   Thumb Code     0  startup_stm32f103xb.o(.text)
    DMA1_Channel5_IRQHandler                 0x080001c3   Thumb Code     0  startup_stm32f103xb.o(.text)
    DMA1_Channel6_IRQHandler                 0x080001c3   Thumb Code     0  startup_stm32f103xb.o(.text)
    DMA1_Channel7_IRQHandler                 0x080001c3   Thumb Code     0  startup_stm32f103xb.o(.text)
    EXTI0_IRQHandler                         0x080001c3   Thumb Code     0  startup_stm32f103xb.o(.text)
    EXTI15_10_IRQHandler                     0x080001c3   Thumb Code     0  startup_stm32f103xb.o(.text)
    EXTI1_IRQHandler                         0x080001c3   Thumb Code     0  startup_stm32f103xb.o(.text)
    EXTI3_IRQHandler                         0x080001c3   Thumb Code     0  startup_stm32f103xb.o(.text)
    EXTI4_IRQHandler                         0x080001c3   Thumb Code     0  startup_stm32f103xb.o(.text)
    FLASH_IRQHandler                         0x080001c3   Thumb Code     0  startup_stm32f103xb.o(.text)
    I2C1_ER_IRQHandler                       0x080001c3   Thumb Code     0  startup_stm32f103xb.o(.text)
    I2C1_EV_IRQHandler                       0x080001c3   Thumb Code     0  startup_stm32f103xb.o(.text)
    I2C2_ER_IRQHandler                       0x080001c3   Thumb Code     0  startup_stm32f103xb.o(.text)
    I2C2_EV_IRQHandler                       0x080001c3   Thumb Code     0  startup_stm32f103xb.o(.text)
    PVD_IRQHandler                           0x080001c3   Thumb Code     0  startup_stm32f103xb.o(.text)
    RCC_IRQHandler                           0x080001c3   Thumb Code     0  startup_stm32f103xb.o(.text)
    RTC_Alarm_IRQHandler                     0x080001c3   Thumb Code     0  startup_stm32f103xb.o(.text)
    RTC_IRQHandler                           0x080001c3   Thumb Code     0  startup_stm32f103xb.o(.text)
    SPI1_IRQHandler                          0x080001c3   Thumb Code     0  startup_stm32f103xb.o(.text)
    SPI2_IRQHandler                          0x080001c3   Thumb Code     0  startup_stm32f103xb.o(.text)
    TAMPER_IRQHandler                        0x080001c3   Thumb Code     0  startup_stm32f103xb.o(.text)
    TIM1_BRK_IRQHandler                      0x080001c3   Thumb Code     0  startup_stm32f103xb.o(.text)
    TIM1_CC_IRQHandler                       0x080001c3   Thumb Code     0  startup_stm32f103xb.o(.text)
    TIM1_TRG_COM_IRQHandler                  0x080001c3   Thumb Code     0  startup_stm32f103xb.o(.text)
    TIM1_UP_IRQHandler                       0x080001c3   Thumb Code     0  startup_stm32f103xb.o(.text)
    TIM2_IRQHandler                          0x080001c3   Thumb Code     0  startup_stm32f103xb.o(.text)
    TIM4_IRQHandler                          0x080001c3   Thumb Code     0  startup_stm32f103xb.o(.text)
    USART1_IRQHandler                        0x080001c3   Thumb Code     0  startup_stm32f103xb.o(.text)
    USART2_IRQHandler                        0x080001c3   Thumb Code     0  startup_stm32f103xb.o(.text)
    USBWakeUp_IRQHandler                     0x080001c3   Thumb Code     0  startup_stm32f103xb.o(.text)
    USB_HP_CAN1_TX_IRQHandler                0x080001c3   Thumb Code     0  startup_stm32f103xb.o(.text)
    USB_LP_CAN1_RX0_IRQHandler               0x080001c3   Thumb Code     0  startup_stm32f103xb.o(.text)
    WWDG_IRQHandler                          0x080001c3   Thumb Code     0  startup_stm32f103xb.o(.text)
    __user_initial_stackheap                 0x080001c5   Thumb Code     0  startup_stm32f103xb.o(.text)
    __aeabi_ldivmod                          0x080001e9   Thumb Code     0  llsdiv.o(.text)
    _ll_sdiv                                 0x080001e9   Thumb Code    72  llsdiv.o(.text)
    __2sprintf                               0x08000231   Thumb Code    34  noretval__2sprintf.o(.text)
    _printf_int_dec                          0x08000259   Thumb Code   104  _printf_dec.o(.text)
    __printf                                 0x080002d1   Thumb Code   270  __printf_wp.o(.text)
    memcmp                                   0x080003df   Thumb Code    88  memcmp.o(.text)
    __aeabi_memset                           0x08000437   Thumb Code    16  aeabi_memset.o(.text)
    __aeabi_memclr4                          0x08000447   Thumb Code     0  rt_memclr_w.o(.text)
    __aeabi_memclr8                          0x08000447   Thumb Code     0  rt_memclr_w.o(.text)
    __rt_memclr_w                            0x08000447   Thumb Code    78  rt_memclr_w.o(.text)
    _memset_w                                0x0800044b   Thumb Code     0  rt_memclr_w.o(.text)
    __use_two_region_memory                  0x08000495   Thumb Code     2  heapauxi.o(.text)
    __rt_heap_escrow$2region                 0x08000497   Thumb Code     2  heapauxi.o(.text)
    __rt_heap_expand$2region                 0x08000499   Thumb Code     2  heapauxi.o(.text)
    __aeabi_uldivmod                         0x0800049b   Thumb Code     0  lludivv7m.o(.text)
    _ll_udiv                                 0x0800049b   Thumb Code   238  lludivv7m.o(.text)
    __read_errno                             0x08000589   Thumb Code    10  _rserrno.o(.text)
    __set_errno                              0x08000593   Thumb Code    12  _rserrno.o(.text)
    _printf_int_common                       0x0800059f   Thumb Code   178  _printf_intcommon.o(.text)
    __lib_sel_fp_printf                      0x08000651   Thumb Code     2  _printf_fp_dec.o(.text)
    _printf_fp_dec_real                      0x08000803   Thumb Code   620  _printf_fp_dec.o(.text)
    _printf_char_common                      0x08000a7b   Thumb Code    32  _printf_char_common.o(.text)
    _sputc                                   0x08000aa1   Thumb Code    10  _sputc.o(.text)
    __aeabi_memclr                           0x08000aab   Thumb Code     0  rt_memclr.o(.text)
    __rt_memclr                              0x08000aab   Thumb Code    68  rt_memclr.o(.text)
    _memset                                  0x08000aaf   Thumb Code     0  rt_memclr.o(.text)
    __rt_locale                              0x08000af1   Thumb Code     8  rt_locale_intlibspace.o(.text)
    __aeabi_errno_addr                       0x08000af9   Thumb Code     8  rt_errno_addr_intlibspace.o(.text)
    __errno$intlibspace                      0x08000af9   Thumb Code     0  rt_errno_addr_intlibspace.o(.text)
    __rt_errno_addr$intlibspace              0x08000af9   Thumb Code     0  rt_errno_addr_intlibspace.o(.text)
    _ll_udiv10                               0x08000b01   Thumb Code   138  lludiv10.o(.text)
    _printf_fp_infnan                        0x08000b8d   Thumb Code   112  _printf_fp_infnan.o(.text)
    _btod_etento                             0x08000c0d   Thumb Code   224  bigflt0.o(.text)
    __user_libspace                          0x08000cf1   Thumb Code     8  libspace.o(.text)
    __user_perproc_libspace                  0x08000cf1   Thumb Code     0  libspace.o(.text)
    __user_perthread_libspace                0x08000cf1   Thumb Code     0  libspace.o(.text)
    __user_setup_stackheap                   0x08000cf9   Thumb Code    74  sys_stackheap_outer.o(.text)
    exit                                     0x08000d43   Thumb Code    18  exit.o(.text)
    strcmp                                   0x08000d55   Thumb Code   128  strcmpv7m.o(.text)
    _sys_exit                                0x08000dd5   Thumb Code     8  sys_exit.o(.text)
    __I$use$semihosting                      0x08000de1   Thumb Code     0  use_no_semi.o(.text)
    __use_no_semihosting_swi                 0x08000de1   Thumb Code     2  use_no_semi.o(.text)
    __semihosting_library_function           0x08000de3   Thumb Code     0  indicate_semi.o(.text)
    _btod_d2e                                0x08000de3   Thumb Code    62  btod.o(CL$$btod_d2e)
    _d2e_denorm_low                          0x08000e21   Thumb Code    70  btod.o(CL$$btod_d2e_denorm_low)
    _d2e_norm_op1                            0x08000e67   Thumb Code    96  btod.o(CL$$btod_d2e_norm_op1)
    __btod_div_common                        0x08000ec7   Thumb Code   696  btod.o(CL$$btod_div_common)
    _e2e                                     0x080011ff   Thumb Code   220  btod.o(CL$$btod_e2e)
    _btod_ediv                               0x080012db   Thumb Code    42  btod.o(CL$$btod_ediv)
    _btod_emul                               0x08001305   Thumb Code    42  btod.o(CL$$btod_emul)
    __btod_mult_common                       0x0800132f   Thumb Code   580  btod.o(CL$$btod_mult_common)
    BusFault_Handler                         0x08001573   Thumb Code     2  stm32f1xx_it.o(i.BusFault_Handler)
    Control                                  0x08001575   Thumb Code   300  pid.o(i.Control)
    DebugMon_Handler                         0x080016c9   Thumb Code     2  stm32f1xx_it.o(i.DebugMon_Handler)
    EXTI2_IRQHandler                         0x080016cb   Thumb Code     6  stm32f1xx_it.o(i.EXTI2_IRQHandler)
    EXTI9_5_IRQHandler                       0x080016d1   Thumb Code     6  stm32f1xx_it.o(i.EXTI9_5_IRQHandler)
    Error_Handler                            0x080016d7   Thumb Code     4  main.o(i.Error_Handler)
    GET_Distance                             0x080016dd   Thumb Code    34  sr04.o(i.GET_Distance)
    HAL_DMA_Abort                            0x08001705   Thumb Code    70  stm32f1xx_hal_dma.o(i.HAL_DMA_Abort)
    HAL_DMA_Abort_IT                         0x0800174d   Thumb Code   148  stm32f1xx_hal_dma.o(i.HAL_DMA_Abort_IT)
    HAL_Delay                                0x080017e5   Thumb Code    32  stm32f1xx_hal.o(i.HAL_Delay)
    HAL_GPIO_EXTI_Callback                   0x08001809   Thumb Code    84  sr04.o(i.HAL_GPIO_EXTI_Callback)
    HAL_GPIO_EXTI_IRQHandler                 0x08001871   Thumb Code    18  stm32f1xx_hal_gpio.o(i.HAL_GPIO_EXTI_IRQHandler)
    HAL_GPIO_Init                            0x08001889   Thumb Code   446  stm32f1xx_hal_gpio.o(i.HAL_GPIO_Init)
    HAL_GPIO_ReadPin                         0x08001a69   Thumb Code    10  stm32f1xx_hal_gpio.o(i.HAL_GPIO_ReadPin)
    HAL_GPIO_WritePin                        0x08001a73   Thumb Code    10  stm32f1xx_hal_gpio.o(i.HAL_GPIO_WritePin)
    HAL_GetTick                              0x08001a7d   Thumb Code     6  stm32f1xx_hal.o(i.HAL_GetTick)
    HAL_I2C_Init                             0x08001a89   Thumb Code   376  stm32f1xx_hal_i2c.o(i.HAL_I2C_Init)
    HAL_I2C_Mem_Write                        0x08001c11   Thumb Code   294  stm32f1xx_hal_i2c.o(i.HAL_I2C_Mem_Write)
    HAL_I2C_MspInit                          0x08001d41   Thumb Code    96  i2c.o(i.HAL_I2C_MspInit)
    HAL_IncTick                              0x08001db1   Thumb Code    12  stm32f1xx_hal.o(i.HAL_IncTick)
    HAL_Init                                 0x08001dc1   Thumb Code    32  stm32f1xx_hal.o(i.HAL_Init)
    HAL_InitTick                             0x08001de5   Thumb Code    54  stm32f1xx_hal.o(i.HAL_InitTick)
    HAL_MspInit                              0x08001e25   Thumb Code    52  stm32f1xx_hal_msp.o(i.HAL_MspInit)
    HAL_NVIC_EnableIRQ                       0x08001e61   Thumb Code    26  stm32f1xx_hal_cortex.o(i.HAL_NVIC_EnableIRQ)
    HAL_NVIC_SetPriority                     0x08001e7d   Thumb Code    60  stm32f1xx_hal_cortex.o(i.HAL_NVIC_SetPriority)
    HAL_NVIC_SetPriorityGrouping             0x08001ebd   Thumb Code    26  stm32f1xx_hal_cortex.o(i.HAL_NVIC_SetPriorityGrouping)
    HAL_RCC_ClockConfig                      0x08001ee1   Thumb Code   280  stm32f1xx_hal_rcc.o(i.HAL_RCC_ClockConfig)
    HAL_RCC_GetPCLK1Freq                     0x0800200d   Thumb Code    20  stm32f1xx_hal_rcc.o(i.HAL_RCC_GetPCLK1Freq)
    HAL_RCC_GetPCLK2Freq                     0x0800202d   Thumb Code    20  stm32f1xx_hal_rcc.o(i.HAL_RCC_GetPCLK2Freq)
    HAL_RCC_GetSysClockFreq                  0x0800204d   Thumb Code    58  stm32f1xx_hal_rcc.o(i.HAL_RCC_GetSysClockFreq)
    HAL_RCC_OscConfig                        0x08002099   Thumb Code   778  stm32f1xx_hal_rcc.o(i.HAL_RCC_OscConfig)
    HAL_SYSTICK_Config                       0x080023b9   Thumb Code    40  stm32f1xx_hal_cortex.o(i.HAL_SYSTICK_Config)
    HAL_TIMEx_BreakCallback                  0x080023e1   Thumb Code     2  stm32f1xx_hal_tim_ex.o(i.HAL_TIMEx_BreakCallback)
    HAL_TIMEx_CommutCallback                 0x080023e3   Thumb Code     2  stm32f1xx_hal_tim_ex.o(i.HAL_TIMEx_CommutCallback)
    HAL_TIMEx_ConfigBreakDeadTime            0x080023e5   Thumb Code    84  stm32f1xx_hal_tim_ex.o(i.HAL_TIMEx_ConfigBreakDeadTime)
    HAL_TIMEx_MasterConfigSynchronization    0x08002439   Thumb Code    92  stm32f1xx_hal_tim_ex.o(i.HAL_TIMEx_MasterConfigSynchronization)
    HAL_TIM_Base_Init                        0x080024a1   Thumb Code    90  stm32f1xx_hal_tim.o(i.HAL_TIM_Base_Init)
    HAL_TIM_Base_MspInit                     0x080024fd   Thumb Code    50  tim.o(i.HAL_TIM_Base_MspInit)
    HAL_TIM_Base_Start                       0x08002539   Thumb Code    66  stm32f1xx_hal_tim.o(i.HAL_TIM_Base_Start)
    HAL_TIM_Base_Stop                        0x08002589   Thumb Code    38  stm32f1xx_hal_tim.o(i.HAL_TIM_Base_Stop)
    HAL_TIM_ConfigClockSource                0x080025af   Thumb Code   220  stm32f1xx_hal_tim.o(i.HAL_TIM_ConfigClockSource)
    HAL_TIM_Encoder_Init                     0x0800268b   Thumb Code   164  stm32f1xx_hal_tim.o(i.HAL_TIM_Encoder_Init)
    HAL_TIM_Encoder_MspInit                  0x08002731   Thumb Code   122  tim.o(i.HAL_TIM_Encoder_MspInit)
    HAL_TIM_Encoder_Start                    0x080027bd   Thumb Code   142  stm32f1xx_hal_tim.o(i.HAL_TIM_Encoder_Start)
    HAL_TIM_IC_CaptureCallback               0x0800284b   Thumb Code     2  stm32f1xx_hal_tim.o(i.HAL_TIM_IC_CaptureCallback)
    HAL_TIM_IRQHandler                       0x0800284d   Thumb Code   304  stm32f1xx_hal_tim.o(i.HAL_TIM_IRQHandler)
    HAL_TIM_MspPostInit                      0x0800297d   Thumb Code    64  tim.o(i.HAL_TIM_MspPostInit)
    HAL_TIM_OC_DelayElapsedCallback          0x080029c9   Thumb Code     2  stm32f1xx_hal_tim.o(i.HAL_TIM_OC_DelayElapsedCallback)
    HAL_TIM_PWM_ConfigChannel                0x080029cb   Thumb Code   204  stm32f1xx_hal_tim.o(i.HAL_TIM_PWM_ConfigChannel)
    HAL_TIM_PWM_Init                         0x08002a97   Thumb Code    90  stm32f1xx_hal_tim.o(i.HAL_TIM_PWM_Init)
    HAL_TIM_PWM_MspInit                      0x08002af1   Thumb Code    30  tim.o(i.HAL_TIM_PWM_MspInit)
    HAL_TIM_PWM_PulseFinishedCallback        0x08002b19   Thumb Code     2  stm32f1xx_hal_tim.o(i.HAL_TIM_PWM_PulseFinishedCallback)
    HAL_TIM_PWM_Start                        0x08002b1d   Thumb Code   144  stm32f1xx_hal_tim.o(i.HAL_TIM_PWM_Start)
    HAL_TIM_PeriodElapsedCallback            0x08002bb9   Thumb Code     2  stm32f1xx_hal_tim.o(i.HAL_TIM_PeriodElapsedCallback)
    HAL_TIM_TriggerCallback                  0x08002bbb   Thumb Code     2  stm32f1xx_hal_tim.o(i.HAL_TIM_TriggerCallback)
    HAL_UARTEx_RxEventCallback               0x08002bbd   Thumb Code     2  stm32f1xx_hal_uart.o(i.HAL_UARTEx_RxEventCallback)
    HAL_UART_ErrorCallback                   0x08002bbf   Thumb Code     2  stm32f1xx_hal_uart.o(i.HAL_UART_ErrorCallback)
    HAL_UART_IRQHandler                      0x08002bc1   Thumb Code   616  stm32f1xx_hal_uart.o(i.HAL_UART_IRQHandler)
    HAL_UART_Init                            0x08002e2d   Thumb Code   100  stm32f1xx_hal_uart.o(i.HAL_UART_Init)
    HAL_UART_MspInit                         0x08002e91   Thumb Code   116  usart.o(i.HAL_UART_MspInit)
    HAL_UART_Receive_IT                      0x08002f11   Thumb Code    28  stm32f1xx_hal_uart.o(i.HAL_UART_Receive_IT)
    HAL_UART_RxCpltCallback                  0x08002f2d   Thumb Code     2  stm32f1xx_hal_uart.o(i.HAL_UART_RxCpltCallback)
    HAL_UART_TxCpltCallback                  0x08002f2f   Thumb Code     2  stm32f1xx_hal_uart.o(i.HAL_UART_TxCpltCallback)
    HardFault_Handler                        0x08002f31   Thumb Code     2  stm32f1xx_it.o(i.HardFault_Handler)
    IIC_Ack                                  0x08003205   Thumb Code    60  iic.o(i.IIC_Ack)
    IIC_GPIO_Init                            0x08003251   Thumb Code    50  iic.o(i.IIC_GPIO_Init)
    IIC_NAck                                 0x0800328d   Thumb Code    50  iic.o(i.IIC_NAck)
    IIC_Read_Byte                            0x080032c5   Thumb Code    84  iic.o(i.IIC_Read_Byte)
    IIC_Send_Byte                            0x0800331d   Thumb Code    86  iic.o(i.IIC_Send_Byte)
    IIC_Start                                0x08003379   Thumb Code    60  iic.o(i.IIC_Start)
    IIC_Stop                                 0x080033b9   Thumb Code    42  iic.o(i.IIC_Stop)
    IIC_Wait_Ack                             0x080033e9   Thumb Code    66  iic.o(i.IIC_Wait_Ack)
    Limit                                    0x08003431   Thumb Code    42  motor.o(i.Limit)
    Load                                     0x0800345d   Thumb Code   116  motor.o(i.Load)
    MPU_Get_Accelerometer                    0x080034d9   Thumb Code    50  mpu6050.o(i.MPU_Get_Accelerometer)
    MPU_Get_Gyroscope                        0x0800350b   Thumb Code    50  mpu6050.o(i.MPU_Get_Gyroscope)
    MPU_Init                                 0x0800353d   Thumb Code   118  mpu6050.o(i.MPU_Init)
    MPU_Read_Byte                            0x080035b3   Thumb Code    58  mpu6050.o(i.MPU_Read_Byte)
    MPU_Read_Len                             0x080035ed   Thumb Code   108  mpu6050.o(i.MPU_Read_Len)
    MPU_Set_Accel_Fsr                        0x08003659   Thumb Code    10  mpu6050.o(i.MPU_Set_Accel_Fsr)
    MPU_Set_Gyro_Fsr                         0x08003663   Thumb Code    10  mpu6050.o(i.MPU_Set_Gyro_Fsr)
    MPU_Set_LPF                              0x0800366d   Thumb Code    48  mpu6050.o(i.MPU_Set_LPF)
    MPU_Set_Rate                             0x0800369d   Thumb Code    46  mpu6050.o(i.MPU_Set_Rate)
    MPU_Write_Byte                           0x080036cb   Thumb Code    60  mpu6050.o(i.MPU_Write_Byte)
    MPU_Write_Len                            0x08003707   Thumb Code    82  mpu6050.o(i.MPU_Write_Len)
    MX_GPIO_Init                             0x08003759   Thumb Code   230  gpio.o(i.MX_GPIO_Init)
    MX_I2C1_Init                             0x08003855   Thumb Code    50  i2c.o(i.MX_I2C1_Init)
    MX_TIM1_Init                             0x08003895   Thumb Code   170  tim.o(i.MX_TIM1_Init)
    MX_TIM2_Init                             0x08003949   Thumb Code   100  tim.o(i.MX_TIM2_Init)
    MX_TIM3_Init                             0x080039b1   Thumb Code    94  tim.o(i.MX_TIM3_Init)
    MX_TIM4_Init                             0x08003a19   Thumb Code    98  tim.o(i.MX_TIM4_Init)
    MX_USART3_UART_Init                      0x08003a85   Thumb Code    48  usart.o(i.MX_USART3_UART_Init)
    MemManage_Handler                        0x08003abd   Thumb Code     2  stm32f1xx_it.o(i.MemManage_Handler)
    NMI_Handler                              0x08003abf   Thumb Code     2  stm32f1xx_it.o(i.NMI_Handler)
    OLED_Clear                               0x08003ac1   Thumb Code    52  oled.o(i.OLED_Clear)
    OLED_Init                                0x08003af5   Thumb Code    16  oled.o(i.OLED_Init)
    OLED_Set_Pos                             0x08003b05   Thumb Code    34  oled.o(i.OLED_Set_Pos)
    OLED_ShowChar                            0x08003b29   Thumb Code   126  oled.o(i.OLED_ShowChar)
    OLED_ShowString                          0x08003bb1   Thumb Code    54  oled.o(i.OLED_ShowString)
    OLED_WR_CMD                              0x08003be9   Thumb Code    32  oled.o(i.OLED_WR_CMD)
    OLED_WR_DATA                             0x08003c0d   Thumb Code    32  oled.o(i.OLED_WR_DATA)
    PendSV_Handler                           0x08003c31   Thumb Code     2  stm32f1xx_it.o(i.PendSV_Handler)
    RCCdelay_us                              0x08003c33   Thumb Code    24  sr04.o(i.RCCdelay_us)
    Read_Speed                               0x08003c4b   Thumb Code    12  encoder.o(i.Read_Speed)
    SVC_Handler                              0x08003c57   Thumb Code     2  stm32f1xx_it.o(i.SVC_Handler)
    SysTick_Handler                          0x08003c59   Thumb Code     4  stm32f1xx_it.o(i.SysTick_Handler)
    SystemClock_Config                       0x08003c5d   Thumb Code    94  main.o(i.SystemClock_Config)
    SystemInit                               0x08003cbb   Thumb Code     2  system_stm32f1xx.o(i.SystemInit)
    TIM3_IRQHandler                          0x08003cbd   Thumb Code     6  stm32f1xx_it.o(i.TIM3_IRQHandler)
    TIM_Base_SetConfig                       0x08003cc9   Thumb Code   108  stm32f1xx_hal_tim.o(i.TIM_Base_SetConfig)
    TIM_CCxChannelCmd                        0x08003d41   Thumb Code    26  stm32f1xx_hal_tim.o(i.TIM_CCxChannelCmd)
    TIM_ETR_SetConfig                        0x08003d5b   Thumb Code    20  stm32f1xx_hal_tim.o(i.TIM_ETR_SetConfig)
    TIM_OC2_SetConfig                        0x08003dd1   Thumb Code    84  stm32f1xx_hal_tim.o(i.TIM_OC2_SetConfig)
    Turn                                     0x08003f0d   Thumb Code    40  pid.o(i.Turn)
    UART_Start_Receive_IT                    0x08004111   Thumb Code    54  stm32f1xx_hal_uart.o(i.UART_Start_Receive_IT)
    USART3_IRQHandler                        0x08004149   Thumb Code    98  stm32f1xx_it.o(i.USART3_IRQHandler)
    UsageFault_Handler                       0x080041b5   Thumb Code     2  stm32f1xx_it.o(i.UsageFault_Handler)
    Velocity                                 0x080041b9   Thumb Code   154  pid.o(i.Velocity)
    Vertical                                 0x0800425d   Thumb Code    48  pid.o(i.Vertical)
    WriteCmd                                 0x08004291   Thumb Code    42  oled.o(i.WriteCmd)
    __ARM_fpclassify                         0x080042c5   Thumb Code    40  fpclassify.o(i.__ARM_fpclassify)
    __kernel_poly                            0x0800430d   Thumb Code   170  poly.o(i.__kernel_poly)
    __mathlib_dbl_infnan                     0x080043b7   Thumb Code     6  dunder.o(i.__mathlib_dbl_infnan)
    __mathlib_dbl_infnan2                    0x080043bd   Thumb Code     4  dunder.o(i.__mathlib_dbl_infnan2)
    __mathlib_dbl_invalid                    0x080043c1   Thumb Code    12  dunder.o(i.__mathlib_dbl_invalid)
    __mathlib_dbl_underflow                  0x080043cd   Thumb Code    10  dunder.o(i.__mathlib_dbl_underflow)
    _is_digit                                0x080043dd   Thumb Code    14  __printf_wp.o(i._is_digit)
    asin                                     0x0800446d   Thumb Code   572  asin.o(i.asin)
    atan                                     0x080046dd   Thumb Code   474  atan.o(i.atan)
    atan2                                    0x080048fd   Thumb Code   346  atan2.o(i.atan2)
    dmp_enable_6x_lp_quat                    0x08004a7d   Thumb Code    58  inv_mpu_dmp_motion_driver.o(i.dmp_enable_6x_lp_quat)
    dmp_enable_feature                       0x08004ab9   Thumb Code   464  inv_mpu_dmp_motion_driver.o(i.dmp_enable_feature)
    dmp_enable_gyro_cal                      0x08004c91   Thumb Code    34  inv_mpu_dmp_motion_driver.o(i.dmp_enable_gyro_cal)
    dmp_enable_lp_quat                       0x08004ccd   Thumb Code    58  inv_mpu_dmp_motion_driver.o(i.dmp_enable_lp_quat)
    dmp_load_motion_driver_firmware          0x08004d09   Thumb Code    16  inv_mpu_dmp_motion_driver.o(i.dmp_load_motion_driver_firmware)
    dmp_read_fifo                            0x08004d1d   Thumb Code   320  inv_mpu_dmp_motion_driver.o(i.dmp_read_fifo)
    dmp_set_accel_bias                       0x08004e61   Thumb Code   210  inv_mpu_dmp_motion_driver.o(i.dmp_set_accel_bias)
    dmp_set_fifo_rate                        0x08004f39   Thumb Code    82  inv_mpu_dmp_motion_driver.o(i.dmp_set_fifo_rate)
    dmp_set_gyro_bias                        0x08004f9d   Thumb Code   196  inv_mpu_dmp_motion_driver.o(i.dmp_set_gyro_bias)
    dmp_set_orientation                      0x08005069   Thumb Code   246  inv_mpu_dmp_motion_driver.o(i.dmp_set_orientation)
    dmp_set_shake_reject_thresh              0x08005175   Thumb Code    48  inv_mpu_dmp_motion_driver.o(i.dmp_set_shake_reject_thresh)
    dmp_set_shake_reject_time                0x080051a5   Thumb Code    32  inv_mpu_dmp_motion_driver.o(i.dmp_set_shake_reject_time)
    dmp_set_shake_reject_timeout             0x080051c5   Thumb Code    32  inv_mpu_dmp_motion_driver.o(i.dmp_set_shake_reject_timeout)
    dmp_set_tap_axes                         0x080051e5   Thumb Code    64  inv_mpu_dmp_motion_driver.o(i.dmp_set_tap_axes)
    dmp_set_tap_count                        0x08005225   Thumb Code    34  inv_mpu_dmp_motion_driver.o(i.dmp_set_tap_count)
    dmp_set_tap_thresh                       0x08005249   Thumb Code   274  inv_mpu_dmp_motion_driver.o(i.dmp_set_tap_thresh)
    dmp_set_tap_time                         0x08005371   Thumb Code    32  inv_mpu_dmp_motion_driver.o(i.dmp_set_tap_time)
    dmp_set_tap_time_multi                   0x08005391   Thumb Code    32  inv_mpu_dmp_motion_driver.o(i.dmp_set_tap_time_multi)
    inv_orientation_matrix_to_scalar         0x08005845   Thumb Code    34  inv_mpu.o(i.inv_orientation_matrix_to_scalar)
    inv_row_2_scale                          0x08005867   Thumb Code    72  inv_mpu.o(i.inv_row_2_scale)
    main                                     0x080058b1   Thumb Code   254  main.o(i.main)
    mget_ms                                  0x08005a25   Thumb Code     2  inv_mpu.o(i.mget_ms)
    mpu_configure_fifo                       0x08005a29   Thumb Code    78  inv_mpu.o(i.mpu_configure_fifo)
    mpu_dmp_get_data                         0x08005a7d   Thumb Code   408  inv_mpu.o(i.mpu_dmp_get_data)
    mpu_dmp_init                             0x08005c19   Thumb Code   152  inv_mpu.o(i.mpu_dmp_init)
    mpu_get_accel_fsr                        0x08005cb5   Thumb Code    54  inv_mpu.o(i.mpu_get_accel_fsr)
    mpu_get_accel_sens                       0x08005cf1   Thumb Code    62  inv_mpu.o(i.mpu_get_accel_sens)
    mpu_get_gyro_fsr                         0x08005d35   Thumb Code    48  inv_mpu.o(i.mpu_get_gyro_fsr)
    mpu_get_gyro_sens                        0x08005d69   Thumb Code    44  inv_mpu.o(i.mpu_get_gyro_sens)
    mpu_get_lpf                              0x08005da9   Thumb Code    52  inv_mpu.o(i.mpu_get_lpf)
    mpu_get_sample_rate                      0x08005de1   Thumb Code    22  inv_mpu.o(i.mpu_get_sample_rate)
    mpu_init                                 0x08005dfd   Thumb Code   288  inv_mpu.o(i.mpu_init)
    mpu_load_firmware                        0x08005f21   Thumb Code   154  inv_mpu.o(i.mpu_load_firmware)
    mpu_lp_accel_mode                        0x08005fc1   Thumb Code   178  inv_mpu.o(i.mpu_lp_accel_mode)
    mpu_read_fifo_stream                     0x08006079   Thumb Code   140  inv_mpu.o(i.mpu_read_fifo_stream)
    mpu_read_mem                             0x08006109   Thumb Code    80  inv_mpu.o(i.mpu_read_mem)
    mpu_reset_fifo                           0x0800615d   Thumb Code   346  inv_mpu.o(i.mpu_reset_fifo)
    mpu_run_self_test                        0x080062bd   Thumb Code   234  inv_mpu.o(i.mpu_run_self_test)
    mpu_set_accel_fsr                        0x080063ad   Thumb Code    98  inv_mpu.o(i.mpu_set_accel_fsr)
    mpu_set_bypass                           0x08006415   Thumb Code   214  inv_mpu.o(i.mpu_set_bypass)
    mpu_set_dmp_state                        0x080064f1   Thumb Code   114  inv_mpu.o(i.mpu_set_dmp_state)
    mpu_set_gyro_fsr                         0x08006569   Thumb Code   104  inv_mpu.o(i.mpu_set_gyro_fsr)
    mpu_set_int_latched                      0x080065d5   Thumb Code    94  inv_mpu.o(i.mpu_set_int_latched)
    mpu_set_lpf                              0x08006639   Thumb Code   102  inv_mpu.o(i.mpu_set_lpf)
    mpu_set_sample_rate                      0x080066a5   Thumb Code   124  inv_mpu.o(i.mpu_set_sample_rate)
    mpu_set_sensors                          0x08006725   Thumb Code   178  inv_mpu.o(i.mpu_set_sensors)
    mpu_write_mem                            0x080067dd   Thumb Code    80  inv_mpu.o(i.mpu_write_mem)
    run_self_test                            0x08006831   Thumb Code   128  inv_mpu.o(i.run_self_test)
    sqrt                                     0x08006909   Thumb Code    76  sqrt.o(i.sqrt)
    _get_lc_numeric                          0x08006955   Thumb Code    44  lc_numeric_c.o(locale$$code)
    __aeabi_d2f                              0x08006981   Thumb Code     0  d2f.o(x$fpl$d2f)
    _d2f                                     0x08006981   Thumb Code    98  d2f.o(x$fpl$d2f)
    __aeabi_dadd                             0x080069e5   Thumb Code     0  daddsub_clz.o(x$fpl$dadd)
    _dadd                                    0x080069e5   Thumb Code   332  daddsub_clz.o(x$fpl$dadd)
    __fpl_dcheck_NaN1                        0x08006b35   Thumb Code    10  dcheck1.o(x$fpl$dcheck1)
    __aeabi_ddiv                             0x08006b45   Thumb Code     0  ddiv.o(x$fpl$ddiv)
    _ddiv                                    0x08006b45   Thumb Code   552  ddiv.o(x$fpl$ddiv)
    __aeabi_ui2d                             0x08006df5   Thumb Code     0  dflt_clz.o(x$fpl$dfltu)
    _dfltu                                   0x08006df5   Thumb Code    38  dflt_clz.o(x$fpl$dfltu)
    __aeabi_dmul                             0x08006e1d   Thumb Code     0  dmul.o(x$fpl$dmul)
    _dmul                                    0x08006e1d   Thumb Code   332  dmul.o(x$fpl$dmul)
    __fpl_dnaninf                            0x08006f71   Thumb Code   156  dnaninf.o(x$fpl$dnaninf)
    __fpl_dretinf                            0x0800700d   Thumb Code    12  dretinf.o(x$fpl$dretinf)
    __aeabi_drsub                            0x08007019   Thumb Code     0  daddsub_clz.o(x$fpl$drsb)
    _drsb                                    0x08007019   Thumb Code    22  daddsub_clz.o(x$fpl$drsb)
    _dsqrt                                   0x08007031   Thumb Code   456  dsqrt_noumaal.o(x$fpl$dsqrt)
    __aeabi_dsub                             0x080071fd   Thumb Code     0  daddsub_clz.o(x$fpl$dsub)
    _dsub                                    0x080071fd   Thumb Code   464  daddsub_clz.o(x$fpl$dsub)
    __aeabi_f2d                              0x080073d1   Thumb Code     0  f2d.o(x$fpl$f2d)
    _f2d                                     0x080073d1   Thumb Code    86  f2d.o(x$fpl$f2d)
    __aeabi_fadd                             0x08007429   Thumb Code     0  faddsub_clz.o(x$fpl$fadd)
    _fadd                                    0x08007429   Thumb Code   196  faddsub_clz.o(x$fpl$fadd)
    __fpl_fcheck_NaN1                        0x080074ed   Thumb Code     6  fcheck1.o(x$fpl$fcheck1)
    __aeabi_fdiv                             0x080074f9   Thumb Code     0  fdiv.o(x$fpl$fdiv)
    _fdiv                                    0x080074f9   Thumb Code   384  fdiv.o(x$fpl$fdiv)
    __aeabi_f2iz                             0x0800767d   Thumb Code     0  ffix.o(x$fpl$ffix)
    _ffix                                    0x0800767d   Thumb Code    54  ffix.o(x$fpl$ffix)
    __aeabi_f2uiz                            0x080076b5   Thumb Code     0  ffixu.o(x$fpl$ffixu)
    _ffixu                                   0x080076b5   Thumb Code    62  ffixu.o(x$fpl$ffixu)
    __aeabi_i2f                              0x080076f5   Thumb Code     0  fflt_clz.o(x$fpl$fflt)
    _fflt                                    0x080076f5   Thumb Code    48  fflt_clz.o(x$fpl$fflt)
    __aeabi_ui2f                             0x08007725   Thumb Code     0  fflt_clz.o(x$fpl$ffltu)
    _ffltu                                   0x08007725   Thumb Code    38  fflt_clz.o(x$fpl$ffltu)
    __aeabi_fmul                             0x0800774d   Thumb Code     0  fmul.o(x$fpl$fmul)
    _fmul                                    0x0800774d   Thumb Code   258  fmul.o(x$fpl$fmul)
    __fpl_fnaninf                            0x0800784f   Thumb Code   140  fnaninf.o(x$fpl$fnaninf)
    __fpl_fretinf                            0x080078db   Thumb Code    10  fretinf.o(x$fpl$fretinf)
    __aeabi_frsub                            0x080078e5   Thumb Code     0  faddsub_clz.o(x$fpl$frsb)
    _frsb                                    0x080078e5   Thumb Code    20  faddsub_clz.o(x$fpl$frsb)
    __aeabi_fsub                             0x080078f9   Thumb Code     0  faddsub_clz.o(x$fpl$fsub)
    _fsub                                    0x080078f9   Thumb Code   234  faddsub_clz.o(x$fpl$fsub)
    _printf_fp_dec                           0x080079e3   Thumb Code     4  printf1.o(x$fpl$printf1)
    __fpl_return_NaN                         0x080079e7   Thumb Code   100  retnan.o(x$fpl$retnan)
    __ARM_scalbn                             0x08007a4b   Thumb Code    92  scalbn.o(x$fpl$scalbn)
    __ARM_scalbnf                            0x08007aa7   Thumb Code    76  scalbnf.o(x$fpl$scalbnf)
    __fpl_cmpreturn                          0x08007af3   Thumb Code    48  trapv.o(x$fpl$trapveneer)
    F6x8                                     0x08007b22   Data         552  oled.o(.constdata)
    __I$use$fp                               0x08007b22   Number         0  usenofp.o(x$fpl$usenofp)
    F8X16                                    0x08007d4a   Data        1504  oled.o(.constdata)
    Hzk                                      0x0800832a   Data         448  oled.o(.constdata)
    reg                                      0x080084ea   Data          27  inv_mpu.o(.constdata)
    hw                                       0x08008506   Data          12  inv_mpu.o(.constdata)
    test                                     0x08008514   Data          40  inv_mpu.o(.constdata)
    AHBPrescTable                            0x08009144   Data          16  system_stm32f1xx.o(.constdata)
    APBPrescTable                            0x08009154   Data           8  system_stm32f1xx.o(.constdata)
    __mathlib_zero                           0x08009248   Data           8  qnan.o(.constdata)
    Region$$Table$$Base                      0x080092e4   Number         0  anon$$obj.o(Region$$Table)
    Region$$Table$$Limit                     0x08009304   Number         0  anon$$obj.o(Region$$Table)
    CMD_Data                                 0x20000000   Data          27  oled.o(.data)
    count                                    0x20000054   Data           2  sr04.o(.data)
    distance                                 0x20000058   Data           4  sr04.o(.data)
    stop                                     0x2000005c   Data           1  pid.o(.data)
    gyrox                                    0x2000005e   Data           2  pid.o(.data)
    gyroy                                    0x20000060   Data           2  pid.o(.data)
    gyroz                                    0x20000062   Data           2  pid.o(.data)
    aacx                                     0x20000064   Data           2  pid.o(.data)
    aacy                                     0x20000066   Data           2  pid.o(.data)
    aacz                                     0x20000068   Data           2  pid.o(.data)
    Med_Angle                                0x2000006c   Data           4  pid.o(.data)
    Vertical_Kp                              0x20000070   Data           4  pid.o(.data)
    Vertical_Kd                              0x20000074   Data           4  pid.o(.data)
    Velocity_Kp                              0x20000078   Data           4  pid.o(.data)
    Velocity_Ki                              0x2000007c   Data           4  pid.o(.data)
    Turn_Kp                                  0x20000080   Data           4  pid.o(.data)
    Turn_Kd                                  0x20000084   Data           4  pid.o(.data)
    Encoder_Left                             0x20000094   Data           4  pid.o(.data)
    Encoder_Right                            0x20000098   Data           4  pid.o(.data)
    pitch                                    0x2000009c   Data           4  pid.o(.data)
    roll                                     0x200000a0   Data           4  pid.o(.data)
    yaw                                      0x200000a4   Data           4  pid.o(.data)
    Vertical_out                             0x200000a8   Data           4  pid.o(.data)
    Velocity_out                             0x200000ac   Data           4  pid.o(.data)
    Turn_out                                 0x200000b0   Data           4  pid.o(.data)
    Target_Speed                             0x200000b4   Data           4  pid.o(.data)
    Target_turn                              0x200000b8   Data           4  pid.o(.data)
    MOTO1                                    0x200000bc   Data           4  pid.o(.data)
    MOTO2                                    0x200000c0   Data           4  pid.o(.data)
    Bluetooth_data                           0x200000c4   Data           1  stm32f1xx_it.o(.data)
    Fore                                     0x200000c5   Data           1  stm32f1xx_it.o(.data)
    Back                                     0x200000c6   Data           1  stm32f1xx_it.o(.data)
    Left                                     0x200000c7   Data           1  stm32f1xx_it.o(.data)
    Right                                    0x200000c8   Data           1  stm32f1xx_it.o(.data)
    rx_buf                                   0x200000c9   Data           2  stm32f1xx_it.o(.data)
    uwTickFreq                               0x200000cc   Data           1  stm32f1xx_hal.o(.data)
    uwTickPrio                               0x200000d0   Data           4  stm32f1xx_hal.o(.data)
    uwTick                                   0x200000d4   Data           4  stm32f1xx_hal.o(.data)
    SystemCoreClock                          0x200000d8   Data           4  system_stm32f1xx.o(.data)
    display_buf                              0x200000ec   Data          20  main.o(.bss)
    hi2c1                                    0x20000100   Data          84  i2c.o(.bss)
    htim1                                    0x20000154   Data          72  tim.o(.bss)
    htim2                                    0x2000019c   Data          72  tim.o(.bss)
    htim3                                    0x200001e4   Data          72  tim.o(.bss)
    htim4                                    0x2000022c   Data          72  tim.o(.bss)
    huart3                                   0x20000274   Data          72  usart.o(.bss)
    __libspace_start                         0x200002bc   Data          96  libspace.o(.bss)
    __temporary_stack_top$libspace           0x2000031c   Data           0  libspace.o(.bss)



==============================================================================

Memory Map of the image

  Image Entry point : 0x080000ed

  Load Region LR_IROM1 (Base: 0x08000000, Size: 0x000093fc, Max: 0x00010000, ABSOLUTE)

    Execution Region ER_IROM1 (Exec base: 0x08000000, Load base: 0x08000000, Size: 0x00009320, Max: 0x00010000, ABSOLUTE)

    Exec Addr    Load Addr    Size         Type   Attr      Idx    E Section Name        Object

    0x08000000   0x08000000   0x000000ec   Data   RO            3    RESET               startup_stm32f103xb.o
    0x080000ec   0x080000ec   0x00000008   Code   RO         4354  * !!!main             c_w.l(__main.o)
    0x080000f4   0x080000f4   0x00000034   Code   RO         4716    !!!scatter          c_w.l(__scatter.o)
    0x08000128   0x08000128   0x0000001a   Code   RO         4718    !!handler_copy      c_w.l(__scatter_copy.o)
    0x08000142   0x08000142   0x00000002   PAD
    0x08000144   0x08000144   0x0000001c   Code   RO         4720    !!handler_zi        c_w.l(__scatter_zi.o)
    0x08000160   0x08000160   0x00000000   Code   RO         4345    .ARM.Collect$$_printf_percent$$00000000  c_w.l(_printf_percent.o)
    0x08000160   0x08000160   0x00000006   Code   RO         4344    .ARM.Collect$$_printf_percent$$00000003  c_w.l(_printf_f.o)
    0x08000166   0x08000166   0x00000006   Code   RO         4343    .ARM.Collect$$_printf_percent$$00000009  c_w.l(_printf_d.o)
    0x0800016c   0x0800016c   0x00000004   Code   RO         4439    .ARM.Collect$$_printf_percent$$00000017  c_w.l(_printf_percent_end.o)
    0x08000170   0x08000170   0x00000002   Code   RO         4581    .ARM.Collect$$libinit$$00000000  c_w.l(libinit.o)
    0x08000172   0x08000172   0x00000000   Code   RO         4583    .ARM.Collect$$libinit$$00000002  c_w.l(libinit2.o)
    0x08000172   0x08000172   0x00000000   Code   RO         4585    .ARM.Collect$$libinit$$00000004  c_w.l(libinit2.o)
    0x08000172   0x08000172   0x00000000   Code   RO         4588    .ARM.Collect$$libinit$$0000000A  c_w.l(libinit2.o)
    0x08000172   0x08000172   0x00000000   Code   RO         4590    .ARM.Collect$$libinit$$0000000C  c_w.l(libinit2.o)
    0x08000172   0x08000172   0x00000000   Code   RO         4592    .ARM.Collect$$libinit$$0000000E  c_w.l(libinit2.o)
    0x08000172   0x08000172   0x00000006   Code   RO         4593    .ARM.Collect$$libinit$$0000000F  c_w.l(libinit2.o)
    0x08000178   0x08000178   0x00000000   Code   RO         4595    .ARM.Collect$$libinit$$00000011  c_w.l(libinit2.o)
    0x08000178   0x08000178   0x00000000   Code   RO         4597    .ARM.Collect$$libinit$$00000013  c_w.l(libinit2.o)
    0x08000178   0x08000178   0x00000000   Code   RO         4599    .ARM.Collect$$libinit$$00000015  c_w.l(libinit2.o)
    0x08000178   0x08000178   0x0000000a   Code   RO         4600    .ARM.Collect$$libinit$$00000016  c_w.l(libinit2.o)
    0x08000182   0x08000182   0x00000000   Code   RO         4601    .ARM.Collect$$libinit$$00000017  c_w.l(libinit2.o)
    0x08000182   0x08000182   0x00000000   Code   RO         4603    .ARM.Collect$$libinit$$00000019  c_w.l(libinit2.o)
    0x08000182   0x08000182   0x00000000   Code   RO         4605    .ARM.Collect$$libinit$$0000001B  c_w.l(libinit2.o)
    0x08000182   0x08000182   0x00000000   Code   RO         4607    .ARM.Collect$$libinit$$0000001D  c_w.l(libinit2.o)
    0x08000182   0x08000182   0x00000000   Code   RO         4609    .ARM.Collect$$libinit$$0000001F  c_w.l(libinit2.o)
    0x08000182   0x08000182   0x00000000   Code   RO         4611    .ARM.Collect$$libinit$$00000021  c_w.l(libinit2.o)
    0x08000182   0x08000182   0x00000000   Code   RO         4613    .ARM.Collect$$libinit$$00000023  c_w.l(libinit2.o)
    0x08000182   0x08000182   0x00000000   Code   RO         4615    .ARM.Collect$$libinit$$00000025  c_w.l(libinit2.o)
    0x08000182   0x08000182   0x00000000   Code   RO         4619    .ARM.Collect$$libinit$$0000002C  c_w.l(libinit2.o)
    0x08000182   0x08000182   0x00000000   Code   RO         4621    .ARM.Collect$$libinit$$0000002E  c_w.l(libinit2.o)
    0x08000182   0x08000182   0x00000000   Code   RO         4623    .ARM.Collect$$libinit$$00000030  c_w.l(libinit2.o)
    0x08000182   0x08000182   0x00000000   Code   RO         4625    .ARM.Collect$$libinit$$00000032  c_w.l(libinit2.o)
    0x08000182   0x08000182   0x00000002   Code   RO         4626    .ARM.Collect$$libinit$$00000033  c_w.l(libinit2.o)
    0x08000184   0x08000184   0x00000002   Code   RO         4674    .ARM.Collect$$libshutdown$$00000000  c_w.l(libshutdown.o)
    0x08000186   0x08000186   0x00000000   Code   RO         4685    .ARM.Collect$$libshutdown$$00000002  c_w.l(libshutdown2.o)
    0x08000186   0x08000186   0x00000000   Code   RO         4687    .ARM.Collect$$libshutdown$$00000004  c_w.l(libshutdown2.o)
    0x08000186   0x08000186   0x00000000   Code   RO         4690    .ARM.Collect$$libshutdown$$00000007  c_w.l(libshutdown2.o)
    0x08000186   0x08000186   0x00000000   Code   RO         4693    .ARM.Collect$$libshutdown$$0000000A  c_w.l(libshutdown2.o)
    0x08000186   0x08000186   0x00000000   Code   RO         4695    .ARM.Collect$$libshutdown$$0000000C  c_w.l(libshutdown2.o)
    0x08000186   0x08000186   0x00000000   Code   RO         4698    .ARM.Collect$$libshutdown$$0000000F  c_w.l(libshutdown2.o)
    0x08000186   0x08000186   0x00000002   Code   RO         4699    .ARM.Collect$$libshutdown$$00000010  c_w.l(libshutdown2.o)
    0x08000188   0x08000188   0x00000000   Code   RO         4426    .ARM.Collect$$rtentry$$00000000  c_w.l(__rtentry.o)
    0x08000188   0x08000188   0x00000000   Code   RO         4493    .ARM.Collect$$rtentry$$00000002  c_w.l(__rtentry2.o)
    0x08000188   0x08000188   0x00000006   Code   RO         4505    .ARM.Collect$$rtentry$$00000004  c_w.l(__rtentry4.o)
    0x0800018e   0x0800018e   0x00000000   Code   RO         4495    .ARM.Collect$$rtentry$$00000009  c_w.l(__rtentry2.o)
    0x0800018e   0x0800018e   0x00000004   Code   RO         4496    .ARM.Collect$$rtentry$$0000000A  c_w.l(__rtentry2.o)
    0x08000192   0x08000192   0x00000000   Code   RO         4498    .ARM.Collect$$rtentry$$0000000C  c_w.l(__rtentry2.o)
    0x08000192   0x08000192   0x00000008   Code   RO         4499    .ARM.Collect$$rtentry$$0000000D  c_w.l(__rtentry2.o)
    0x0800019a   0x0800019a   0x00000002   Code   RO         4631    .ARM.Collect$$rtexit$$00000000  c_w.l(rtexit.o)
    0x0800019c   0x0800019c   0x00000000   Code   RO         4642    .ARM.Collect$$rtexit$$00000002  c_w.l(rtexit2.o)
    0x0800019c   0x0800019c   0x00000004   Code   RO         4643    .ARM.Collect$$rtexit$$00000003  c_w.l(rtexit2.o)
    0x080001a0   0x080001a0   0x00000006   Code   RO         4644    .ARM.Collect$$rtexit$$00000004  c_w.l(rtexit2.o)
    0x080001a6   0x080001a6   0x00000002   PAD
    0x080001a8   0x080001a8   0x00000040   Code   RO            4    .text               startup_stm32f103xb.o
    0x080001e8   0x080001e8   0x00000048   Code   RO         4313    .text               c_w.l(llsdiv.o)
    0x08000230   0x08000230   0x00000028   Code   RO         4317    .text               c_w.l(noretval__2sprintf.o)
    0x08000258   0x08000258   0x00000078   Code   RO         4321    .text               c_w.l(_printf_dec.o)
    0x080002d0   0x080002d0   0x0000010e   Code   RO         4331    .text               c_w.l(__printf_wp.o)
    0x080003de   0x080003de   0x00000058   Code   RO         4346    .text               c_w.l(memcmp.o)
    0x08000436   0x08000436   0x00000010   Code   RO         4348    .text               c_w.l(aeabi_memset.o)
    0x08000446   0x08000446   0x0000004e   Code   RO         4350    .text               c_w.l(rt_memclr_w.o)
    0x08000494   0x08000494   0x00000006   Code   RO         4352    .text               c_w.l(heapauxi.o)
    0x0800049a   0x0800049a   0x000000ee   Code   RO         4427    .text               c_w.l(lludivv7m.o)
    0x08000588   0x08000588   0x00000016   Code   RO         4429    .text               c_w.l(_rserrno.o)
    0x0800059e   0x0800059e   0x000000b2   Code   RO         4431    .text               c_w.l(_printf_intcommon.o)
    0x08000650   0x08000650   0x0000041e   Code   RO         4433    .text               c_w.l(_printf_fp_dec.o)
    0x08000a6e   0x08000a6e   0x00000002   PAD
    0x08000a70   0x08000a70   0x00000030   Code   RO         4435    .text               c_w.l(_printf_char_common.o)
    0x08000aa0   0x08000aa0   0x0000000a   Code   RO         4437    .text               c_w.l(_sputc.o)
    0x08000aaa   0x08000aaa   0x00000044   Code   RO         4440    .text               c_w.l(rt_memclr.o)
    0x08000aee   0x08000aee   0x00000002   PAD
    0x08000af0   0x08000af0   0x00000008   Code   RO         4514    .text               c_w.l(rt_locale_intlibspace.o)
    0x08000af8   0x08000af8   0x00000008   Code   RO         4519    .text               c_w.l(rt_errno_addr_intlibspace.o)
    0x08000b00   0x08000b00   0x0000008a   Code   RO         4521    .text               c_w.l(lludiv10.o)
    0x08000b8a   0x08000b8a   0x00000002   PAD
    0x08000b8c   0x08000b8c   0x00000080   Code   RO         4523    .text               c_w.l(_printf_fp_infnan.o)
    0x08000c0c   0x08000c0c   0x000000e4   Code   RO         4527    .text               c_w.l(bigflt0.o)
    0x08000cf0   0x08000cf0   0x00000008   Code   RO         4565    .text               c_w.l(libspace.o)
    0x08000cf8   0x08000cf8   0x0000004a   Code   RO         4568    .text               c_w.l(sys_stackheap_outer.o)
    0x08000d42   0x08000d42   0x00000012   Code   RO         4572    .text               c_w.l(exit.o)
    0x08000d54   0x08000d54   0x00000080   Code   RO         4574    .text               c_w.l(strcmpv7m.o)
    0x08000dd4   0x08000dd4   0x0000000c   Code   RO         4660    .text               c_w.l(sys_exit.o)
    0x08000de0   0x08000de0   0x00000002   Code   RO         4677    .text               c_w.l(use_no_semi.o)
    0x08000de2   0x08000de2   0x00000000   Code   RO         4679    .text               c_w.l(indicate_semi.o)
    0x08000de2   0x08000de2   0x0000003e   Code   RO         4530    CL$$btod_d2e        c_w.l(btod.o)
    0x08000e20   0x08000e20   0x00000046   Code   RO         4532    CL$$btod_d2e_denorm_low  c_w.l(btod.o)
    0x08000e66   0x08000e66   0x00000060   Code   RO         4531    CL$$btod_d2e_norm_op1  c_w.l(btod.o)
    0x08000ec6   0x08000ec6   0x00000338   Code   RO         4540    CL$$btod_div_common  c_w.l(btod.o)
    0x080011fe   0x080011fe   0x000000dc   Code   RO         4537    CL$$btod_e2e        c_w.l(btod.o)
    0x080012da   0x080012da   0x0000002a   Code   RO         4534    CL$$btod_ediv       c_w.l(btod.o)
    0x08001304   0x08001304   0x0000002a   Code   RO         4533    CL$$btod_emul       c_w.l(btod.o)
    0x0800132e   0x0800132e   0x00000244   Code   RO         4539    CL$$btod_mult_common  c_w.l(btod.o)
    0x08001572   0x08001572   0x00000002   Code   RO         1361    i.BusFault_Handler  stm32f1xx_it.o
    0x08001574   0x08001574   0x00000154   Code   RO         1062    i.Control           pid.o
    0x080016c8   0x080016c8   0x00000002   Code   RO         1362    i.DebugMon_Handler  stm32f1xx_it.o
    0x080016ca   0x080016ca   0x00000006   Code   RO         1363    i.EXTI2_IRQHandler  stm32f1xx_it.o
    0x080016d0   0x080016d0   0x00000006   Code   RO         1364    i.EXTI9_5_IRQHandler  stm32f1xx_it.o
    0x080016d6   0x080016d6   0x00000004   Code   RO         1108    i.Error_Handler     main.o
    0x080016da   0x080016da   0x00000002   PAD
    0x080016dc   0x080016dc   0x00000028   Code   RO          938    i.GET_Distance      sr04.o
    0x08001704   0x08001704   0x00000046   Code   RO         2342    i.HAL_DMA_Abort     stm32f1xx_hal_dma.o
    0x0800174a   0x0800174a   0x00000002   PAD
    0x0800174c   0x0800174c   0x00000098   Code   RO         2343    i.HAL_DMA_Abort_IT  stm32f1xx_hal_dma.o
    0x080017e4   0x080017e4   0x00000024   Code   RO         1968    i.HAL_Delay         stm32f1xx_hal.o
    0x08001808   0x08001808   0x00000068   Code   RO          939    i.HAL_GPIO_EXTI_Callback  sr04.o
    0x08001870   0x08001870   0x00000018   Code   RO         2277    i.HAL_GPIO_EXTI_IRQHandler  stm32f1xx_hal_gpio.o
    0x08001888   0x08001888   0x000001e0   Code   RO         2278    i.HAL_GPIO_Init     stm32f1xx_hal_gpio.o
    0x08001a68   0x08001a68   0x0000000a   Code   RO         2280    i.HAL_GPIO_ReadPin  stm32f1xx_hal_gpio.o
    0x08001a72   0x08001a72   0x0000000a   Code   RO         2282    i.HAL_GPIO_WritePin  stm32f1xx_hal_gpio.o
    0x08001a7c   0x08001a7c   0x0000000c   Code   RO         1972    i.HAL_GetTick       stm32f1xx_hal.o
    0x08001a88   0x08001a88   0x00000188   Code   RO         1535    i.HAL_I2C_Init      stm32f1xx_hal_i2c.o
    0x08001c10   0x08001c10   0x00000130   Code   RO         1556    i.HAL_I2C_Mem_Write  stm32f1xx_hal_i2c.o
    0x08001d40   0x08001d40   0x00000070   Code   RO         1188    i.HAL_I2C_MspInit   i2c.o
    0x08001db0   0x08001db0   0x00000010   Code   RO         1978    i.HAL_IncTick       stm32f1xx_hal.o
    0x08001dc0   0x08001dc0   0x00000024   Code   RO         1979    i.HAL_Init          stm32f1xx_hal.o
    0x08001de4   0x08001de4   0x00000040   Code   RO         1980    i.HAL_InitTick      stm32f1xx_hal.o
    0x08001e24   0x08001e24   0x0000003c   Code   RO         1464    i.HAL_MspInit       stm32f1xx_hal_msp.o
    0x08001e60   0x08001e60   0x0000001a   Code   RO         2438    i.HAL_NVIC_EnableIRQ  stm32f1xx_hal_cortex.o
    0x08001e7a   0x08001e7a   0x00000002   PAD
    0x08001e7c   0x08001e7c   0x00000040   Code   RO         2444    i.HAL_NVIC_SetPriority  stm32f1xx_hal_cortex.o
    0x08001ebc   0x08001ebc   0x00000024   Code   RO         2445    i.HAL_NVIC_SetPriorityGrouping  stm32f1xx_hal_cortex.o
    0x08001ee0   0x08001ee0   0x0000012c   Code   RO         2136    i.HAL_RCC_ClockConfig  stm32f1xx_hal_rcc.o
    0x0800200c   0x0800200c   0x00000020   Code   RO         2143    i.HAL_RCC_GetPCLK1Freq  stm32f1xx_hal_rcc.o
    0x0800202c   0x0800202c   0x00000020   Code   RO         2144    i.HAL_RCC_GetPCLK2Freq  stm32f1xx_hal_rcc.o
    0x0800204c   0x0800204c   0x0000004c   Code   RO         2145    i.HAL_RCC_GetSysClockFreq  stm32f1xx_hal_rcc.o
    0x08002098   0x08002098   0x00000320   Code   RO         2148    i.HAL_RCC_OscConfig  stm32f1xx_hal_rcc.o
    0x080023b8   0x080023b8   0x00000028   Code   RO         2449    i.HAL_SYSTICK_Config  stm32f1xx_hal_cortex.o
    0x080023e0   0x080023e0   0x00000002   Code   RO         3644    i.HAL_TIMEx_BreakCallback  stm32f1xx_hal_tim_ex.o
    0x080023e2   0x080023e2   0x00000002   Code   RO         3645    i.HAL_TIMEx_CommutCallback  stm32f1xx_hal_tim_ex.o
    0x080023e4   0x080023e4   0x00000054   Code   RO         3647    i.HAL_TIMEx_ConfigBreakDeadTime  stm32f1xx_hal_tim_ex.o
    0x08002438   0x08002438   0x00000068   Code   RO         3663    i.HAL_TIMEx_MasterConfigSynchronization  stm32f1xx_hal_tim_ex.o
    0x080024a0   0x080024a0   0x0000005a   Code   RO         2940    i.HAL_TIM_Base_Init  stm32f1xx_hal_tim.o
    0x080024fa   0x080024fa   0x00000002   PAD
    0x080024fc   0x080024fc   0x0000003c   Code   RO         1230    i.HAL_TIM_Base_MspInit  tim.o
    0x08002538   0x08002538   0x00000050   Code   RO         2943    i.HAL_TIM_Base_Start  stm32f1xx_hal_tim.o
    0x08002588   0x08002588   0x00000026   Code   RO         2946    i.HAL_TIM_Base_Stop  stm32f1xx_hal_tim.o
    0x080025ae   0x080025ae   0x000000dc   Code   RO         2949    i.HAL_TIM_ConfigClockSource  stm32f1xx_hal_tim.o
    0x0800268a   0x0800268a   0x000000a4   Code   RO         2961    i.HAL_TIM_Encoder_Init  stm32f1xx_hal_tim.o
    0x0800272e   0x0800272e   0x00000002   PAD
    0x08002730   0x08002730   0x0000008c   Code   RO         1232    i.HAL_TIM_Encoder_MspInit  tim.o
    0x080027bc   0x080027bc   0x0000008e   Code   RO         2964    i.HAL_TIM_Encoder_Start  stm32f1xx_hal_tim.o
    0x0800284a   0x0800284a   0x00000002   Code   RO         2974    i.HAL_TIM_IC_CaptureCallback  stm32f1xx_hal_tim.o
    0x0800284c   0x0800284c   0x00000130   Code   RO         2988    i.HAL_TIM_IRQHandler  stm32f1xx_hal_tim.o
    0x0800297c   0x0800297c   0x0000004c   Code   RO         1233    i.HAL_TIM_MspPostInit  tim.o
    0x080029c8   0x080029c8   0x00000002   Code   RO         2991    i.HAL_TIM_OC_DelayElapsedCallback  stm32f1xx_hal_tim.o
    0x080029ca   0x080029ca   0x000000cc   Code   RO         3012    i.HAL_TIM_PWM_ConfigChannel  stm32f1xx_hal_tim.o
    0x08002a96   0x08002a96   0x0000005a   Code   RO         3015    i.HAL_TIM_PWM_Init  stm32f1xx_hal_tim.o
    0x08002af0   0x08002af0   0x00000028   Code   RO         1235    i.HAL_TIM_PWM_MspInit  tim.o
    0x08002b18   0x08002b18   0x00000002   Code   RO         3018    i.HAL_TIM_PWM_PulseFinishedCallback  stm32f1xx_hal_tim.o
    0x08002b1a   0x08002b1a   0x00000002   PAD
    0x08002b1c   0x08002b1c   0x0000009c   Code   RO         3020    i.HAL_TIM_PWM_Start  stm32f1xx_hal_tim.o
    0x08002bb8   0x08002bb8   0x00000002   Code   RO         3026    i.HAL_TIM_PeriodElapsedCallback  stm32f1xx_hal_tim.o
    0x08002bba   0x08002bba   0x00000002   Code   RO         3031    i.HAL_TIM_TriggerCallback  stm32f1xx_hal_tim.o
    0x08002bbc   0x08002bbc   0x00000002   Code   RO         3923    i.HAL_UARTEx_RxEventCallback  stm32f1xx_hal_uart.o
    0x08002bbe   0x08002bbe   0x00000002   Code   RO         3937    i.HAL_UART_ErrorCallback  stm32f1xx_hal_uart.o
    0x08002bc0   0x08002bc0   0x0000026c   Code   RO         3940    i.HAL_UART_IRQHandler  stm32f1xx_hal_uart.o
    0x08002e2c   0x08002e2c   0x00000064   Code   RO         3941    i.HAL_UART_Init     stm32f1xx_hal_uart.o
    0x08002e90   0x08002e90   0x00000080   Code   RO         1320    i.HAL_UART_MspInit  usart.o
    0x08002f10   0x08002f10   0x0000001c   Code   RO         3946    i.HAL_UART_Receive_IT  stm32f1xx_hal_uart.o
    0x08002f2c   0x08002f2c   0x00000002   Code   RO         3947    i.HAL_UART_RxCpltCallback  stm32f1xx_hal_uart.o
    0x08002f2e   0x08002f2e   0x00000002   Code   RO         3952    i.HAL_UART_TxCpltCallback  stm32f1xx_hal_uart.o
    0x08002f30   0x08002f30   0x00000002   Code   RO         1365    i.HardFault_Handler  stm32f1xx_it.o
    0x08002f32   0x08002f32   0x0000002e   Code   RO         1578    i.I2C_IsAcknowledgeFailed  stm32f1xx_hal_i2c.o
    0x08002f60   0x08002f60   0x000000a8   Code   RO         1589    i.I2C_RequestMemoryWrite  stm32f1xx_hal_i2c.o
    0x08003008   0x08003008   0x00000056   Code   RO         1593    i.I2C_WaitOnBTFFlagUntilTimeout  stm32f1xx_hal_i2c.o
    0x0800305e   0x0800305e   0x00000002   PAD
    0x08003060   0x08003060   0x00000090   Code   RO         1594    i.I2C_WaitOnFlagUntilTimeout  stm32f1xx_hal_i2c.o
    0x080030f0   0x080030f0   0x000000bc   Code   RO         1595    i.I2C_WaitOnMasterAddressFlagUntilTimeout  stm32f1xx_hal_i2c.o
    0x080031ac   0x080031ac   0x00000056   Code   RO         1597    i.I2C_WaitOnTXEFlagUntilTimeout  stm32f1xx_hal_i2c.o
    0x08003202   0x08003202   0x00000002   PAD
    0x08003204   0x08003204   0x00000040   Code   RO          217    i.IIC_Ack           iic.o
    0x08003244   0x08003244   0x0000000c   Code   RO          219    i.IIC_Delay         iic.o
    0x08003250   0x08003250   0x0000003c   Code   RO          220    i.IIC_GPIO_Init     iic.o
    0x0800328c   0x0800328c   0x00000038   Code   RO          221    i.IIC_NAck          iic.o
    0x080032c4   0x080032c4   0x00000058   Code   RO          222    i.IIC_Read_Byte     iic.o
    0x0800331c   0x0800331c   0x0000005c   Code   RO          223    i.IIC_Send_Byte     iic.o
    0x08003378   0x08003378   0x00000040   Code   RO          224    i.IIC_Start         iic.o
    0x080033b8   0x080033b8   0x00000030   Code   RO          225    i.IIC_Stop          iic.o
    0x080033e8   0x080033e8   0x00000048   Code   RO          226    i.IIC_Wait_Ack      iic.o
    0x08003430   0x08003430   0x0000002a   Code   RO         1001    i.Limit             motor.o
    0x0800345a   0x0800345a   0x00000002   PAD
    0x0800345c   0x0800345c   0x0000007c   Code   RO         1002    i.Load              motor.o
    0x080034d8   0x080034d8   0x00000032   Code   RO          849    i.MPU_Get_Accelerometer  mpu6050.o
    0x0800350a   0x0800350a   0x00000032   Code   RO          850    i.MPU_Get_Gyroscope  mpu6050.o
    0x0800353c   0x0800353c   0x00000076   Code   RO          852    i.MPU_Init          mpu6050.o
    0x080035b2   0x080035b2   0x0000003a   Code   RO          853    i.MPU_Read_Byte     mpu6050.o
    0x080035ec   0x080035ec   0x0000006c   Code   RO          854    i.MPU_Read_Len      mpu6050.o
    0x08003658   0x08003658   0x0000000a   Code   RO          855    i.MPU_Set_Accel_Fsr  mpu6050.o
    0x08003662   0x08003662   0x0000000a   Code   RO          856    i.MPU_Set_Gyro_Fsr  mpu6050.o
    0x0800366c   0x0800366c   0x00000030   Code   RO          857    i.MPU_Set_LPF       mpu6050.o
    0x0800369c   0x0800369c   0x0000002e   Code   RO          858    i.MPU_Set_Rate      mpu6050.o
    0x080036ca   0x080036ca   0x0000003c   Code   RO          859    i.MPU_Write_Byte    mpu6050.o
    0x08003706   0x08003706   0x00000052   Code   RO          860    i.MPU_Write_Len     mpu6050.o
    0x08003758   0x08003758   0x000000fc   Code   RO         1163    i.MX_GPIO_Init      gpio.o
    0x08003854   0x08003854   0x00000040   Code   RO         1189    i.MX_I2C1_Init      i2c.o
    0x08003894   0x08003894   0x000000b4   Code   RO         1236    i.MX_TIM1_Init      tim.o
    0x08003948   0x08003948   0x00000068   Code   RO         1237    i.MX_TIM2_Init      tim.o
    0x080039b0   0x080039b0   0x00000068   Code   RO         1238    i.MX_TIM3_Init      tim.o
    0x08003a18   0x08003a18   0x0000006c   Code   RO         1239    i.MX_TIM4_Init      tim.o
    0x08003a84   0x08003a84   0x00000038   Code   RO         1321    i.MX_USART3_UART_Init  usart.o
    0x08003abc   0x08003abc   0x00000002   Code   RO         1366    i.MemManage_Handler  stm32f1xx_it.o
    0x08003abe   0x08003abe   0x00000002   Code   RO         1367    i.NMI_Handler       stm32f1xx_it.o
    0x08003ac0   0x08003ac0   0x00000034   Code   RO           13    i.OLED_Clear        oled.o
    0x08003af4   0x08003af4   0x00000010   Code   RO           16    i.OLED_Init         oled.o
    0x08003b04   0x08003b04   0x00000022   Code   RO           18    i.OLED_Set_Pos      oled.o
    0x08003b26   0x08003b26   0x00000002   PAD
    0x08003b28   0x08003b28   0x00000088   Code   RO           20    i.OLED_ShowChar     oled.o
    0x08003bb0   0x08003bb0   0x00000036   Code   RO           22    i.OLED_ShowString   oled.o
    0x08003be6   0x08003be6   0x00000002   PAD
    0x08003be8   0x08003be8   0x00000024   Code   RO           23    i.OLED_WR_CMD       oled.o
    0x08003c0c   0x08003c0c   0x00000024   Code   RO           24    i.OLED_WR_DATA      oled.o
    0x08003c30   0x08003c30   0x00000002   Code   RO         1368    i.PendSV_Handler    stm32f1xx_it.o
    0x08003c32   0x08003c32   0x00000018   Code   RO          940    i.RCCdelay_us       sr04.o
    0x08003c4a   0x08003c4a   0x0000000c   Code   RO         1038    i.Read_Speed        encoder.o
    0x08003c56   0x08003c56   0x00000002   Code   RO         1369    i.SVC_Handler       stm32f1xx_it.o
    0x08003c58   0x08003c58   0x00000004   Code   RO         1370    i.SysTick_Handler   stm32f1xx_it.o
    0x08003c5c   0x08003c5c   0x0000005e   Code   RO         1109    i.SystemClock_Config  main.o
    0x08003cba   0x08003cba   0x00000002   Code   RO         4275    i.SystemInit        system_stm32f1xx.o
    0x08003cbc   0x08003cbc   0x0000000c   Code   RO         1371    i.TIM3_IRQHandler   stm32f1xx_it.o
    0x08003cc8   0x08003cc8   0x00000078   Code   RO         3033    i.TIM_Base_SetConfig  stm32f1xx_hal_tim.o
    0x08003d40   0x08003d40   0x0000001a   Code   RO         3034    i.TIM_CCxChannelCmd  stm32f1xx_hal_tim.o
    0x08003d5a   0x08003d5a   0x00000014   Code   RO         3044    i.TIM_ETR_SetConfig  stm32f1xx_hal_tim.o
    0x08003d6e   0x08003d6e   0x00000010   Code   RO         3045    i.TIM_ITRx_SetConfig  stm32f1xx_hal_tim.o
    0x08003d7e   0x08003d7e   0x00000002   PAD
    0x08003d80   0x08003d80   0x00000050   Code   RO         3046    i.TIM_OC1_SetConfig  stm32f1xx_hal_tim.o
    0x08003dd0   0x08003dd0   0x00000058   Code   RO         3047    i.TIM_OC2_SetConfig  stm32f1xx_hal_tim.o
    0x08003e28   0x08003e28   0x00000058   Code   RO         3048    i.TIM_OC3_SetConfig  stm32f1xx_hal_tim.o
    0x08003e80   0x08003e80   0x00000044   Code   RO         3049    i.TIM_OC4_SetConfig  stm32f1xx_hal_tim.o
    0x08003ec4   0x08003ec4   0x00000022   Code   RO         3051    i.TIM_TI1_ConfigInputStage  stm32f1xx_hal_tim.o
    0x08003ee6   0x08003ee6   0x00000024   Code   RO         3053    i.TIM_TI2_ConfigInputStage  stm32f1xx_hal_tim.o
    0x08003f0a   0x08003f0a   0x00000002   PAD
    0x08003f0c   0x08003f0c   0x0000002c   Code   RO         1063    i.Turn              pid.o
    0x08003f38   0x08003f38   0x00000010   Code   RO         3954    i.UART_DMAAbortOnError  stm32f1xx_hal_uart.o
    0x08003f48   0x08003f48   0x0000004e   Code   RO         3964    i.UART_EndRxTransfer  stm32f1xx_hal_uart.o
    0x08003f96   0x08003f96   0x000000c2   Code   RO         3966    i.UART_Receive_IT   stm32f1xx_hal_uart.o
    0x08004058   0x08004058   0x000000b8   Code   RO         3967    i.UART_SetConfig    stm32f1xx_hal_uart.o
    0x08004110   0x08004110   0x00000036   Code   RO         3969    i.UART_Start_Receive_IT  stm32f1xx_hal_uart.o
    0x08004146   0x08004146   0x00000002   PAD
    0x08004148   0x08004148   0x0000006c   Code   RO         1372    i.USART3_IRQHandler  stm32f1xx_it.o
    0x080041b4   0x080041b4   0x00000002   Code   RO         1373    i.UsageFault_Handler  stm32f1xx_it.o
    0x080041b6   0x080041b6   0x00000002   PAD
    0x080041b8   0x080041b8   0x000000a4   Code   RO         1064    i.Velocity          pid.o
    0x0800425c   0x0800425c   0x00000034   Code   RO         1065    i.Vertical          pid.o
    0x08004290   0x08004290   0x00000034   Code   RO           25    i.WriteCmd          oled.o
    0x080042c4   0x080042c4   0x00000028   Code   RO         4479    i.__ARM_fpclassify  m_ws.l(fpclassify.o)
    0x080042ec   0x080042ec   0x00000020   Code   RO         2451    i.__NVIC_SetPriority  stm32f1xx_hal_cortex.o
    0x0800430c   0x0800430c   0x000000aa   Code   RO         4481    i.__kernel_poly     m_ws.l(poly.o)
    0x080043b6   0x080043b6   0x00000006   Code   RO         4466    i.__mathlib_dbl_infnan  m_ws.l(dunder.o)
    0x080043bc   0x080043bc   0x00000004   Code   RO         4467    i.__mathlib_dbl_infnan2  m_ws.l(dunder.o)
    0x080043c0   0x080043c0   0x0000000c   Code   RO         4468    i.__mathlib_dbl_invalid  m_ws.l(dunder.o)
    0x080043cc   0x080043cc   0x00000010   Code   RO         4471    i.__mathlib_dbl_underflow  m_ws.l(dunder.o)
    0x080043dc   0x080043dc   0x0000000e   Code   RO         4333    i._is_digit         c_w.l(__printf_wp.o)
    0x080043ea   0x080043ea   0x00000002   PAD
    0x080043ec   0x080043ec   0x00000080   Code   RO          300    i.accel_self_test   inv_mpu.o
    0x0800446c   0x0800446c   0x00000270   Code   RO         4409    i.asin              m_ws.l(asin.o)
    0x080046dc   0x080046dc   0x00000220   Code   RO         4456    i.atan              m_ws.l(atan.o)
    0x080048fc   0x080048fc   0x00000180   Code   RO         4419    i.atan2             m_ws.l(atan2.o)
    0x08004a7c   0x08004a7c   0x0000003a   Code   RO          660    i.dmp_enable_6x_lp_quat  inv_mpu_dmp_motion_driver.o
    0x08004ab6   0x08004ab6   0x00000002   PAD
    0x08004ab8   0x08004ab8   0x000001d8   Code   RO          661    i.dmp_enable_feature  inv_mpu_dmp_motion_driver.o
    0x08004c90   0x08004c90   0x0000003c   Code   RO          662    i.dmp_enable_gyro_cal  inv_mpu_dmp_motion_driver.o
    0x08004ccc   0x08004ccc   0x0000003a   Code   RO          663    i.dmp_enable_lp_quat  inv_mpu_dmp_motion_driver.o
    0x08004d06   0x08004d06   0x00000002   PAD
    0x08004d08   0x08004d08   0x00000014   Code   RO          668    i.dmp_load_motion_driver_firmware  inv_mpu_dmp_motion_driver.o
    0x08004d1c   0x08004d1c   0x00000144   Code   RO          669    i.dmp_read_fifo     inv_mpu_dmp_motion_driver.o
    0x08004e60   0x08004e60   0x000000d8   Code   RO          672    i.dmp_set_accel_bias  inv_mpu_dmp_motion_driver.o
    0x08004f38   0x08004f38   0x00000064   Code   RO          673    i.dmp_set_fifo_rate  inv_mpu_dmp_motion_driver.o
    0x08004f9c   0x08004f9c   0x000000cc   Code   RO          674    i.dmp_set_gyro_bias  inv_mpu_dmp_motion_driver.o
    0x08005068   0x08005068   0x0000010c   Code   RO          676    i.dmp_set_orientation  inv_mpu_dmp_motion_driver.o
    0x08005174   0x08005174   0x00000030   Code   RO          679    i.dmp_set_shake_reject_thresh  inv_mpu_dmp_motion_driver.o
    0x080051a4   0x080051a4   0x00000020   Code   RO          680    i.dmp_set_shake_reject_time  inv_mpu_dmp_motion_driver.o
    0x080051c4   0x080051c4   0x00000020   Code   RO          681    i.dmp_set_shake_reject_timeout  inv_mpu_dmp_motion_driver.o
    0x080051e4   0x080051e4   0x00000040   Code   RO          682    i.dmp_set_tap_axes  inv_mpu_dmp_motion_driver.o
    0x08005224   0x08005224   0x00000022   Code   RO          683    i.dmp_set_tap_count  inv_mpu_dmp_motion_driver.o
    0x08005246   0x08005246   0x00000002   PAD
    0x08005248   0x08005248   0x00000128   Code   RO          684    i.dmp_set_tap_thresh  inv_mpu_dmp_motion_driver.o
    0x08005370   0x08005370   0x00000020   Code   RO          685    i.dmp_set_tap_time  inv_mpu_dmp_motion_driver.o
    0x08005390   0x08005390   0x00000020   Code   RO          686    i.dmp_set_tap_time_multi  inv_mpu_dmp_motion_driver.o
    0x080053b0   0x080053b0   0x000000ac   Code   RO          301    i.get_accel_prod_shift  inv_mpu.o
    0x0800545c   0x0800545c   0x00000314   Code   RO          302    i.get_st_biases     inv_mpu.o
    0x08005770   0x08005770   0x000000d4   Code   RO          303    i.gyro_self_test    inv_mpu.o
    0x08005844   0x08005844   0x00000022   Code   RO          304    i.inv_orientation_matrix_to_scalar  inv_mpu.o
    0x08005866   0x08005866   0x00000048   Code   RO          305    i.inv_row_2_scale   inv_mpu.o
    0x080058ae   0x080058ae   0x00000002   PAD
    0x080058b0   0x080058b0   0x00000174   Code   RO         1110    i.main              main.o
    0x08005a24   0x08005a24   0x00000002   Code   RO          306    i.mget_ms           inv_mpu.o
    0x08005a26   0x08005a26   0x00000002   PAD
    0x08005a28   0x08005a28   0x00000054   Code   RO          307    i.mpu_configure_fifo  inv_mpu.o
    0x08005a7c   0x08005a7c   0x0000019c   Code   RO          308    i.mpu_dmp_get_data  inv_mpu.o
    0x08005c18   0x08005c18   0x0000009c   Code   RO          309    i.mpu_dmp_init      inv_mpu.o
    0x08005cb4   0x08005cb4   0x0000003c   Code   RO          310    i.mpu_get_accel_fsr  inv_mpu.o
    0x08005cf0   0x08005cf0   0x00000044   Code   RO          312    i.mpu_get_accel_sens  inv_mpu.o
    0x08005d34   0x08005d34   0x00000034   Code   RO          318    i.mpu_get_gyro_fsr  inv_mpu.o
    0x08005d68   0x08005d68   0x00000040   Code   RO          320    i.mpu_get_gyro_sens  inv_mpu.o
    0x08005da8   0x08005da8   0x00000038   Code   RO          322    i.mpu_get_lpf       inv_mpu.o
    0x08005de0   0x08005de0   0x0000001c   Code   RO          324    i.mpu_get_sample_rate  inv_mpu.o
    0x08005dfc   0x08005dfc   0x00000124   Code   RO          326    i.mpu_init          inv_mpu.o
    0x08005f20   0x08005f20   0x000000a0   Code   RO          327    i.mpu_load_firmware  inv_mpu.o
    0x08005fc0   0x08005fc0   0x000000b8   Code   RO          328    i.mpu_lp_accel_mode  inv_mpu.o
    0x08006078   0x08006078   0x00000090   Code   RO          331    i.mpu_read_fifo_stream  inv_mpu.o
    0x08006108   0x08006108   0x00000054   Code   RO          332    i.mpu_read_mem      inv_mpu.o
    0x0800615c   0x0800615c   0x00000160   Code   RO          335    i.mpu_reset_fifo    inv_mpu.o
    0x080062bc   0x080062bc   0x000000f0   Code   RO          336    i.mpu_run_self_test  inv_mpu.o
    0x080063ac   0x080063ac   0x00000068   Code   RO          338    i.mpu_set_accel_fsr  inv_mpu.o
    0x08006414   0x08006414   0x000000dc   Code   RO          339    i.mpu_set_bypass    inv_mpu.o
    0x080064f0   0x080064f0   0x00000078   Code   RO          341    i.mpu_set_dmp_state  inv_mpu.o
    0x08006568   0x08006568   0x0000006c   Code   RO          342    i.mpu_set_gyro_fsr  inv_mpu.o
    0x080065d4   0x080065d4   0x00000064   Code   RO          343    i.mpu_set_int_latched  inv_mpu.o
    0x08006638   0x08006638   0x0000006c   Code   RO          345    i.mpu_set_lpf       inv_mpu.o
    0x080066a4   0x080066a4   0x00000080   Code   RO          346    i.mpu_set_sample_rate  inv_mpu.o
    0x08006724   0x08006724   0x000000b8   Code   RO          347    i.mpu_set_sensors   inv_mpu.o
    0x080067dc   0x080067dc   0x00000054   Code   RO          348    i.mpu_write_mem     inv_mpu.o
    0x08006830   0x08006830   0x00000080   Code   RO          349    i.run_self_test     inv_mpu.o
    0x080068b0   0x080068b0   0x00000058   Code   RO          350    i.set_int_enable    inv_mpu.o
    0x08006908   0x08006908   0x0000004c   Code   RO         4485    i.sqrt              m_ws.l(sqrt.o)
    0x08006954   0x08006954   0x0000002c   Code   RO         4553    locale$$code        c_w.l(lc_numeric_c.o)
    0x08006980   0x08006980   0x00000062   Code   RO         4356    x$fpl$d2f           fz_ws.l(d2f.o)
    0x080069e2   0x080069e2   0x00000002   PAD
    0x080069e4   0x080069e4   0x00000150   Code   RO         4358    x$fpl$dadd          fz_ws.l(daddsub_clz.o)
    0x08006b34   0x08006b34   0x00000010   Code   RO         4555    x$fpl$dcheck1       fz_ws.l(dcheck1.o)
    0x08006b44   0x08006b44   0x000002b0   Code   RO         4365    x$fpl$ddiv          fz_ws.l(ddiv.o)
    0x08006df4   0x08006df4   0x00000026   Code   RO         4368    x$fpl$dfltu         fz_ws.l(dflt_clz.o)
    0x08006e1a   0x08006e1a   0x00000002   PAD
    0x08006e1c   0x08006e1c   0x00000154   Code   RO         4374    x$fpl$dmul          fz_ws.l(dmul.o)
    0x08006f70   0x08006f70   0x0000009c   Code   RO         4442    x$fpl$dnaninf       fz_ws.l(dnaninf.o)
    0x0800700c   0x0800700c   0x0000000c   Code   RO         4444    x$fpl$dretinf       fz_ws.l(dretinf.o)
    0x08007018   0x08007018   0x00000016   Code   RO         4359    x$fpl$drsb          fz_ws.l(daddsub_clz.o)
    0x0800702e   0x0800702e   0x00000002   PAD
    0x08007030   0x08007030   0x000001cc   Code   RO         4559    x$fpl$dsqrt         fz_ws.l(dsqrt_noumaal.o)
    0x080071fc   0x080071fc   0x000001d4   Code   RO         4360    x$fpl$dsub          fz_ws.l(daddsub_clz.o)
    0x080073d0   0x080073d0   0x00000056   Code   RO         4376    x$fpl$f2d           fz_ws.l(f2d.o)
    0x08007426   0x08007426   0x00000002   PAD
    0x08007428   0x08007428   0x000000c4   Code   RO         4378    x$fpl$fadd          fz_ws.l(faddsub_clz.o)
    0x080074ec   0x080074ec   0x0000000c   Code   RO         4446    x$fpl$fcheck1       fz_ws.l(fcheck1.o)
    0x080074f8   0x080074f8   0x00000184   Code   RO         4385    x$fpl$fdiv          fz_ws.l(fdiv.o)
    0x0800767c   0x0800767c   0x00000036   Code   RO         4388    x$fpl$ffix          fz_ws.l(ffix.o)
    0x080076b2   0x080076b2   0x00000002   PAD
    0x080076b4   0x080076b4   0x0000003e   Code   RO         4392    x$fpl$ffixu         fz_ws.l(ffixu.o)
    0x080076f2   0x080076f2   0x00000002   PAD
    0x080076f4   0x080076f4   0x00000030   Code   RO         4397    x$fpl$fflt          fz_ws.l(fflt_clz.o)
    0x08007724   0x08007724   0x00000026   Code   RO         4396    x$fpl$ffltu         fz_ws.l(fflt_clz.o)
    0x0800774a   0x0800774a   0x00000002   PAD
    0x0800774c   0x0800774c   0x00000102   Code   RO         4402    x$fpl$fmul          fz_ws.l(fmul.o)
    0x0800784e   0x0800784e   0x0000008c   Code   RO         4448    x$fpl$fnaninf       fz_ws.l(fnaninf.o)
    0x080078da   0x080078da   0x0000000a   Code   RO         4450    x$fpl$fretinf       fz_ws.l(fretinf.o)
    0x080078e4   0x080078e4   0x00000014   Code   RO         4379    x$fpl$frsb          fz_ws.l(faddsub_clz.o)
    0x080078f8   0x080078f8   0x000000ea   Code   RO         4380    x$fpl$fsub          fz_ws.l(faddsub_clz.o)
    0x080079e2   0x080079e2   0x00000004   Code   RO         4404    x$fpl$printf1       fz_ws.l(printf1.o)
    0x080079e6   0x080079e6   0x00000064   Code   RO         4563    x$fpl$retnan        fz_ws.l(retnan.o)
    0x08007a4a   0x08007a4a   0x0000005c   Code   RO         4452    x$fpl$scalbn        fz_ws.l(scalbn.o)
    0x08007aa6   0x08007aa6   0x0000004c   Code   RO         4406    x$fpl$scalbnf       fz_ws.l(scalbnf.o)
    0x08007af2   0x08007af2   0x00000030   Code   RO         4629    x$fpl$trapveneer    fz_ws.l(trapv.o)
    0x08007b22   0x08007b22   0x00000000   Code   RO         4454    x$fpl$usenofp       fz_ws.l(usenofp.o)
    0x08007b22   0x08007b22   0x000009c8   Data   RO           27    .constdata          oled.o
    0x080084ea   0x080084ea   0x0000001b   Data   RO          352    .constdata          inv_mpu.o
    0x08008505   0x08008505   0x00000001   PAD
    0x08008506   0x08008506   0x0000000c   Data   RO          353    .constdata          inv_mpu.o
    0x08008512   0x08008512   0x00000002   PAD
    0x08008514   0x08008514   0x00000028   Data   RO          354    .constdata          inv_mpu.o
    0x0800853c   0x0800853c   0x00000bf6   Data   RO          688    .constdata          inv_mpu_dmp_motion_driver.o
    0x08009132   0x08009132   0x00000012   Data   RO         2149    .constdata          stm32f1xx_hal_rcc.o
    0x08009144   0x08009144   0x00000010   Data   RO         4276    .constdata          system_stm32f1xx.o
    0x08009154   0x08009154   0x00000008   Data   RO         4277    .constdata          system_stm32f1xx.o
    0x0800915c   0x0800915c   0x00000004   PAD
    0x08009160   0x08009160   0x00000050   Data   RO         4410    .constdata          m_ws.l(asin.o)
    0x080091b0   0x080091b0   0x00000098   Data   RO         4457    .constdata          m_ws.l(atan.o)
    0x08009248   0x08009248   0x00000008   Data   RO         4483    .constdata          m_ws.l(qnan.o)
    0x08009250   0x08009250   0x00000094   Data   RO         4528    .constdata          c_w.l(bigflt0.o)
    0x080092e4   0x080092e4   0x00000020   Data   RO         4714    Region$$Table       anon$$obj.o
    0x08009304   0x08009304   0x0000001c   Data   RO         4552    locale$$data        c_w.l(lc_numeric_c.o)


    Execution Region RW_IRAM1 (Exec base: 0x20000000, Load base: 0x08009320, Size: 0x00000920, Max: 0x00005000, ABSOLUTE)

    Exec Addr    Load Addr    Size         Type   Attr      Idx    E Section Name        Object

    0x20000000   0x08009320   0x0000001b   Data   RW           28    .data               oled.o
    0x2000001b   0x0800933b   0x00000001   PAD
    0x2000001c   0x0800933c   0x00000035   Data   RW          355    .data               inv_mpu.o
    0x20000051   0x08009371   0x00000003   PAD
    0x20000054   0x08009374   0x00000008   Data   RW          941    .data               sr04.o
    0x2000005c   0x0800937c   0x00000068   Data   RW         1066    .data               pid.o
    0x200000c4   0x080093e4   0x00000007   Data   RW         1374    .data               stm32f1xx_it.o
    0x200000cb   0x080093eb   0x00000001   PAD
    0x200000cc   0x080093ec   0x0000000c   Data   RW         1986    .data               stm32f1xx_hal.o
    0x200000d8   0x080093f8   0x00000004   Data   RW         4278    .data               system_stm32f1xx.o
    0x200000dc        -       0x00000010   Zero   RW          687    .bss                inv_mpu_dmp_motion_driver.o
    0x200000ec        -       0x00000014   Zero   RW         1111    .bss                main.o
    0x20000100        -       0x00000054   Zero   RW         1190    .bss                i2c.o
    0x20000154        -       0x00000120   Zero   RW         1240    .bss                tim.o
    0x20000274        -       0x00000048   Zero   RW         1322    .bss                usart.o
    0x200002bc        -       0x00000060   Zero   RW         4566    .bss                c_w.l(libspace.o)
    0x2000031c   0x080093fc   0x00000004   PAD
    0x20000320        -       0x00000200   Zero   RW            2    HEAP                startup_stm32f103xb.o
    0x20000520        -       0x00000400   Zero   RW            1    STACK               startup_stm32f103xb.o


==============================================================================

Image component sizes


      Code (inc. data)   RO Data    RW Data    ZI Data      Debug   Object Name

        12          0          0          0          0        729   encoder.o
       252         22          0          0          0        951   gpio.o
       176         30          0          0         84       1553   i2c.o
       556         46          0          0          0       5087   iic.o
      5216        210         79         53          0      28642   inv_mpu.o
      2350        118       3062          0         16      18770   inv_mpu_dmp_motion_driver.o
       470        118          0          0         20       2481   main.o
       166          8          0          0          0       1095   motor.o
       640          0          0          0          0       6865   mpu6050.o
       416         28       2504         27          0     438549   oled.o
       600         58          0        104          0       3523   pid.o
       168         26          0          8          0       2005   sr04.o
        64         26        236          0       1536        780   startup_stm32f103xb.o
       164         28          0         12          0       5685   stm32f1xx_hal.o
       198         14          0          0          0      28779   stm32f1xx_hal_cortex.o
       222          4          0          0          0       1687   stm32f1xx_hal_dma.o
       524         40          0          0          0       3974   stm32f1xx_hal_gpio.o
      1414         32          0          0          0       9147   stm32f1xx_hal_i2c.o
        60          8          0          0          0        822   stm32f1xx_hal_msp.o
      1240         84         18          0          0       4948   stm32f1xx_hal_rcc.o
      2074         58          0          0          0      17892   stm32f1xx_hal_tim.o
       192         12          0          0          0       3053   stm32f1xx_hal_tim_ex.o
      1282         10          0          0          0       9010   stm32f1xx_hal_uart.o
       152         24          0          7          0       6128   stm32f1xx_it.o
         2          0         24          4          0       1035   system_stm32f1xx.o
       812         84          0          0        288       5219   tim.o
       184         20          0          0         72       1574   usart.o

    ----------------------------------------------------------------------
     19646       1108       5962        220       2016     609983   Object Totals
         0          0         32          0          0          0   (incl. Generated)
        40          0          7          5          0          0   (incl. Padding)

    ----------------------------------------------------------------------

      Code (inc. data)   RO Data    RW Data    ZI Data      Debug   Library Member Name

         8          0          0          0          0         68   __main.o
       284          0          0          0          0        156   __printf_wp.o
         0          0          0          0          0          0   __rtentry.o
        12          0          0          0          0          0   __rtentry2.o
         6          0          0          0          0          0   __rtentry4.o
        52          8          0          0          0          0   __scatter.o
        26          0          0          0          0          0   __scatter_copy.o
        28          0          0          0          0          0   __scatter_zi.o
        48          6          0          0          0         96   _printf_char_common.o
         6          0          0          0          0          0   _printf_d.o
       120         16          0          0          0         92   _printf_dec.o
         6          0          0          0          0          0   _printf_f.o
      1054          0          0          0          0        216   _printf_fp_dec.o
       128         16          0          0          0         84   _printf_fp_infnan.o
       178          0          0          0          0         88   _printf_intcommon.o
         0          0          0          0          0          0   _printf_percent.o
         4          0          0          0          0          0   _printf_percent_end.o
        22          0          0          0          0        100   _rserrno.o
        10          0          0          0          0         68   _sputc.o
        16          0          0          0          0         68   aeabi_memset.o
       228          4        148          0          0         96   bigflt0.o
      1936        128          0          0          0        672   btod.o
        18          0          0          0          0         80   exit.o
         6          0          0          0          0        152   heapauxi.o
         0          0          0          0          0          0   indicate_semi.o
        44         10         28          0          0         76   lc_numeric_c.o
         2          0          0          0          0          0   libinit.o
        18          0          0          0          0          0   libinit2.o
         2          0          0          0          0          0   libshutdown.o
         2          0          0          0          0          0   libshutdown2.o
         8          4          0          0         96         68   libspace.o
        72          0          0          0          0         76   llsdiv.o
       138          0          0          0          0         80   lludiv10.o
       238          0          0          0          0        100   lludivv7m.o
        88          0          0          0          0         76   memcmp.o
        40          6          0          0          0         84   noretval__2sprintf.o
         8          4          0          0          0         68   rt_errno_addr_intlibspace.o
         8          4          0          0          0         68   rt_locale_intlibspace.o
        68          0          0          0          0         68   rt_memclr.o
        78          0          0          0          0         80   rt_memclr_w.o
         2          0          0          0          0          0   rtexit.o
        10          0          0          0          0          0   rtexit2.o
       128          0          0          0          0         68   strcmpv7m.o
        12          4          0          0          0         68   sys_exit.o
        74          0          0          0          0         80   sys_stackheap_outer.o
         2          0          0          0          0         68   use_no_semi.o
        98          4          0          0          0         92   d2f.o
       826         16          0          0          0        348   daddsub_clz.o
        16          4          0          0          0         68   dcheck1.o
       688        140          0          0          0        208   ddiv.o
        38          0          0          0          0         68   dflt_clz.o
       340         12          0          0          0        104   dmul.o
       156          4          0          0          0         92   dnaninf.o
        12          0          0          0          0         68   dretinf.o
       460         56          0          0          0        120   dsqrt_noumaal.o
        86          4          0          0          0         84   f2d.o
       450          8          0          0          0        236   faddsub_clz.o
        12          4          0          0          0         68   fcheck1.o
       388         76          0          0          0         96   fdiv.o
        54          4          0          0          0         84   ffix.o
        62          4          0          0          0         84   ffixu.o
        86          0          0          0          0        136   fflt_clz.o
       258          4          0          0          0         84   fmul.o
       140          4          0          0          0         84   fnaninf.o
        10          0          0          0          0         68   fretinf.o
         4          0          0          0          0         68   printf1.o
       100          0          0          0          0         68   retnan.o
        92          0          0          0          0         68   scalbn.o
        76          0          0          0          0         68   scalbnf.o
        48          0          0          0          0         68   trapv.o
         0          0          0          0          0          0   usenofp.o
       624         52         80          0          0        168   asin.o
       544         70        152          0          0        124   atan.o
       384         38          0          0          0        144   atan2.o
        38          6          0          0          0        272   dunder.o
        40          0          0          0          0         68   fpclassify.o
       170          0          0          0          0         96   poly.o
         0          0          8          0          0          0   qnan.o
        76          0          0          0          0         84   sqrt.o

    ----------------------------------------------------------------------
     11640        720        416          0        100       6652   Library Totals
        26          0          0          0          4          0   (incl. Padding)

    ----------------------------------------------------------------------

      Code (inc. data)   RO Data    RW Data    ZI Data      Debug   Library Name

      5238        210        176          0         96       3164   c_w.l
      4500        344          0          0          0       2532   fz_ws.l
      1876        166        240          0          0        956   m_ws.l

    ----------------------------------------------------------------------
     11640        720        416          0        100       6652   Library Totals

    ----------------------------------------------------------------------

==============================================================================


      Code (inc. data)   RO Data    RW Data    ZI Data      Debug   

     31286       1828       6378        220       2116     603215   Grand Totals
     31286       1828       6378        220       2116     603215   ELF Image Totals
     31286       1828       6378        220          0          0   ROM Totals

==============================================================================

    Total RO  Size (Code + RO Data)                37664 (  36.78kB)
    Total RW  Size (RW Data + ZI Data)              2336 (   2.28kB)
    Total ROM Size (Code + RO Data + RW Data)      37884 (  37.00kB)

==============================================================================

